Component: ARM Compiler 5.06 update 7 (build 960) Tool: armlink [4d3601]

==============================================================================

Section Cross References

    startup_stm32f103xb.o(STACK) refers (Special) to heapauxi.o(.text) for __use_two_region_memory
    startup_stm32f103xb.o(HEAP) refers (Special) to heapauxi.o(.text) for __use_two_region_memory
    startup_stm32f103xb.o(RESET) refers (Special) to heapauxi.o(.text) for __use_two_region_memory
    startup_stm32f103xb.o(RESET) refers to startup_stm32f103xb.o(STACK) for __initial_sp
    startup_stm32f103xb.o(RESET) refers to startup_stm32f103xb.o(.text) for Reset_Handler
    startup_stm32f103xb.o(RESET) refers to stm32f1xx_it.o(i.NMI_Handler) for NMI_Handler
    startup_stm32f103xb.o(RESET) refers to stm32f1xx_it.o(i.HardFault_Handler) for HardFault_Handler
    startup_stm32f103xb.o(RESET) refers to stm32f1xx_it.o(i.MemManage_Handler) for MemManage_Handler
    startup_stm32f103xb.o(RESET) refers to stm32f1xx_it.o(i.BusFault_Handler) for BusFault_Handler
    startup_stm32f103xb.o(RESET) refers to stm32f1xx_it.o(i.UsageFault_Handler) for UsageFault_Handler
    startup_stm32f103xb.o(RESET) refers to port.o(.emb_text) for SVC_Handler
    startup_stm32f103xb.o(RESET) refers to stm32f1xx_it.o(i.DebugMon_Handler) for DebugMon_Handler
    startup_stm32f103xb.o(RESET) refers to cmsis_os2.o(i.SysTick_Handler) for SysTick_Handler
    startup_stm32f103xb.o(RESET) refers to stm32f1xx_it.o(i.TIM4_IRQHandler) for TIM4_IRQHandler
    startup_stm32f103xb.o(.text) refers (Special) to heapauxi.o(.text) for __use_two_region_memory
    startup_stm32f103xb.o(.text) refers to system_stm32f1xx.o(i.SystemInit) for SystemInit
    startup_stm32f103xb.o(.text) refers to __main.o(!!!main) for __main
    startup_stm32f103xb.o(.text) refers to startup_stm32f103xb.o(HEAP) for Heap_Mem
    startup_stm32f103xb.o(.text) refers to startup_stm32f103xb.o(STACK) for Stack_Mem
    motor.o(i.Motor_Init) refers to stm32f1xx_hal_tim.o(i.HAL_TIM_PWM_Start) for HAL_TIM_PWM_Start
    motor.o(i.Motor_Init) refers to stm32f1xx_hal_gpio.o(i.HAL_GPIO_WritePin) for HAL_GPIO_WritePin
    motor.o(i.Motor_SetSpeed) refers to stm32f1xx_hal_gpio.o(i.HAL_GPIO_WritePin) for HAL_GPIO_WritePin
    motor.o(i.Motor_SetSpeed) refers to motor.o(i.Motor_Stop) for Motor_Stop
    motor.o(i.Motor_Stop) refers to stm32f1xx_hal_gpio.o(i.HAL_GPIO_WritePin) for HAL_GPIO_WritePin
    main.o(i.HAL_TIM_PeriodElapsedCallback) refers to stm32f1xx_hal.o(i.HAL_IncTick) for HAL_IncTick
    main.o(i.SystemClock_Config) refers to rt_memclr_w.o(.text) for __aeabi_memclr4
    main.o(i.SystemClock_Config) refers to stm32f1xx_hal_rcc.o(i.HAL_RCC_OscConfig) for HAL_RCC_OscConfig
    main.o(i.SystemClock_Config) refers to stm32f1xx_hal_rcc.o(i.HAL_RCC_ClockConfig) for HAL_RCC_ClockConfig
    main.o(i.SystemClock_Config) refers to stm32f1xx_hal_rcc.o(i.HAL_RCC_EnableCSS) for HAL_RCC_EnableCSS
    main.o(i.main) refers to stm32f1xx_hal.o(i.HAL_Init) for HAL_Init
    main.o(i.main) refers to main.o(i.SystemClock_Config) for SystemClock_Config
    main.o(i.main) refers to gpio.o(i.MX_GPIO_Init) for MX_GPIO_Init
    main.o(i.main) refers to tim.o(i.MX_TIM2_Init) for MX_TIM2_Init
    main.o(i.main) refers to tim.o(i.MX_TIM3_Init) for MX_TIM3_Init
    main.o(i.main) refers to usart.o(i.MX_USART1_UART_Init) for MX_USART1_UART_Init
    main.o(i.main) refers to stm32f1xx_hal_tim.o(i.HAL_TIM_Encoder_Start) for HAL_TIM_Encoder_Start
    main.o(i.main) refers to motor.o(i.Motor_Init) for Motor_Init
    main.o(i.main) refers to cmsis_os2.o(i.osKernelInitialize) for osKernelInitialize
    main.o(i.main) refers to freertos.o(i.MX_FREERTOS_Init) for MX_FREERTOS_Init
    main.o(i.main) refers to cmsis_os2.o(i.osKernelStart) for osKernelStart
    main.o(i.main) refers to tim.o(.bss) for htim2
    main.o(i.main) refers to main.o(.bss) for .bss
    gpio.o(i.MX_GPIO_Init) refers to stm32f1xx_hal_gpio.o(i.HAL_GPIO_WritePin) for HAL_GPIO_WritePin
    gpio.o(i.MX_GPIO_Init) refers to stm32f1xx_hal_gpio.o(i.HAL_GPIO_Init) for HAL_GPIO_Init
    freertos.o(i.MX_FREERTOS_Init) refers to cmsis_os2.o(i.osThreadNew) for osThreadNew
    freertos.o(i.MX_FREERTOS_Init) refers to freertos.o(.constdata) for .constdata
    freertos.o(i.MX_FREERTOS_Init) refers to freertos.o(i.Start_LedTask) for Start_LedTask
    freertos.o(i.MX_FREERTOS_Init) refers to freertos.o(.data) for .data
    freertos.o(i.MX_FREERTOS_Init) refers to freertos.o(i.Start_LogTask) for Start_LogTask
    freertos.o(i.MX_FREERTOS_Init) refers to freertos.o(i.Start_MotorTask) for Start_MotorTask
    freertos.o(i.MX_FREERTOS_Init) refers to freertos.o(i.Start_Feedback_test) for Start_Feedback_test
    freertos.o(i.Start_Feedback_test) refers to cmsis_os2.o(i.osThreadFlagsSet) for osThreadFlagsSet
    freertos.o(i.Start_Feedback_test) refers to cmsis_os2.o(i.osDelay) for osDelay
    freertos.o(i.Start_Feedback_test) refers to tim.o(.bss) for htim2
[...]
    i.HAL_RCC_EnableCSS                      0x08000b90   Section        0  stm32f1xx_hal_rcc.o(i.HAL_RCC_EnableCSS)
    i.HAL_RCC_GetClockConfig                 0x08000b9c   Section        0  stm32f1xx_hal_rcc.o(i.HAL_RCC_GetClockConfig)
    i.HAL_RCC_GetPCLK1Freq                   0x08000bdc   Section        0  stm32f1xx_hal_rcc.o(i.HAL_RCC_GetPCLK1Freq)
    i.HAL_RCC_GetPCLK2Freq                   0x08000bfc   Section        0  stm32f1xx_hal_rcc.o(i.HAL_RCC_GetPCLK2Freq)
    i.HAL_RCC_GetSysClockFreq                0x08000c1c   Section        0  stm32f1xx_hal_rcc.o(i.HAL_RCC_GetSysClockFreq)
    i.HAL_RCC_NMI_IRQHandler                 0x08000c68   Section        0  stm32f1xx_hal_rcc.o(i.HAL_RCC_NMI_IRQHandler)
    i.HAL_RCC_OscConfig                      0x08000c80   Section        0  stm32f1xx_hal_rcc.o(i.HAL_RCC_OscConfig)
    i.HAL_TIMEx_BreakCallback                0x08000fa0   Section        0  stm32f1xx_hal_tim_ex.o(i.HAL_TIMEx_BreakCallback)
    i.HAL_TIMEx_CommutCallback               0x08000fa2   Section        0  stm32f1xx_hal_tim_ex.o(i.HAL_TIMEx_CommutCallback)
    i.HAL_TIMEx_MasterConfigSynchronization  0x08000fa4   Section        0  stm32f1xx_hal_tim_ex.o(i.HAL_TIMEx_MasterConfigSynchronization)
    i.HAL_TIM_Base_Init                      0x0800100c   Section        0  stm32f1xx_hal_tim.o(i.HAL_TIM_Base_Init)
    i.HAL_TIM_Base_MspInit                   0x08001066   Section        0  stm32f1xx_hal_tim.o(i.HAL_TIM_Base_MspInit)
    i.HAL_TIM_Base_Start_IT                  0x08001068   Section        0  stm32f1xx_hal_tim.o(i.HAL_TIM_Base_Start_IT)
    i.HAL_TIM_Encoder_Init                   0x080010c0   Section        0  stm32f1xx_hal_tim.o(i.HAL_TIM_Encoder_Init)
    i.HAL_TIM_Encoder_MspInit                0x08001164   Section        0  tim.o(i.HAL_TIM_Encoder_MspInit)
    i.HAL_TIM_Encoder_Start                  0x080011b4   Section        0  stm32f1xx_hal_tim.o(i.HAL_TIM_Encoder_Start)
    i.HAL_TIM_IC_CaptureCallback             0x08001242   Section        0  stm32f1xx_hal_tim.o(i.HAL_TIM_IC_CaptureCallback)
    i.HAL_TIM_IRQHandler                     0x08001244   Section        0  stm32f1xx_hal_tim.o(i.HAL_TIM_IRQHandler)
    i.HAL_TIM_MspPostInit                    0x08001374   Section        0  tim.o(i.HAL_TIM_MspPostInit)
    i.HAL_TIM_OC_DelayElapsedCallback        0x080013c0   Section        0  stm32f1xx_hal_tim.o(i.HAL_TIM_OC_DelayElapsedCallback)
    i.HAL_TIM_PWM_ConfigChannel              0x080013c2   Section        0  stm32f1xx_hal_tim.o(i.HAL_TIM_PWM_ConfigChannel)
    i.HAL_TIM_PWM_Init                       0x0800148e   Section        0  stm32f1xx_hal_tim.o(i.HAL_TIM_PWM_Init)
    i.HAL_TIM_PWM_MspInit                    0x080014e8   Section        0  tim.o(i.HAL_TIM_PWM_MspInit)
    i.HAL_TIM_PWM_PulseFinishedCallback      0x08001510   Section        0  stm32f1xx_hal_tim.o(i.HAL_TIM_PWM_PulseFinishedCallback)
    i.HAL_TIM_PWM_Start                      0x08001514   Section        0  stm32f1xx_hal_tim.o(i.HAL_TIM_PWM_Start)
    i.HAL_TIM_PeriodElapsedCallback          0x080015b0   Section        0  main.o(i.HAL_TIM_PeriodElapsedCallback)
    i.HAL_TIM_TriggerCallback                0x080015c4   Section        0  stm32f1xx_hal_tim.o(i.HAL_TIM_TriggerCallback)
    i.HAL_UART_Init                          0x080015c6   Section        0  stm32f1xx_hal_uart.o(i.HAL_UART_Init)
    i.HAL_UART_MspInit                       0x0800162c   Section        0  usart.o(i.HAL_UART_MspInit)
    i.HAL_UART_Transmit                      0x0800169c   Section        0  stm32f1xx_hal_uart.o(i.HAL_UART_Transmit)
    i.HardFault_Handler                      0x0800173c   Section        0  stm32f1xx_it.o(i.HardFault_Handler)
    i.MX_FREERTOS_Init                       0x08001740   Section        0  freertos.o(i.MX_FREERTOS_Init)
    i.MX_GPIO_Init                           0x08001794   Section        0  gpio.o(i.MX_GPIO_Init)
    i.MX_TIM2_Init                           0x08001840   Section        0  tim.o(i.MX_TIM2_Init)
    i.MX_TIM3_Init                           0x080018ac   Section        0  tim.o(i.MX_TIM3_Init)
    i.MX_USART1_UART_Init                    0x08001920   Section        0  usart.o(i.MX_USART1_UART_Init)
    i.MemManage_Handler                      0x08001958   Section        0  stm32f1xx_it.o(i.MemManage_Handler)
    i.Motor_Init                             0x0800195a   Section        0  motor.o(i.Motor_Init)
    i.Motor_SetSpeed                         0x080019ae   Section        0  motor.o(i.Motor_SetSpeed)
    i.Motor_Stop                             0x08001a60   Section        0  motor.o(i.Motor_Stop)
    i.NMI_Handler                            0x08001ab2   Section        0  stm32f1xx_it.o(i.NMI_Handler)
    i.Start_Feedback_test                    0x08001ab8   Section        0  freertos.o(i.Start_Feedback_test)
    i.Start_LedTask                          0x08001ae8   Section        0  freertos.o(i.Start_LedTask)
    i.Start_LogTask                          0x08001b08   Section        0  freertos.o(i.Start_LogTask)
    i.Start_MotorTask                        0x08001b5c   Section        0  freertos.o(i.Start_MotorTask)
    i.SysTick_Handler                        0x08001ba0   Section        0  cmsis_os2.o(i.SysTick_Handler)
    i.SystemClock_Config                     0x08001bba   Section        0  main.o(i.SystemClock_Config)
    i.SystemInit                             0x08001c1a   Section        0  system_stm32f1xx.o(i.SystemInit)
    i.TIM4_IRQHandler                        0x08001c1c   Section        0  stm32f1xx_it.o(i.TIM4_IRQHandler)
    i.TIM_Base_SetConfig                     0x08001c28   Section        0  stm32f1xx_hal_tim.o(i.TIM_Base_SetConfig)
    i.TIM_CCxChannelCmd                      0x08001ca0   Section        0  stm32f1xx_hal_tim.o(i.TIM_CCxChannelCmd)
    i.TIM_OC1_SetConfig                      0x08001cbc   Section        0  stm32f1xx_hal_tim.o(i.TIM_OC1_SetConfig)
    TIM_OC1_SetConfig                        0x08001cbd   Thumb Code    74  stm32f1xx_hal_tim.o(i.TIM_OC1_SetConfig)
    i.TIM_OC2_SetConfig                      0x08001d0c   Section        0  stm32f1xx_hal_tim.o(i.TIM_OC2_SetConfig)
    i.TIM_OC3_SetConfig                      0x08001d64   Section        0  stm32f1xx_hal_tim.o(i.TIM_OC3_SetConfig)
    TIM_OC3_SetConfig                        0x08001d65   Thumb Code    82  stm32f1xx_hal_tim.o(i.TIM_OC3_SetConfig)
    i.TIM_OC4_SetConfig                      0x08001dbc   Section        0  stm32f1xx_hal_tim.o(i.TIM_OC4_SetConfig)
    TIM_OC4_SetConfig                        0x08001dbd   Thumb Code    64  stm32f1xx_hal_tim.o(i.TIM_OC4_SetConfig)
    i.UART_EndRxTransfer                     0x08001e00   Section        0  stm32f1xx_hal_uart.o(i.UART_EndRxTransfer)
    UART_EndRxTransfer                       0x08001e01   Thumb Code    78  stm32f1xx_hal_uart.o(i.UART_EndRxTransfer)
    i.UART_SetConfig                         0x08001e50   Section        0  stm32f1xx_hal_uart.o(i.UART_SetConfig)
    UART_SetConfig                           0x08001e51   Thumb Code   178  stm32f1xx_hal_uart.o(i.UART_SetConfig)
    i.UART_WaitOnFlagUntilTimeout            0x08001f08   Section        0  stm32f1xx_hal_uart.o(i.UART_WaitOnFlagUntilTimeout)
    UART_WaitOnFlagUntilTimeout              0x08001f09   Thumb Code   114  stm32f1xx_hal_uart.o(i.UART_WaitOnFlagUntilTimeout)
    i.UsageFault_Handler                     0x08001f7a   Section        0  stm32f1xx_it.o(i.UsageFault_Handler)
    i.__NVIC_SetPriority                     0x08001f7c   Section        0  stm32f1xx_hal_cortex.o(i.__NVIC_SetPriority)
    __NVIC_SetPriority                       0x08001f7d   Thumb Code    32  stm32f1xx_hal_cortex.o(i.__NVIC_SetPriority)
    i.main                                   0x08001f9c   Section        0  main.o(i.main)
    i.osDelay                                0x08002008   Section        0  cmsis_os2.o(i.osDelay)
    i.osKernelInitialize                     0x08002024   Section        0  cmsis_os2.o(i.osKernelInitialize)
    i.osKernelStart                          0x08002048   Section        0  cmsis_os2.o(i.osKernelStart)
    i.osThreadFlagsSet                       0x08002080   Section        0  cmsis_os2.o(i.osThreadFlagsSet)
    i.osThreadFlagsWait                      0x080020f4   Section        0  cmsis_os2.o(i.osThreadFlagsWait)
    i.osThreadNew                            0x0800218c   Section        0  cmsis_os2.o(i.osThreadNew)
    i.prvAddCurrentTaskToDelayedList         0x08002218   Section        0  tasks.o(i.prvAddCurrentTaskToDelayedList)
    prvAddCurrentTaskToDelayedList           0x08002219   Thumb Code    84  tasks.o(i.prvAddCurrentTaskToDelayedList)
    i.prvAddNewTaskToReadyList               0x08002274   Section        0  tasks.o(i.prvAddNewTaskToReadyList)
    prvAddNewTaskToReadyList                 0x08002275   Thumb Code   190  tasks.o(i.prvAddNewTaskToReadyList)
    i.prvCheckForValidListAndQueue           0x08002344   Section        0  timers.o(i.prvCheckForValidListAndQueue)
    prvCheckForValidListAndQueue             0x08002345   Thumb Code    72  timers.o(i.prvCheckForValidListAndQueue)
    i.prvCopyDataFromQueue                   0x0800239c   Section        0  queue.o(i.prvCopyDataFromQueue)
    prvCopyDataFromQueue                     0x0800239d   Thumb Code    38  queue.o(i.prvCopyDataFromQueue)
    i.prvCopyDataToQueue                     0x080023c2   Section        0  queue.o(i.prvCopyDataToQueue)
    prvCopyDataToQueue                       0x080023c3   Thumb Code   108  queue.o(i.prvCopyDataToQueue)
    i.prvDeleteTCB                           0x0800242e   Section        0  tasks.o(i.prvDeleteTCB)
    prvDeleteTCB                             0x0800242f   Thumb Code    52  tasks.o(i.prvDeleteTCB)
    i.prvHeapInit                            0x08002464   Section        0  heap_4.o(i.prvHeapInit)
    prvHeapInit                              0x08002465   Thumb Code    66  heap_4.o(i.prvHeapInit)
    i.prvIdleTask                            0x080024b0   Section        0  tasks.o(i.prvIdleTask)
    prvIdleTask                              0x080024b1   Thumb Code    82  tasks.o(i.prvIdleTask)
    i.prvInitialiseNewQueue                  0x08002510   Section        0  queue.o(i.prvInitialiseNewQueue)
    prvInitialiseNewQueue                    0x08002511   Thumb Code    34  queue.o(i.prvInitialiseNewQueue)
    i.prvInitialiseNewTask                   0x08002534   Section        0  tasks.o(i.prvInitialiseNewTask)
    prvInitialiseNewTask                     0x08002535   Thumb Code   176  tasks.o(i.prvInitialiseNewTask)
    i.prvInsertBlockIntoFreeList             0x080025e4   Section        0  heap_4.o(i.prvInsertBlockIntoFreeList)
    prvInsertBlockIntoFreeList               0x080025e5   Thumb Code    72  heap_4.o(i.prvInsertBlockIntoFreeList)
    i.prvInsertTimerInActiveList             0x08002630   Section        0  timers.o(i.prvInsertTimerInActiveList)
    prvInsertTimerInActiveList               0x08002631   Thumb Code    52  timers.o(i.prvInsertTimerInActiveList)
    i.prvIsQueueEmpty                        0x08002668   Section        0  queue.o(i.prvIsQueueEmpty)
    prvIsQueueEmpty                          0x08002669   Thumb Code    28  queue.o(i.prvIsQueueEmpty)
    i.prvProcessReceivedCommands             0x08002684   Section        0  timers.o(i.prvProcessReceivedCommands)
    prvProcessReceivedCommands               0x08002685   Thumb Code   248  timers.o(i.prvProcessReceivedCommands)
    i.prvProcessTimerOrBlockTask             0x08002780   Section        0  timers.o(i.prvProcessTimerOrBlockTask)
    prvProcessTimerOrBlockTask               0x08002781   Thumb Code   182  timers.o(i.prvProcessTimerOrBlockTask)
    i.prvResetNextTaskUnblockTime            0x08002840   Section        0  tasks.o(i.prvResetNextTaskUnblockTime)
    prvResetNextTaskUnblockTime              0x08002841   Thumb Code    26  tasks.o(i.prvResetNextTaskUnblockTime)
    i.prvSampleTimeNow                       0x08002860   Section        0  timers.o(i.prvSampleTimeNow)
    prvSampleTimeNow                         0x08002861   Thumb Code    36  timers.o(i.prvSampleTimeNow)
    i.prvSwitchTimerLists                    0x08002888   Section        0  timers.o(i.prvSwitchTimerLists)
    prvSwitchTimerLists                      0x08002889   Thumb Code   104  timers.o(i.prvSwitchTimerLists)
    i.prvTaskExitError                       0x080028f4   Section        0  port.o(i.prvTaskExitError)
    prvTaskExitError                         0x080028f5   Thumb Code    36  port.o(i.prvTaskExitError)
    i.prvTimerTask                           0x0800291c   Section        0  timers.o(i.prvTimerTask)
    prvTimerTask                             0x0800291d   Thumb Code    32  timers.o(i.prvTimerTask)
    i.prvUnlockQueue                         0x08002940   Section        0  queue.o(i.prvUnlockQueue)
    prvUnlockQueue                           0x08002941   Thumb Code   106  queue.o(i.prvUnlockQueue)
    i.pvPortMalloc                           0x080029ac   Section        0  heap_4.o(i.pvPortMalloc)
    i.pxPortInitialiseStack                  0x08002a88   Section        0  port.o(i.pxPortInitialiseStack)
    i.uxListRemove                           0x08002aac   Section        0  list.o(i.uxListRemove)
    i.vApplicationGetIdleTaskMemory          0x08002ad4   Section        0  cmsis_os2.o(i.vApplicationGetIdleTaskMemory)
    i.vApplicationGetTimerTaskMemory         0x08002ae8   Section        0  cmsis_os2.o(i.vApplicationGetTimerTaskMemory)
    i.vListInitialise                        0x08002b00   Section        0  list.o(i.vListInitialise)
    i.vListInitialiseItem                    0x08002b16   Section        0  list.o(i.vListInitialiseItem)
    i.vListInsert                            0x08002b1c   Section        0  list.o(i.vListInsert)
    i.vListInsertEnd                         0x08002b4c   Section        0  list.o(i.vListInsertEnd)
    i.vPortEnterCritical                     0x08002b64   Section        0  port.o(i.vPortEnterCritical)
    i.vPortExitCritical                      0x08002ba4   Section        0  port.o(i.vPortExitCritical)
    i.vPortFree                              0x08002bcc   Section        0  heap_4.o(i.vPortFree)
    i.vPortSetupTimerInterrupt               0x08002c30   Section        0  port.o(i.vPortSetupTimerInterrupt)
    i.vPortValidateInterruptPriority         0x08002c54   Section        0  port.o(i.vPortValidateInterruptPriority)
    i.vQueueAddToRegistry                    0x08002ca8   Section        0  queue.o(i.vQueueAddToRegistry)
    i.vQueueWaitForMessageRestricted         0x08002cd0   Section        0  queue.o(i.vQueueWaitForMessageRestricted)
    i.vTaskDelay                             0x08002d14   Section        0  tasks.o(i.vTaskDelay)
    i.vTaskInternalSetTimeOutState           0x08002d60   Section        0  tasks.o(i.vTaskInternalSetTimeOutState)
    i.vTaskMissedYield                       0x08002d70   Section        0  tasks.o(i.vTaskMissedYield)
    i.vTaskPlaceOnEventList                  0x08002d7c   Section        0  tasks.o(i.vTaskPlaceOnEventList)
    i.vTaskPlaceOnEventListRestricted        0x08002dac   Section        0  tasks.o(i.vTaskPlaceOnEventListRestricted)
    i.vTaskStartScheduler                    0x08002de4   Section        0  tasks.o(i.vTaskStartScheduler)
    i.vTaskSuspendAll                        0x08002e6c   Section        0  tasks.o(i.vTaskSuspendAll)
    i.vTaskSwitchContext                     0x08002e7c   Section        0  tasks.o(i.vTaskSwitchContext)
    i.xPortStartScheduler                    0x08002ee0   Section        0  port.o(i.xPortStartScheduler)
    i.xPortSysTickHandler                    0x08002f88   Section        0  port.o(i.xPortSysTickHandler)
    i.xQueueGenericCreateStatic              0x08002fb4   Section        0  queue.o(i.xQueueGenericCreateStatic)
    i.xQueueGenericReset                     0x0800301c   Section        0  queue.o(i.xQueueGenericReset)
    i.xQueueGenericSend                      0x080030a4   Section        0  queue.o(i.xQueueGenericSend)
    i.xQueueGenericSendFromISR               0x08003204   Section        0  queue.o(i.xQueueGenericSendFromISR)
    i.xQueueReceive                          0x080032c4   Section        0  queue.o(i.xQueueReceive)
    i.xTaskCheckForTimeOut                   0x080033fc   Section        0  tasks.o(i.xTaskCheckForTimeOut)
    i.xTaskCreate                            0x08003470   Section        0  tasks.o(i.xTaskCreate)
    i.xTaskCreateStatic                      0x080034ca   Section        0  tasks.o(i.xTaskCreateStatic)
    i.xTaskGenericNotify                     0x08003520   Section        0  tasks.o(i.xTaskGenericNotify)
    i.xTaskGenericNotifyFromISR              0x08003600   Section        0  tasks.o(i.xTaskGenericNotifyFromISR)
    i.xTaskGetSchedulerState                 0x08003704   Section        0  tasks.o(i.xTaskGetSchedulerState)
    i.xTaskGetTickCount                      0x08003720   Section        0  tasks.o(i.xTaskGetTickCount)
    i.xTaskIncrementTick                     0x0800372c   Section        0  tasks.o(i.xTaskIncrementTick)
    i.xTaskNotifyWait                        0x080037f4   Section        0  tasks.o(i.xTaskNotifyWait)
    i.xTaskPriorityDisinherit                0x08003880   Section        0  tasks.o(i.xTaskPriorityDisinherit)
    i.xTaskRemoveFromEventList               0x08003900   Section        0  tasks.o(i.xTaskRemoveFromEventList)
    i.xTaskResumeAll                         0x08003970   Section        0  tasks.o(i.xTaskResumeAll)
    i.xTimerCreateTimerTask                  0x08003a34   Section        0  timers.o(i.xTimerCreateTimerTask)
    i.xTimerGenericCommand                   0x08003a94   Section        0  timers.o(i.xTimerGenericCommand)
    .constdata                               0x08003afc   Section      144  freertos.o(.constdata)
    .constdata                               0x08003b8c   Section       18  stm32f1xx_hal_rcc.o(.constdata)
    aPredivFactorTable                       0x08003b8c   Data           2  stm32f1xx_hal_rcc.o(.constdata)
    aPLLMULFactorTable                       0x08003b8e   Data          16  stm32f1xx_hal_rcc.o(.constdata)
    .constdata                               0x08003b9e   Section       16  system_stm32f1xx.o(.constdata)
    .constdata                               0x08003bae   Section        8  system_stm32f1xx.o(.constdata)
    .conststring                             0x08003bb8   Section       42  freertos.o(.conststring)
    .data                                    0x20000000   Section        2  main.o(.data)
    .data                                    0x20000004   Section       20  freertos.o(.data)
    last_cnt                                 0x20000004   Data           2  freertos.o(.data)
    .data                                    0x20000018   Section       12  stm32f1xx_hal.o(.data)
    .data                                    0x20000024   Section        4  system_stm32f1xx.o(.data)
    .data                                    0x20000028   Section       60  tasks.o(.data)
    uxDeletedTasksWaitingCleanUp             0x2000002c   Data           4  tasks.o(.data)
    uxCurrentNumberOfTasks                   0x20000030   Data           4  tasks.o(.data)
    xTickCount                               0x20000034   Data           4  tasks.o(.data)
    uxTopReadyPriority                       0x20000038   Data           4  tasks.o(.data)
    xSchedulerRunning                        0x2000003c   Data           4  tasks.o(.data)
    xPendedTicks                             0x20000040   Data           4  tasks.o(.data)
    xYieldPending                            0x20000044   Data           4  tasks.o(.data)
    xNumOfOverflows                          0x20000048   Data           4  tasks.o(.data)
    uxTaskNumber                             0x2000004c   Data           4  tasks.o(.data)
    xNextTaskUnblockTime                     0x20000050   Data           4  tasks.o(.data)
    xIdleTaskHandle                          0x20000054   Data           4  tasks.o(.data)
    uxSchedulerSuspended                     0x20000058   Data           4  tasks.o(.data)
    pxDelayedTaskList                        0x2000005c   Data           4  tasks.o(.data)
    pxOverflowDelayedTaskList                0x20000060   Data           4  tasks.o(.data)
    .data                                    0x20000064   Section       20  timers.o(.data)
    xTimerQueue                              0x20000064   Data           4  timers.o(.data)
    xTimerTaskHandle                         0x20000068   Data           4  timers.o(.data)
    xLastTime                                0x2000006c   Data           4  timers.o(.data)
    pxCurrentTimerList                       0x20000070   Data           4  timers.o(.data)
    pxOverflowTimerList                      0x20000074   Data           4  timers.o(.data)
    .data                                    0x20000078   Section        4  cmsis_os2.o(.data)
    KernelState                              0x20000078   Data           4  cmsis_os2.o(.data)
    .data                                    0x2000007c   Section       32  heap_4.o(.data)
    pxEnd                                    0x2000007c   Data           4  heap_4.o(.data)
    xFreeBytesRemaining                      0x20000080   Data           4  heap_4.o(.data)
    xMinimumEverFreeBytesRemaining           0x20000084   Data           4  heap_4.o(.data)
    xNumberOfSuccessfulAllocations           0x20000088   Data           4  heap_4.o(.data)
    xNumberOfSuccessfulFrees                 0x2000008c   Data           4  heap_4.o(.data)
    xBlockAllocatedBit                       0x20000090   Data           4  heap_4.o(.data)
    xStart                                   0x20000094   Data           8  heap_4.o(.data)
    .data                                    0x2000009c   Section       12  port.o(.data)
    ucMaxSysCallPriority                     0x2000009c   Data           1  port.o(.data)
    uxCriticalNesting                        0x200000a0   Data           4  port.o(.data)
    ulMaxPRIGROUPValue                       0x200000a4   Data           4  port.o(.data)
    .bss                                     0x200000a8   Section       40  main.o(.bss)
    .bss                                     0x200000d0   Section       50  freertos.o(.bss)
    .bss                                     0x20000104   Section      144  tim.o(.bss)
    .bss                                     0x20000194   Section       72  usart.o(.bss)
    .bss                                     0x200001dc   Section       72  stm32f1xx_hal_timebase_tim.o(.bss)
    .bss                                     0x20000224   Section       64  queue.o(.bss)
    .bss                                     0x20000264   Section     1220  tasks.o(.bss)
    pxReadyTasksLists                        0x20000264   Data        1120  tasks.o(.bss)
    xDelayedTaskList1                        0x200006c4   Data          20  tasks.o(.bss)
    xDelayedTaskList2                        0x200006d8   Data          20  tasks.o(.bss)
    xPendingReadyList                        0x200006ec   Data          20  tasks.o(.bss)
    xTasksWaitingTermination                 0x20000700   Data          20  tasks.o(.bss)
    xSuspendedTaskList                       0x20000714   Data          20  tasks.o(.bss)
    .bss                                     0x20000728   Section      280  timers.o(.bss)
    xStaticTimerQueue                        0x20000728   Data          80  timers.o(.bss)
    ucStaticTimerQueueStorage                0x20000778   Data         160  timers.o(.bss)
    xActiveTimerList1                        0x20000818   Data          20  timers.o(.bss)
    xActiveTimerList2                        0x2000082c   Data          20  timers.o(.bss)
    .bss                                     0x20000840   Section     1720  cmsis_os2.o(.bss)
    Idle_TCB                                 0x20000840   Data          92  cmsis_os2.o(.bss)
    Idle_Stack                               0x2000089c   Data         512  cmsis_os2.o(.bss)
    Timer_TCB                                0x20000a9c   Data          92  cmsis_os2.o(.bss)
    Timer_Stack                              0x20000af8   Data        1024  cmsis_os2.o(.bss)
    .bss                                     0x20000ef8   Section     3072  heap_4.o(.bss)
    ucHeap                                   0x20000ef8   Data        3072  heap_4.o(.bss)
    .bss                                     0x20001af8   Section       96  libspace.o(.bss)
    HEAP                                     0x20001b58   Section      512  startup_stm32f103xb.o(HEAP)
    Heap_Mem                                 0x20001b58   Data         512  startup_stm32f103xb.o(HEAP)
    STACK                                    0x20001d58   Section     1024  startup_stm32f103xb.o(STACK)
    Stack_Mem                                0x20001d58   Data        1024  startup_stm32f103xb.o(STACK)
    __initial_sp                             0x20002158   Data           0  startup_stm32f103xb.o(STACK)

    Global Symbols

    Symbol Name                              Value     Ov Type        Size  Object(Section)

    BuildAttributes$$THM_ISAv4$P$D$K$B$S$PE$A:L22UL41UL21$X:L11$S22US41US21$IEEE1$IW$USESV6$~STKCKD$USESV7$~SHL$OSPACE$ROPI$EBA8$UX$STANDARDLIB$REQ8$PRES8$EABIv2 0x00000000   Number         0  anon$$obj.o ABSOLUTE
    __ARM_use_no_argv                        0x00000000   Number         0  main.o ABSOLUTE
    _printf_flags                            0x00000000   Number         0  printf_stubs.o ABSOLUTE
    _printf_return_value                     0x00000000   Number         0  printf_stubs.o ABSOLUTE
    _printf_sizespec                         0x00000000   Number         0  printf_stubs.o ABSOLUTE
    _printf_widthprec                        0x00000000   Number         0  printf_stubs.o ABSOLUTE
    __ARM_exceptions_init                     - Undefined Weak Reference
    __alloca_initialize                       - Undefined Weak Reference
    __arm_fini_                               - Undefined Weak Reference
    __arm_preinit_                            - Undefined Weak Reference
    __cpp_initialize__aeabi_                  - Undefined Weak Reference
    __cxa_finalize                            - Undefined Weak Reference
    __rt_locale                               - Undefined Weak Reference
    __sigvec_lookup                           - Undefined Weak Reference
    _atexit_init                              - Undefined Weak Reference
    _call_atexit_fns                          - Undefined Weak Reference
    _clock_init                               - Undefined Weak Reference
    _fp_trap_init                             - Undefined Weak Reference
    _fp_trap_shutdown                         - Undefined Weak Reference
    _get_lc_collate                           - Undefined Weak Reference
    _get_lc_ctype                             - Undefined Weak Reference
    _get_lc_monetary                          - Undefined Weak Reference
    _get_lc_numeric                           - Undefined Weak Reference
    _get_lc_time                              - Undefined Weak Reference
    _getenv_init                              - Undefined Weak Reference
    _handle_redirection                       - Undefined Weak Reference
    _init_alloc                               - Undefined Weak Reference
    _init_user_alloc                          - Undefined Weak Reference
    _initio                                   - Undefined Weak Reference
    _printf_post_padding                      - Undefined Weak Reference
    _printf_pre_padding                       - Undefined Weak Reference
    _printf_truncate_signed                   - Undefined Weak Reference
    _printf_truncate_unsigned                 - Undefined Weak Reference
    _rand_init                                - Undefined Weak Reference
    _signal_finish                            - Undefined Weak Reference
    _signal_init                              - Undefined Weak Reference
    _terminate_alloc                          - Undefined Weak Reference
    _terminate_user_alloc                     - Undefined Weak Reference
    _terminateio                              - Undefined Weak Reference
    __Vectors_Size                           0x000000ec   Number         0  startup_stm32f103xb.o ABSOLUTE
    __Vectors                                0x08000000   Data           4  startup_stm32f103xb.o(RESET)
    __Vectors_End                            0x080000ec   Data           0  startup_stm32f103xb.o(RESET)
    __main                                   0x080000ed   Thumb Code     8  __main.o(!!!main)
    __scatterload                            0x080000f5   Thumb Code     0  __scatter.o(!!!scatter)
    __scatterload_rt2                        0x080000f5   Thumb Code    44  __scatter.o(!!!scatter)
    __scatterload_rt2_thumb_only             0x080000f5   Thumb Code     0  __scatter.o(!!!scatter)
    __scatterload_null                       0x08000103   Thumb Code     0  __scatter.o(!!!scatter)
    __scatterload_copy                       0x08000129   Thumb Code    26  __scatter_copy.o(!!handler_copy)
    __scatterload_zeroinit                   0x08000145   Thumb Code    28  __scatter_zi.o(!!handler_zi)
    _printf_d                                0x08000161   Thumb Code     0  _printf_d.o(.ARM.Collect$$_printf_percent$$00000009)
    _printf_percent                          0x08000161   Thumb Code     0  _printf_percent.o(.ARM.Collect$$_printf_percent$$00000000)
    _printf_percent_end                      0x08000167   Thumb Code     0  _printf_percent_end.o(.ARM.Collect$$_printf_percent$$00000017)
    __rt_lib_init                            0x0800016b   Thumb Code     0  libinit.o(.ARM.Collect$$libinit$$00000000)
    __rt_lib_init_alloca_1                   0x0800016d   Thumb Code     0  libinit2.o(.ARM.Collect$$libinit$$0000002E)
    __rt_lib_init_argv_1                     0x0800016d   Thumb Code     0  libinit2.o(.ARM.Collect$$libinit$$0000002C)
    __rt_lib_init_atexit_1                   0x0800016d   Thumb Code     0  libinit2.o(.ARM.Collect$$libinit$$0000001B)
    __rt_lib_init_clock_1                    0x0800016d   Thumb Code     0  libinit2.o(.ARM.Collect$$libinit$$00000021)
    __rt_lib_init_cpp_1                      0x0800016d   Thumb Code     0  libinit2.o(.ARM.Collect$$libinit$$00000032)
    __rt_lib_init_exceptions_1               0x0800016d   Thumb Code     0  libinit2.o(.ARM.Collect$$libinit$$00000030)
    __rt_lib_init_fp_1                       0x0800016d   Thumb Code     0  libinit2.o(.ARM.Collect$$libinit$$00000002)
    __rt_lib_init_fp_trap_1                  0x0800016d   Thumb Code     0  libinit2.o(.ARM.Collect$$libinit$$0000001F)
    __rt_lib_init_getenv_1                   0x0800016d   Thumb Code     0  libinit2.o(.ARM.Collect$$libinit$$00000023)
    __rt_lib_init_heap_1                     0x0800016d   Thumb Code     0  libinit2.o(.ARM.Collect$$libinit$$0000000A)
    __rt_lib_init_lc_collate_1               0x0800016d   Thumb Code     0  libinit2.o(.ARM.Collect$$libinit$$00000011)
    __rt_lib_init_lc_ctype_1                 0x0800016d   Thumb Code     0  libinit2.o(.ARM.Collect$$libinit$$00000013)
    __rt_lib_init_lc_monetary_1              0x0800016d   Thumb Code     0  libinit2.o(.ARM.Collect$$libinit$$00000015)
    __rt_lib_init_lc_numeric_1               0x0800016d   Thumb Code     0  libinit2.o(.ARM.Collect$$libinit$$00000017)
    __rt_lib_init_lc_time_1                  0x0800016d   Thumb Code     0  libinit2.o(.ARM.Collect$$libinit$$00000019)
    __rt_lib_init_preinit_1                  0x0800016d   Thumb Code     0  libinit2.o(.ARM.Collect$$libinit$$00000004)
    __rt_lib_init_rand_1                     0x0800016d   Thumb Code     0  libinit2.o(.ARM.Collect$$libinit$$0000000E)
    __rt_lib_init_return                     0x0800016d   Thumb Code     0  libinit2.o(.ARM.Collect$$libinit$$00000033)
    __rt_lib_init_signal_1                   0x0800016d   Thumb Code     0  libinit2.o(.ARM.Collect$$libinit$$0000001D)
    __rt_lib_init_stdio_1                    0x0800016d   Thumb Code     0  libinit2.o(.ARM.Collect$$libinit$$00000025)
    __rt_lib_init_user_alloc_1               0x0800016d   Thumb Code     0  libinit2.o(.ARM.Collect$$libinit$$0000000C)
    __rt_lib_shutdown                        0x0800016f   Thumb Code     0  libshutdown.o(.ARM.Collect$$libshutdown$$00000000)
    __rt_lib_shutdown_cpp_1                  0x08000171   Thumb Code     0  libshutdown2.o(.ARM.Collect$$libshutdown$$00000004)
    __rt_lib_shutdown_fini_1                 0x08000171   Thumb Code     0  libshutdown2.o(.ARM.Collect$$libshutdown$$00000002)
    __rt_lib_shutdown_fp_trap_1              0x08000171   Thumb Code     0  libshutdown2.o(.ARM.Collect$$libshutdown$$00000009)
    __rt_lib_shutdown_heap_1                 0x08000171   Thumb Code     0  libshutdown2.o(.ARM.Collect$$libshutdown$$00000011)
    __rt_lib_shutdown_return                 0x08000171   Thumb Code     0  libshutdown2.o(.ARM.Collect$$libshutdown$$00000012)
    __rt_lib_shutdown_signal_1               0x08000171   Thumb Code     0  libshutdown2.o(.ARM.Collect$$libshutdown$$0000000C)
    __rt_lib_shutdown_stdio_1                0x08000171   Thumb Code     0  libshutdown2.o(.ARM.Collect$$libshutdown$$00000006)
    __rt_lib_shutdown_user_alloc_1           0x08000171   Thumb Code     0  libshutdown2.o(.ARM.Collect$$libshutdown$$0000000E)
    __rt_entry                               0x08000173   Thumb Code     0  __rtentry.o(.ARM.Collect$$rtentry$$00000000)
    __rt_entry_presh_1                       0x08000173   Thumb Code     0  __rtentry2.o(.ARM.Collect$$rtentry$$00000002)
    __rt_entry_sh                            0x08000173   Thumb Code     0  __rtentry4.o(.ARM.Collect$$rtentry$$00000004)
    __rt_entry_li                            0x08000179   Thumb Code     0  __rtentry2.o(.ARM.Collect$$rtentry$$0000000A)
    __rt_entry_postsh_1                      0x08000179   Thumb Code     0  __rtentry2.o(.ARM.Collect$$rtentry$$00000009)
    __rt_entry_main                          0x0800017d   Thumb Code     0  __rtentry2.o(.ARM.Collect$$rtentry$$0000000D)
    __rt_entry_postli_1                      0x0800017d   Thumb Code     0  __rtentry2.o(.ARM.Collect$$rtentry$$0000000C)
    __rt_exit                                0x08000185   Thumb Code     0  rtexit.o(.ARM.Collect$$rtexit$$00000000)
    __rt_exit_ls                             0x08000187   Thumb Code     0  rtexit2.o(.ARM.Collect$$rtexit$$00000003)
    __rt_exit_prels_1                        0x08000187   Thumb Code     0  rtexit2.o(.ARM.Collect$$rtexit$$00000002)
    __rt_exit_exit                           0x0800018b   Thumb Code     0  rtexit2.o(.ARM.Collect$$rtexit$$00000004)
    SVC_Handler                              0x08000191   Thumb Code    32  port.o(.emb_text)
    __asm___6_port_c_39a90d8d__prvStartFirstTask 0x080001b5   Thumb Code    28  port.o(.emb_text)
    PendSV_Handler                           0x080001d5   Thumb Code    72  port.o(.emb_text)
    vPortGetIPSR                             0x08000221   Thumb Code     6  port.o(.emb_text)
    Reset_Handler                            0x08000229   Thumb Code     8  startup_stm32f103xb.o(.text)
    ADC1_2_IRQHandler                        0x08000243   Thumb Code     0  startup_stm32f103xb.o(.text)
    CAN1_RX1_IRQHandler                      0x08000243   Thumb Code     0  startup_stm32f103xb.o(.text)
    CAN1_SCE_IRQHandler                      0x08000243   Thumb Code     0  startup_stm32f103xb.o(.text)
    DMA1_Channel1_IRQHandler                 0x08000243   Thumb Code     0  startup_stm32f103xb.o(.text)
    DMA1_Channel2_IRQHandler                 0x08000243   Thumb Code     0  startup_stm32f103xb.o(.text)
    DMA1_Channel3_IRQHandler                 0x08000243   Thumb Code     0  startup_stm32f103xb.o(.text)
    DMA1_Channel4_IRQHandler                 0x08000243   Thumb Code     0  startup_stm32f103xb.o(.text)
    DMA1_Channel5_IRQHandler                 0x08000243   Thumb Code     0  startup_stm32f103xb.o(.text)
    DMA1_Channel6_IRQHandler                 0x08000243   Thumb Code     0  startup_stm32f103xb.o(.text)
    DMA1_Channel7_IRQHandler                 0x08000243   Thumb Code     0  startup_stm32f103xb.o(.text)
    EXTI0_IRQHandler                         0x08000243   Thumb Code     0  startup_stm32f103xb.o(.text)
    EXTI15_10_IRQHandler                     0x08000243   Thumb Code     0  startup_stm32f103xb.o(.text)
    EXTI1_IRQHandler                         0x08000243   Thumb Code     0  startup_stm32f103xb.o(.text)
    EXTI2_IRQHandler                         0x08000243   Thumb Code     0  startup_stm32f103xb.o(.text)
    EXTI3_IRQHandler                         0x08000243   Thumb Code     0  startup_stm32f103xb.o(.text)
    EXTI4_IRQHandler                         0x08000243   Thumb Code     0  startup_stm32f103xb.o(.text)
    EXTI9_5_IRQHandler                       0x08000243   Thumb Code     0  startup_stm32f103xb.o(.text)
    FLASH_IRQHandler                         0x08000243   Thumb Code     0  startup_stm32f103xb.o(.text)
    I2C1_ER_IRQHandler                       0x08000243   Thumb Code     0  startup_stm32f103xb.o(.text)
    I2C1_EV_IRQHandler                       0x08000243   Thumb Code     0  startup_stm32f103xb.o(.text)
    I2C2_ER_IRQHandler                       0x08000243   Thumb Code     0  startup_stm32f103xb.o(.text)
    I2C2_EV_IRQHandler                       0x08000243   Thumb Code     0  startup_stm32f103xb.o(.text)
    PVD_IRQHandler                           0x08000243   Thumb Code     0  startup_stm32f103xb.o(.text)
    RCC_IRQHandler                           0x08000243   Thumb Code     0  startup_stm32f103xb.o(.text)
    RTC_Alarm_IRQHandler                     0x08000243   Thumb Code     0  startup_stm32f103xb.o(.text)
    RTC_IRQHandler                           0x08000243   Thumb Code     0  startup_stm32f103xb.o(.text)
    SPI1_IRQHandler                          0x08000243   Thumb Code     0  startup_stm32f103xb.o(.text)
    SPI2_IRQHandler                          0x08000243   Thumb Code     0  startup_stm32f103xb.o(.text)
    TAMPER_IRQHandler                        0x08000243   Thumb Code     0  startup_stm32f103xb.o(.text)
    TIM1_BRK_IRQHandler                      0x08000243   Thumb Code     0  startup_stm32f103xb.o(.text)
    TIM1_CC_IRQHandler                       0x08000243   Thumb Code     0  startup_stm32f103xb.o(.text)
    TIM1_TRG_COM_IRQHandler                  0x08000243   Thumb Code     0  startup_stm32f103xb.o(.text)
    TIM1_UP_IRQHandler                       0x08000243   Thumb Code     0  startup_stm32f103xb.o(.text)
    TIM2_IRQHandler                          0x08000243   Thumb Code     0  startup_stm32f103xb.o(.text)
    TIM3_IRQHandler                          0x08000243   Thumb Code     0  startup_stm32f103xb.o(.text)
    USART1_IRQHandler                        0x08000243   Thumb Code     0  startup_stm32f103xb.o(.text)
    USART2_IRQHandler                        0x08000243   Thumb Code     0  startup_stm32f103xb.o(.text)
    USART3_IRQHandler                        0x08000243   Thumb Code     0  startup_stm32f103xb.o(.text)
    USBWakeUp_IRQHandler                     0x08000243   Thumb Code     0  startup_stm32f103xb.o(.text)
    USB_HP_CAN1_TX_IRQHandler                0x08000243   Thumb Code     0  startup_stm32f103xb.o(.text)
    USB_LP_CAN1_RX0_IRQHandler               0x08000243   Thumb Code     0  startup_stm32f103xb.o(.text)
    WWDG_IRQHandler                          0x08000243   Thumb Code     0  startup_stm32f103xb.o(.text)
    __user_initial_stackheap                 0x08000245   Thumb Code     0  startup_stm32f103xb.o(.text)
    __2sprintf                               0x08000269   Thumb Code    38  __2sprintf.o(.text)
    _printf_int_dec                          0x08000295   Thumb Code   104  _printf_dec.o(.text)
    __printf                                 0x0800030d   Thumb Code   184  __printf_ss.o(.text)
    __aeabi_memcpy                           0x080003c5   Thumb Code     0  rt_memcpy_v6.o(.text)
    __rt_memcpy                              0x080003c5   Thumb Code   138  rt_memcpy_v6.o(.text)
    _memcpy_lastbytes                        0x0800042b   Thumb Code     0  rt_memcpy_v6.o(.text)
    __aeabi_memset                           0x0800044f   Thumb Code    16  aeabi_memset.o(.text)
    __aeabi_memclr4                          0x0800045f   Thumb Code     0  rt_memclr_w.o(.text)
    __aeabi_memclr8                          0x0800045f   Thumb Code     0  rt_memclr_w.o(.text)
    __rt_memclr_w                            0x0800045f   Thumb Code    78  rt_memclr_w.o(.text)
    _memset_w                                0x08000463   Thumb Code     0  rt_memclr_w.o(.text)
    __use_two_region_memory                  0x080004ad   Thumb Code     2  heapauxi.o(.text)
    __rt_heap_escrow$2region                 0x080004af   Thumb Code     2  heapauxi.o(.text)
    __rt_heap_expand$2region                 0x080004b1   Thumb Code     2  heapauxi.o(.text)
    _printf_int_common                       0x080004b3   Thumb Code   178  _printf_intcommon.o(.text)
    _printf_char_common                      0x0800056f   Thumb Code    32  _printf_char_common.o(.text)
    _sputc                                   0x08000595   Thumb Code    10  _sputc.o(.text)
    __aeabi_memcpy4                          0x0800059f   Thumb Code     0  rt_memcpy_w.o(.text)
    __aeabi_memcpy8                          0x0800059f   Thumb Code     0  rt_memcpy_w.o(.text)
    __rt_memcpy_w                            0x0800059f   Thumb Code   100  rt_memcpy_w.o(.text)
    _memcpy_lastbytes_aligned                0x080005e7   Thumb Code     0  rt_memcpy_w.o(.text)
    __aeabi_memclr                           0x08000603   Thumb Code     0  rt_memclr.o(.text)
    __rt_memclr                              0x08000603   Thumb Code    68  rt_memclr.o(.text)
    _memset                                  0x08000607   Thumb Code     0  rt_memclr.o(.text)
    __user_setup_stackheap                   0x08000647   Thumb Code    74  sys_stackheap_outer.o(.text)
    exit                                     0x08000691   Thumb Code    18  exit.o(.text)
    __user_libspace                          0x080006a5   Thumb Code     8  libspace.o(.text)
    __user_perproc_libspace                  0x080006a5   Thumb Code     0  libspace.o(.text)
    __user_perthread_libspace                0x080006a5   Thumb Code     0  libspace.o(.text)
    _sys_exit                                0x080006ad   Thumb Code     8  sys_exit.o(.text)
    __I$use$semihosting                      0x080006b9   Thumb Code     0  use_no_semi.o(.text)
    __use_no_semihosting_swi                 0x080006b9   Thumb Code     2  use_no_semi.o(.text)
    BusFault_Handler                         0x080006bb   Thumb Code     2  stm32f1xx_it.o(i.BusFault_Handler)
    __semihosting_library_function           0x080006bb   Thumb Code     0  indicate_semi.o(.text)
    DebugMon_Handler                         0x080006bd   Thumb Code     2  stm32f1xx_it.o(i.DebugMon_Handler)
    Error_Handler                            0x080006bf   Thumb Code     4  main.o(i.Error_Handler)
    HAL_GPIO_Init                            0x080006c5   Thumb Code   446  stm32f1xx_hal_gpio.o(i.HAL_GPIO_Init)
    HAL_GPIO_TogglePin                       0x080008a5   Thumb Code    16  stm32f1xx_hal_gpio.o(i.HAL_GPIO_TogglePin)
    HAL_GPIO_WritePin                        0x080008b5   Thumb Code    10  stm32f1xx_hal_gpio.o(i.HAL_GPIO_WritePin)
    HAL_GetTick                              0x080008c1   Thumb Code     6  stm32f1xx_hal.o(i.HAL_GetTick)
    HAL_IncTick                              0x080008cd   Thumb Code    12  stm32f1xx_hal.o(i.HAL_IncTick)
    HAL_Init                                 0x080008dd   Thumb Code    32  stm32f1xx_hal.o(i.HAL_Init)
    HAL_InitTick                             0x08000901   Thumb Code   132  stm32f1xx_hal_timebase_tim.o(i.HAL_InitTick)
    HAL_MspInit                              0x08000999   Thumb Code    62  stm32f1xx_hal_msp.o(i.HAL_MspInit)
    HAL_NVIC_EnableIRQ                       0x080009e1   Thumb Code    26  stm32f1xx_hal_cortex.o(i.HAL_NVIC_EnableIRQ)
    HAL_NVIC_SetPriority                     0x080009fd   Thumb Code    60  stm32f1xx_hal_cortex.o(i.HAL_NVIC_SetPriority)
    HAL_NVIC_SetPriorityGrouping             0x08000a3d   Thumb Code    26  stm32f1xx_hal_cortex.o(i.HAL_NVIC_SetPriorityGrouping)
    HAL_RCC_CSSCallback                      0x08000a61   Thumb Code     2  stm32f1xx_hal_rcc.o(i.HAL_RCC_CSSCallback)
    HAL_RCC_ClockConfig                      0x08000a65   Thumb Code   280  stm32f1xx_hal_rcc.o(i.HAL_RCC_ClockConfig)
    HAL_RCC_EnableCSS                        0x08000b91   Thumb Code     8  stm32f1xx_hal_rcc.o(i.HAL_RCC_EnableCSS)
    HAL_RCC_GetClockConfig                   0x08000b9d   Thumb Code    54  stm32f1xx_hal_rcc.o(i.HAL_RCC_GetClockConfig)
    HAL_RCC_GetPCLK1Freq                     0x08000bdd   Thumb Code    20  stm32f1xx_hal_rcc.o(i.HAL_RCC_GetPCLK1Freq)
    HAL_RCC_GetPCLK2Freq                     0x08000bfd   Thumb Code    20  stm32f1xx_hal_rcc.o(i.HAL_RCC_GetPCLK2Freq)
    HAL_RCC_GetSysClockFreq                  0x08000c1d   Thumb Code    58  stm32f1xx_hal_rcc.o(i.HAL_RCC_GetSysClockFreq)
    HAL_RCC_NMI_IRQHandler                   0x08000c69   Thumb Code    20  stm32f1xx_hal_rcc.o(i.HAL_RCC_NMI_IRQHandler)
    HAL_RCC_OscConfig                        0x08000c81   Thumb Code   778  stm32f1xx_hal_rcc.o(i.HAL_RCC_OscConfig)
    HAL_TIMEx_BreakCallback                  0x08000fa1   Thumb Code     2  stm32f1xx_hal_tim_ex.o(i.HAL_TIMEx_BreakCallback)
    HAL_TIMEx_CommutCallback                 0x08000fa3   Thumb Code     2  stm32f1xx_hal_tim_ex.o(i.HAL_TIMEx_CommutCallback)
    HAL_TIMEx_MasterConfigSynchronization    0x08000fa5   Thumb Code    92  stm32f1xx_hal_tim_ex.o(i.HAL_TIMEx_MasterConfigSynchronization)
    HAL_TIM_Base_Init                        0x0800100d   Thumb Code    90  stm32f1xx_hal_tim.o(i.HAL_TIM_Base_Init)
    HAL_TIM_Base_MspInit                     0x08001067   Thumb Code     2  stm32f1xx_hal_tim.o(i.HAL_TIM_Base_MspInit)
    HAL_TIM_Base_Start_IT                    0x08001069   Thumb Code    76  stm32f1xx_hal_tim.o(i.HAL_TIM_Base_Start_IT)
    HAL_TIM_Encoder_Init                     0x080010c1   Thumb Code   164  stm32f1xx_hal_tim.o(i.HAL_TIM_Encoder_Init)
    HAL_TIM_Encoder_MspInit                  0x08001165   Thumb Code    72  tim.o(i.HAL_TIM_Encoder_MspInit)
    HAL_TIM_Encoder_Start                    0x080011b5   Thumb Code   142  stm32f1xx_hal_tim.o(i.HAL_TIM_Encoder_Start)
    HAL_TIM_IC_CaptureCallback               0x08001243   Thumb Code     2  stm32f1xx_hal_tim.o(i.HAL_TIM_IC_CaptureCallback)
    HAL_TIM_IRQHandler                       0x08001245   Thumb Code   304  stm32f1xx_hal_tim.o(i.HAL_TIM_IRQHandler)
    HAL_TIM_MspPostInit                      0x08001375   Thumb Code    62  tim.o(i.HAL_TIM_MspPostInit)
    HAL_TIM_OC_DelayElapsedCallback          0x080013c1   Thumb Code     2  stm32f1xx_hal_tim.o(i.HAL_TIM_OC_DelayElapsedCallback)
    HAL_TIM_PWM_ConfigChannel                0x080013c3   Thumb Code   204  stm32f1xx_hal_tim.o(i.HAL_TIM_PWM_ConfigChannel)
    HAL_TIM_PWM_Init                         0x0800148f   Thumb Code    90  stm32f1xx_hal_tim.o(i.HAL_TIM_PWM_Init)
    HAL_TIM_PWM_MspInit                      0x080014e9   Thumb Code    30  tim.o(i.HAL_TIM_PWM_MspInit)
    HAL_TIM_PWM_PulseFinishedCallback        0x08001511   Thumb Code     2  stm32f1xx_hal_tim.o(i.HAL_TIM_PWM_PulseFinishedCallback)
    HAL_TIM_PWM_Start                        0x08001515   Thumb Code   144  stm32f1xx_hal_tim.o(i.HAL_TIM_PWM_Start)
    HAL_TIM_PeriodElapsedCallback            0x080015b1   Thumb Code    14  main.o(i.HAL_TIM_PeriodElapsedCallback)
    HAL_TIM_TriggerCallback                  0x080015c5   Thumb Code     2  stm32f1xx_hal_tim.o(i.HAL_TIM_TriggerCallback)
    HAL_UART_Init                            0x080015c7   Thumb Code   100  stm32f1xx_hal_uart.o(i.HAL_UART_Init)
    HAL_UART_MspInit                         0x0800162d   Thumb Code   100  usart.o(i.HAL_UART_MspInit)
    HAL_UART_Transmit                        0x0800169d   Thumb Code   160  stm32f1xx_hal_uart.o(i.HAL_UART_Transmit)
    HardFault_Handler                        0x0800173d   Thumb Code     2  stm32f1xx_it.o(i.HardFault_Handler)
    MX_FREERTOS_Init                         0x08001741   Thumb Code    60  freertos.o(i.MX_FREERTOS_Init)
    MX_GPIO_Init                             0x08001795   Thumb Code   158  gpio.o(i.MX_GPIO_Init)
    MX_TIM2_Init                             0x08001841   Thumb Code   102  tim.o(i.MX_TIM2_Init)
    MX_TIM3_Init                             0x080018ad   Thumb Code   106  tim.o(i.MX_TIM3_Init)
    MX_USART1_UART_Init                      0x08001921   Thumb Code    48  usart.o(i.MX_USART1_UART_Init)
    MemManage_Handler                        0x08001959   Thumb Code     2  stm32f1xx_it.o(i.MemManage_Handler)
    Motor_Init                               0x0800195b   Thumb Code    84  motor.o(i.Motor_Init)
    Motor_SetSpeed                           0x080019af   Thumb Code   178  motor.o(i.Motor_SetSpeed)
    Motor_Stop                               0x08001a61   Thumb Code    82  motor.o(i.Motor_Stop)
    NMI_Handler                              0x08001ab3   Thumb Code     6  stm32f1xx_it.o(i.NMI_Handler)
    Start_Feedback_test                      0x08001ab9   Thumb Code    36  freertos.o(i.Start_Feedback_test)
    Start_LedTask                            0x08001ae9   Thumb Code    26  freertos.o(i.Start_LedTask)
    Start_LogTask                            0x08001b09   Thumb Code    54  freertos.o(i.Start_LogTask)
    Start_MotorTask                          0x08001b5d   Thumb Code    64  freertos.o(i.Start_MotorTask)
    SysTick_Handler                          0x08001ba1   Thumb Code    26  cmsis_os2.o(i.SysTick_Handler)
    SystemClock_Config                       0x08001bbb   Thumb Code    96  main.o(i.SystemClock_Config)
    SystemInit                               0x08001c1b   Thumb Code     2  system_stm32f1xx.o(i.SystemInit)
    TIM4_IRQHandler                          0x08001c1d   Thumb Code     6  stm32f1xx_it.o(i.TIM4_IRQHandler)
    TIM_Base_SetConfig                       0x08001c29   Thumb Code   108  stm32f1xx_hal_tim.o(i.TIM_Base_SetConfig)
    TIM_CCxChannelCmd                        0x08001ca1   Thumb Code    26  stm32f1xx_hal_tim.o(i.TIM_CCxChannelCmd)
    TIM_OC2_SetConfig                        0x08001d0d   Thumb Code    84  stm32f1xx_hal_tim.o(i.TIM_OC2_SetConfig)
    UsageFault_Handler                       0x08001f7b   Thumb Code     2  stm32f1xx_it.o(i.UsageFault_Handler)
    main                                     0x08001f9d   Thumb Code    90  main.o(i.main)
    osDelay                                  0x08002009   Thumb Code    26  cmsis_os2.o(i.osDelay)
    osKernelInitialize                       0x08002025   Thumb Code    32  cmsis_os2.o(i.osKernelInitialize)
    osKernelStart                            0x08002049   Thumb Code    48  cmsis_os2.o(i.osKernelStart)
    osThreadFlagsSet                         0x08002081   Thumb Code   110  cmsis_os2.o(i.osThreadFlagsSet)
    osThreadFlagsWait                        0x080020f5   Thumb Code   150  cmsis_os2.o(i.osThreadFlagsWait)
    osThreadNew                              0x0800218d   Thumb Code   138  cmsis_os2.o(i.osThreadNew)
    pvPortMalloc                             0x080029ad   Thumb Code   216  heap_4.o(i.pvPortMalloc)
    pxPortInitialiseStack                    0x08002a89   Thumb Code    32  port.o(i.pxPortInitialiseStack)
    uxListRemove                             0x08002aad   Thumb Code    38  list.o(i.uxListRemove)
    vApplicationGetIdleTaskMemory            0x08002ad5   Thumb Code    16  cmsis_os2.o(i.vApplicationGetIdleTaskMemory)
    vApplicationGetTimerTaskMemory           0x08002ae9   Thumb Code    18  cmsis_os2.o(i.vApplicationGetTimerTaskMemory)
    vListInitialise                          0x08002b01   Thumb Code    22  list.o(i.vListInitialise)
    vListInitialiseItem                      0x08002b17   Thumb Code     6  list.o(i.vListInitialiseItem)
    vListInsert                              0x08002b1d   Thumb Code    48  list.o(i.vListInsert)
    vListInsertEnd                           0x08002b4d   Thumb Code    24  list.o(i.vListInsertEnd)
    vPortEnterCritical                       0x08002b65   Thumb Code    54  port.o(i.vPortEnterCritical)
    vPortExitCritical                        0x08002ba5   Thumb Code    34  port.o(i.vPortExitCritical)
    vPortFree                                0x08002bcd   Thumb Code    94  heap_4.o(i.vPortFree)
    vPortSetupTimerInterrupt                 0x08002c31   Thumb Code    32  port.o(i.vPortSetupTimerInterrupt)
    vPortValidateInterruptPriority           0x08002c55   Thumb Code    74  port.o(i.vPortValidateInterruptPriority)
    vQueueAddToRegistry                      0x08002ca9   Thumb Code    34  queue.o(i.vQueueAddToRegistry)
    vQueueWaitForMessageRestricted           0x08002cd1   Thumb Code    68  queue.o(i.vQueueWaitForMessageRestricted)
    vTaskDelay                               0x08002d15   Thumb Code    66  tasks.o(i.vTaskDelay)
    vTaskInternalSetTimeOutState             0x08002d61   Thumb Code    12  tasks.o(i.vTaskInternalSetTimeOutState)
    vTaskMissedYield                         0x08002d71   Thumb Code     8  tasks.o(i.vTaskMissedYield)
    vTaskPlaceOnEventList                    0x08002d7d   Thumb Code    44  tasks.o(i.vTaskPlaceOnEventList)
    vTaskPlaceOnEventListRestricted          0x08002dad   Thumb Code    52  tasks.o(i.vTaskPlaceOnEventListRestricted)
    vTaskStartScheduler                      0x08002de5   Thumb Code   118  tasks.o(i.vTaskStartScheduler)
    vTaskSuspendAll                          0x08002e6d   Thumb Code    10  tasks.o(i.vTaskSuspendAll)
    vTaskSwitchContext                       0x08002e7d   Thumb Code    90  tasks.o(i.vTaskSwitchContext)
    xPortStartScheduler                      0x08002ee1   Thumb Code   154  port.o(i.xPortStartScheduler)
    xPortSysTickHandler                      0x08002f89   Thumb Code    38  port.o(i.xPortSysTickHandler)
    xQueueGenericCreateStatic                0x08002fb5   Thumb Code   102  queue.o(i.xQueueGenericCreateStatic)
    xQueueGenericReset                       0x0800301d   Thumb Code   132  queue.o(i.xQueueGenericReset)
    xQueueGenericSend                        0x080030a5   Thumb Code   346  queue.o(i.xQueueGenericSend)
    xQueueGenericSendFromISR                 0x08003205   Thumb Code   190  queue.o(i.xQueueGenericSendFromISR)
    xQueueReceive                            0x080032c5   Thumb Code   308  queue.o(i.xQueueReceive)
    xTaskCheckForTimeOut                     0x080033fd   Thumb Code   112  tasks.o(i.xTaskCheckForTimeOut)
    xTaskCreate                              0x08003471   Thumb Code    90  tasks.o(i.xTaskCreate)
    xTaskCreateStatic                        0x080034cb   Thumb Code    86  tasks.o(i.xTaskCreateStatic)
    xTaskGenericNotify                       0x08003521   Thumb Code   210  tasks.o(i.xTaskGenericNotify)
    xTaskGenericNotifyFromISR                0x08003601   Thumb Code   246  tasks.o(i.xTaskGenericNotifyFromISR)
    xTaskGetSchedulerState                   0x08003705   Thumb Code    22  tasks.o(i.xTaskGetSchedulerState)
    xTaskGetTickCount                        0x08003721   Thumb Code     6  tasks.o(i.xTaskGetTickCount)
    xTaskIncrementTick                       0x0800372d   Thumb Code   192  tasks.o(i.xTaskIncrementTick)
    xTaskNotifyWait                          0x080037f5   Thumb Code   130  tasks.o(i.xTaskNotifyWait)
    xTaskPriorityDisinherit                  0x08003881   Thumb Code   118  tasks.o(i.xTaskPriorityDisinherit)
    xTaskRemoveFromEventList                 0x08003901   Thumb Code    98  tasks.o(i.xTaskRemoveFromEventList)
    xTaskResumeAll                           0x08003971   Thumb Code   182  tasks.o(i.xTaskResumeAll)
    xTimerCreateTimerTask                    0x08003a35   Thumb Code    78  timers.o(i.xTimerCreateTimerTask)
    xTimerGenericCommand                     0x08003a95   Thumb Code    98  timers.o(i.xTimerGenericCommand)
    LedTask_attributes                       0x08003afc   Data          36  freertos.o(.constdata)
    LogTask_attributes                       0x08003b20   Data          36  freertos.o(.constdata)
    MotorTask_attributes                     0x08003b44   Data          36  freertos.o(.constdata)
    Feedback_test_attributes                 0x08003b68   Data          36  freertos.o(.constdata)
    AHBPrescTable                            0x08003b9e   Data          16  system_stm32f1xx.o(.constdata)
    APBPrescTable                            0x08003bae   Data           8  system_stm32f1xx.o(.constdata)
    Region$$Table$$Base                      0x08003be4   Number         0  anon$$obj.o(Region$$Table)
    Region$$Table$$Limit                     0x08003c04   Number         0  anon$$obj.o(Region$$Table)
    current_speed                            0x20000000   Data           2  main.o(.data)
    LedTaskHandle                            0x20000008   Data           4  freertos.o(.data)
    LogTaskHandle                            0x2000000c   Data           4  freertos.o(.data)
    MotorTaskHandle                          0x20000010   Data           4  freertos.o(.data)
    Feedback_testHandle                      0x20000014   Data           4  freertos.o(.data)
    uwTickFreq                               0x20000018   Data           1  stm32f1xx_hal.o(.data)
    uwTickPrio                               0x2000001c   Data           4  stm32f1xx_hal.o(.data)
    uwTick                                   0x20000020   Data           4  stm32f1xx_hal.o(.data)
    SystemCoreClock                          0x20000024   Data           4  system_stm32f1xx.o(.data)
    pxCurrentTCB                             0x20000028   Data           4  tasks.o(.data)
    motor1                                   0x200000a8   Data          40  main.o(.bss)
    tx_buf                                   0x200000d0   Data          50  freertos.o(.bss)
    htim2                                    0x20000104   Data          72  tim.o(.bss)
    htim3                                    0x2000014c   Data          72  tim.o(.bss)
    huart1                                   0x20000194   Data          72  usart.o(.bss)
    htim4                                    0x200001dc   Data          72  stm32f1xx_hal_timebase_tim.o(.bss)
    xQueueRegistry                           0x20000224   Data          64  queue.o(.bss)
    __libspace_start                         0x20001af8   Data          96  libspace.o(.bss)
    __temporary_stack_top$libspace           0x20001b58   Data           0  libspace.o(.bss)



==============================================================================

Memory Map of the image

  Image Entry point : 0x080000ed

  Load Region LR_IROM1 (Base: 0x08000000, Size: 0x00003cac, Max: 0x00010000, ABSOLUTE)

    Execution Region ER_IROM1 (Exec base: 0x08000000, Load base: 0x08000000, Size: 0x00003c04, Max: 0x00010000, ABSOLUTE)

    Exec Addr    Load Addr    Size         Type   Attr      Idx    E Section Name        Object

    0x08000000   0x08000000   0x000000ec   Data   RO            3    RESET               startup_stm32f103xb.o
    0x080000ec   0x080000ec   0x00000008   Code   RO         4745  * !!!main             c_w.l(__main.o)
    0x080000f4   0x080000f4   0x00000034   Code   RO         4917    !!!scatter          c_w.l(__scatter.o)
    0x08000128   0x08000128   0x0000001a   Code   RO         4919    !!handler_copy      c_w.l(__scatter_copy.o)
    0x08000142   0x08000142   0x00000002   PAD
    0x08000144   0x08000144   0x0000001c   Code   RO         4921    !!handler_zi        c_w.l(__scatter_zi.o)
    0x08000160   0x08000160   0x00000000   Code   RO         4734    .ARM.Collect$$_printf_percent$$00000000  c_w.l(_printf_percent.o)
    0x08000160   0x08000160   0x00000006   Code   RO         4733    .ARM.Collect$$_printf_percent$$00000009  c_w.l(_printf_d.o)
    0x08000166   0x08000166   0x00000004   Code   RO         4754    .ARM.Collect$$_printf_percent$$00000017  c_w.l(_printf_percent_end.o)
    0x0800016a   0x0800016a   0x00000002   Code   RO         4785    .ARM.Collect$$libinit$$00000000  c_w.l(libinit.o)
    0x0800016c   0x0800016c   0x00000000   Code   RO         4792    .ARM.Collect$$libinit$$00000002  c_w.l(libinit2.o)
    0x0800016c   0x0800016c   0x00000000   Code   RO         4794    .ARM.Collect$$libinit$$00000004  c_w.l(libinit2.o)
    0x0800016c   0x0800016c   0x00000000   Code   RO         4797    .ARM.Collect$$libinit$$0000000A  c_w.l(libinit2.o)
    0x0800016c   0x0800016c   0x00000000   Code   RO         4799    .ARM.Collect$$libinit$$0000000C  c_w.l(libinit2.o)
    0x0800016c   0x0800016c   0x00000000   Code   RO         4801    .ARM.Collect$$libinit$$0000000E  c_w.l(libinit2.o)
    0x0800016c   0x0800016c   0x00000000   Code   RO         4804    .ARM.Collect$$libinit$$00000011  c_w.l(libinit2.o)
    0x0800016c   0x0800016c   0x00000000   Code   RO         4806    .ARM.Collect$$libinit$$00000013  c_w.l(libinit2.o)
    0x0800016c   0x0800016c   0x00000000   Code   RO         4808    .ARM.Collect$$libinit$$00000015  c_w.l(libinit2.o)
    0x0800016c   0x0800016c   0x00000000   Code   RO         4810    .ARM.Collect$$libinit$$00000017  c_w.l(libinit2.o)
    0x0800016c   0x0800016c   0x00000000   Code   RO         4812    .ARM.Collect$$libinit$$00000019  c_w.l(libinit2.o)
    0x0800016c   0x0800016c   0x00000000   Code   RO         4814    .ARM.Collect$$libinit$$0000001B  c_w.l(libinit2.o)
    0x0800016c   0x0800016c   0x00000000   Code   RO         4816    .ARM.Collect$$libinit$$0000001D  c_w.l(libinit2.o)
    0x0800016c   0x0800016c   0x00000000   Code   RO         4818    .ARM.Collect$$libinit$$0000001F  c_w.l(libinit2.o)
    0x0800016c   0x0800016c   0x00000000   Code   RO         4820    .ARM.Collect$$libinit$$00000021  c_w.l(libinit2.o)
    0x0800016c   0x0800016c   0x00000000   Code   RO         4822    .ARM.Collect$$libinit$$00000023  c_w.l(libinit2.o)
    0x0800016c   0x0800016c   0x00000000   Code   RO         4824    .ARM.Collect$$libinit$$00000025  c_w.l(libinit2.o)
    0x0800016c   0x0800016c   0x00000000   Code   RO         4828    .ARM.Collect$$libinit$$0000002C  c_w.l(libinit2.o)
    0x0800016c   0x0800016c   0x00000000   Code   RO         4830    .ARM.Collect$$libinit$$0000002E  c_w.l(libinit2.o)
    0x0800016c   0x0800016c   0x00000000   Code   RO         4832    .ARM.Collect$$libinit$$00000030  c_w.l(libinit2.o)
    0x0800016c   0x0800016c   0x00000000   Code   RO         4834    .ARM.Collect$$libinit$$00000032  c_w.l(libinit2.o)
    0x0800016c   0x0800016c   0x00000002   Code   RO         4835    .ARM.Collect$$libinit$$00000033  c_w.l(libinit2.o)
    0x0800016e   0x0800016e   0x00000002   Code   RO         4855    .ARM.Collect$$libshutdown$$00000000  c_w.l(libshutdown.o)
    0x08000170   0x08000170   0x00000000   Code   RO         4868    .ARM.Collect$$libshutdown$$00000002  c_w.l(libshutdown2.o)
    0x08000170   0x08000170   0x00000000   Code   RO         4870    .ARM.Collect$$libshutdown$$00000004  c_w.l(libshutdown2.o)
    0x08000170   0x08000170   0x00000000   Code   RO         4872    .ARM.Collect$$libshutdown$$00000006  c_w.l(libshutdown2.o)
    0x08000170   0x08000170   0x00000000   Code   RO         4875    .ARM.Collect$$libshutdown$$00000009  c_w.l(libshutdown2.o)
    0x08000170   0x08000170   0x00000000   Code   RO         4878    .ARM.Collect$$libshutdown$$0000000C  c_w.l(libshutdown2.o)
    0x08000170   0x08000170   0x00000000   Code   RO         4880    .ARM.Collect$$libshutdown$$0000000E  c_w.l(libshutdown2.o)
    0x08000170   0x08000170   0x00000000   Code   RO         4883    .ARM.Collect$$libshutdown$$00000011  c_w.l(libshutdown2.o)
    0x08000170   0x08000170   0x00000002   Code   RO         4884    .ARM.Collect$$libshutdown$$00000012  c_w.l(libshutdown2.o)
    0x08000172   0x08000172   0x00000000   Code   RO         4747    .ARM.Collect$$rtentry$$00000000  c_w.l(__rtentry.o)
    0x08000172   0x08000172   0x00000000   Code   RO         4760    .ARM.Collect$$rtentry$$00000002  c_w.l(__rtentry2.o)
    0x08000172   0x08000172   0x00000006   Code   RO         4772    .ARM.Collect$$rtentry$$00000004  c_w.l(__rtentry4.o)
    0x08000178   0x08000178   0x00000000   Code   RO         4762    .ARM.Collect$$rtentry$$00000009  c_w.l(__rtentry2.o)
    0x08000178   0x08000178   0x00000004   Code   RO         4763    .ARM.Collect$$rtentry$$0000000A  c_w.l(__rtentry2.o)
    0x0800017c   0x0800017c   0x00000000   Code   RO         4765    .ARM.Collect$$rtentry$$0000000C  c_w.l(__rtentry2.o)
    0x0800017c   0x0800017c   0x00000008   Code   RO         4766    .ARM.Collect$$rtentry$$0000000D  c_w.l(__rtentry2.o)
    0x08000184   0x08000184   0x00000002   Code   RO         4789    .ARM.Collect$$rtexit$$00000000  c_w.l(rtexit.o)
    0x08000186   0x08000186   0x00000000   Code   RO         4837    .ARM.Collect$$rtexit$$00000002  c_w.l(rtexit2.o)
    0x08000186   0x08000186   0x00000004   Code   RO         4838    .ARM.Collect$$rtexit$$00000003  c_w.l(rtexit2.o)
    0x0800018a   0x0800018a   0x00000006   Code   RO         4839    .ARM.Collect$$rtexit$$00000004  c_w.l(rtexit2.o)
    0x08000190   0x08000190   0x00000096   Code   RO         4624    .emb_text           port.o
    0x08000226   0x08000226   0x00000002   PAD
    0x08000228   0x08000228   0x00000040   Code   RO            4    .text               startup_stm32f103xb.o
    0x08000268   0x08000268   0x0000002c   Code   RO         4705    .text               c_w.l(__2sprintf.o)
    0x08000294   0x08000294   0x00000078   Code   RO         4711    .text               c_w.l(_printf_dec.o)
    0x0800030c   0x0800030c   0x000000b8   Code   RO         4716    .text               c_w.l(__printf_ss.o)
    0x080003c4   0x080003c4   0x0000008a   Code   RO         4735    .text               c_w.l(rt_memcpy_v6.o)
    0x0800044e   0x0800044e   0x00000010   Code   RO         4739    .text               c_w.l(aeabi_memset.o)
    0x0800045e   0x0800045e   0x0000004e   Code   RO         4741    .text               c_w.l(rt_memclr_w.o)
    0x080004ac   0x080004ac   0x00000006   Code   RO         4743    .text               c_w.l(heapauxi.o)
    0x080004b2   0x080004b2   0x000000b2   Code   RO         4748    .text               c_w.l(_printf_intcommon.o)
    0x08000564   0x08000564   0x00000030   Code   RO         4750    .text               c_w.l(_printf_char_common.o)
    0x08000594   0x08000594   0x0000000a   Code   RO         4752    .text               c_w.l(_sputc.o)
    0x0800059e   0x0800059e   0x00000064   Code   RO         4755    .text               c_w.l(rt_memcpy_w.o)
    0x08000602   0x08000602   0x00000044   Code   RO         4757    .text               c_w.l(rt_memclr.o)
    0x08000646   0x08000646   0x0000004a   Code   RO         4776    .text               c_w.l(sys_stackheap_outer.o)
    0x08000690   0x08000690   0x00000012   Code   RO         4778    .text               c_w.l(exit.o)
    0x080006a2   0x080006a2   0x00000002   PAD
    0x080006a4   0x080006a4   0x00000008   Code   RO         4786    .text               c_w.l(libspace.o)
    0x080006ac   0x080006ac   0x0000000c   Code   RO         4847    .text               c_w.l(sys_exit.o)
    0x080006b8   0x080006b8   0x00000002   Code   RO         4858    .text               c_w.l(use_no_semi.o)
    0x080006ba   0x080006ba   0x00000000   Code   RO         4860    .text               c_w.l(indicate_semi.o)
    0x080006ba   0x080006ba   0x00000002   Code   RO          432    i.BusFault_Handler  stm32f1xx_it.o
    0x080006bc   0x080006bc   0x00000002   Code   RO          433    i.DebugMon_Handler  stm32f1xx_it.o
    0x080006be   0x080006be   0x00000004   Code   RO          140    i.Error_Handler     main.o
    0x080006c2   0x080006c2   0x00000002   PAD
    0x080006c4   0x080006c4   0x000001e0   Code   RO         1885    i.HAL_GPIO_Init     stm32f1xx_hal_gpio.o
    0x080008a4   0x080008a4   0x00000010   Code   RO         1888    i.HAL_GPIO_TogglePin  stm32f1xx_hal_gpio.o
    0x080008b4   0x080008b4   0x0000000a   Code   RO         1889    i.HAL_GPIO_WritePin  stm32f1xx_hal_gpio.o
    0x080008be   0x080008be   0x00000002   PAD
    0x080008c0   0x080008c0   0x0000000c   Code   RO         1579    i.HAL_GetTick       stm32f1xx_hal.o
    0x080008cc   0x080008cc   0x00000010   Code   RO         1585    i.HAL_IncTick       stm32f1xx_hal.o
    0x080008dc   0x080008dc   0x00000024   Code   RO         1586    i.HAL_Init          stm32f1xx_hal.o
    0x08000900   0x08000900   0x00000098   Code   RO          520    i.HAL_InitTick      stm32f1xx_hal_timebase_tim.o
    0x08000998   0x08000998   0x00000048   Code   RO          496    i.HAL_MspInit       stm32f1xx_hal_msp.o
    0x080009e0   0x080009e0   0x0000001a   Code   RO         2045    i.HAL_NVIC_EnableIRQ  stm32f1xx_hal_cortex.o
    0x080009fa   0x080009fa   0x00000002   PAD
    0x080009fc   0x080009fc   0x00000040   Code   RO         2051    i.HAL_NVIC_SetPriority  stm32f1xx_hal_cortex.o
    0x08000a3c   0x08000a3c   0x00000024   Code   RO         2052    i.HAL_NVIC_SetPriorityGrouping  stm32f1xx_hal_cortex.o
    0x08000a60   0x08000a60   0x00000002   Code   RO         1742    i.HAL_RCC_CSSCallback  stm32f1xx_hal_rcc.o
    0x08000a62   0x08000a62   0x00000002   PAD
    0x08000a64   0x08000a64   0x0000012c   Code   RO         1743    i.HAL_RCC_ClockConfig  stm32f1xx_hal_rcc.o
    0x08000b90   0x08000b90   0x0000000c   Code   RO         1746    i.HAL_RCC_EnableCSS  stm32f1xx_hal_rcc.o
    0x08000b9c   0x08000b9c   0x00000040   Code   RO         1747    i.HAL_RCC_GetClockConfig  stm32f1xx_hal_rcc.o
    0x08000bdc   0x08000bdc   0x00000020   Code   RO         1750    i.HAL_RCC_GetPCLK1Freq  stm32f1xx_hal_rcc.o
    0x08000bfc   0x08000bfc   0x00000020   Code   RO         1751    i.HAL_RCC_GetPCLK2Freq  stm32f1xx_hal_rcc.o
    0x08000c1c   0x08000c1c   0x0000004c   Code   RO         1752    i.HAL_RCC_GetSysClockFreq  stm32f1xx_hal_rcc.o
    0x08000c68   0x08000c68   0x00000018   Code   RO         1754    i.HAL_RCC_NMI_IRQHandler  stm32f1xx_hal_rcc.o
    0x08000c80   0x08000c80   0x00000320   Code   RO         1755    i.HAL_RCC_OscConfig  stm32f1xx_hal_rcc.o
    0x08000fa0   0x08000fa0   0x00000002   Code   RO         1301    i.HAL_TIMEx_BreakCallback  stm32f1xx_hal_tim_ex.o
    0x08000fa2   0x08000fa2   0x00000002   Code   RO         1302    i.HAL_TIMEx_CommutCallback  stm32f1xx_hal_tim_ex.o
    0x08000fa4   0x08000fa4   0x00000068   Code   RO         1320    i.HAL_TIMEx_MasterConfigSynchronization  stm32f1xx_hal_tim_ex.o
    0x0800100c   0x0800100c   0x0000005a   Code   RO          597    i.HAL_TIM_Base_Init  stm32f1xx_hal_tim.o
    0x08001066   0x08001066   0x00000002   Code   RO          599    i.HAL_TIM_Base_MspInit  stm32f1xx_hal_tim.o
    0x08001068   0x08001068   0x00000058   Code   RO          602    i.HAL_TIM_Base_Start_IT  stm32f1xx_hal_tim.o
    0x080010c0   0x080010c0   0x000000a4   Code   RO          618    i.HAL_TIM_Encoder_Init  stm32f1xx_hal_tim.o
    0x08001164   0x08001164   0x00000050   Code   RO          325    i.HAL_TIM_Encoder_MspInit  tim.o
    0x080011b4   0x080011b4   0x0000008e   Code   RO          621    i.HAL_TIM_Encoder_Start  stm32f1xx_hal_tim.o
    0x08001242   0x08001242   0x00000002   Code   RO          631    i.HAL_TIM_IC_CaptureCallback  stm32f1xx_hal_tim.o
    0x08001244   0x08001244   0x00000130   Code   RO          645    i.HAL_TIM_IRQHandler  stm32f1xx_hal_tim.o
    0x08001374   0x08001374   0x0000004c   Code   RO          326    i.HAL_TIM_MspPostInit  tim.o
    0x080013c0   0x080013c0   0x00000002   Code   RO          648    i.HAL_TIM_OC_DelayElapsedCallback  stm32f1xx_hal_tim.o
    0x080013c2   0x080013c2   0x000000cc   Code   RO          669    i.HAL_TIM_PWM_ConfigChannel  stm32f1xx_hal_tim.o
    0x0800148e   0x0800148e   0x0000005a   Code   RO          672    i.HAL_TIM_PWM_Init  stm32f1xx_hal_tim.o
    0x080014e8   0x080014e8   0x00000028   Code   RO          328    i.HAL_TIM_PWM_MspInit  tim.o
    0x08001510   0x08001510   0x00000002   Code   RO          675    i.HAL_TIM_PWM_PulseFinishedCallback  stm32f1xx_hal_tim.o
    0x08001512   0x08001512   0x00000002   PAD
    0x08001514   0x08001514   0x0000009c   Code   RO          677    i.HAL_TIM_PWM_Start  stm32f1xx_hal_tim.o
    0x080015b0   0x080015b0   0x00000014   Code   RO          141    i.HAL_TIM_PeriodElapsedCallback  main.o
    0x080015c4   0x080015c4   0x00000002   Code   RO          688    i.HAL_TIM_TriggerCallback  stm32f1xx_hal_tim.o
    0x080015c6   0x080015c6   0x00000064   Code   RO         2575    i.HAL_UART_Init     stm32f1xx_hal_uart.o
    0x0800162a   0x0800162a   0x00000002   PAD
    0x0800162c   0x0800162c   0x00000070   Code   RO          391    i.HAL_UART_MspInit  usart.o
    0x0800169c   0x0800169c   0x000000a0   Code   RO         2583    i.HAL_UART_Transmit  stm32f1xx_hal_uart.o
    0x0800173c   0x0800173c   0x00000002   Code   RO          434    i.HardFault_Handler  stm32f1xx_it.o
    0x0800173e   0x0800173e   0x00000002   PAD
    0x08001740   0x08001740   0x00000054   Code   RO          257    i.MX_FREERTOS_Init  freertos.o
    0x08001794   0x08001794   0x000000ac   Code   RO          233    i.MX_GPIO_Init      gpio.o
    0x08001840   0x08001840   0x0000006c   Code   RO          329    i.MX_TIM2_Init      tim.o
    0x080018ac   0x080018ac   0x00000074   Code   RO          330    i.MX_TIM3_Init      tim.o
    0x08001920   0x08001920   0x00000038   Code   RO          392    i.MX_USART1_UART_Init  usart.o
    0x08001958   0x08001958   0x00000002   Code   RO          435    i.MemManage_Handler  stm32f1xx_it.o
    0x0800195a   0x0800195a   0x00000054   Code   RO           13    i.Motor_Init        motor.o
    0x080019ae   0x080019ae   0x000000b2   Code   RO           14    i.Motor_SetSpeed    motor.o
    0x08001a60   0x08001a60   0x00000052   Code   RO           15    i.Motor_Stop        motor.o
    0x08001ab2   0x08001ab2   0x00000006   Code   RO          436    i.NMI_Handler       stm32f1xx_it.o
    0x08001ab8   0x08001ab8   0x00000030   Code   RO          258    i.Start_Feedback_test  freertos.o
    0x08001ae8   0x08001ae8   0x00000020   Code   RO          259    i.Start_LedTask     freertos.o
    0x08001b08   0x08001b08   0x00000054   Code   RO          260    i.Start_LogTask     freertos.o
    0x08001b5c   0x08001b5c   0x00000044   Code   RO          261    i.Start_MotorTask   freertos.o
    0x08001ba0   0x08001ba0   0x0000001a   Code   RO         4056    i.SysTick_Handler   cmsis_os2.o
    0x08001bba   0x08001bba   0x00000060   Code   RO          142    i.SystemClock_Config  main.o
    0x08001c1a   0x08001c1a   0x00000002   Code   RO         2909    i.SystemInit        system_stm32f1xx.o
    0x08001c1c   0x08001c1c   0x0000000c   Code   RO          437    i.TIM4_IRQHandler   stm32f1xx_it.o
    0x08001c28   0x08001c28   0x00000078   Code   RO          690    i.TIM_Base_SetConfig  stm32f1xx_hal_tim.o
    0x08001ca0   0x08001ca0   0x0000001a   Code   RO          691    i.TIM_CCxChannelCmd  stm32f1xx_hal_tim.o
    0x08001cba   0x08001cba   0x00000002   PAD
    0x08001cbc   0x08001cbc   0x00000050   Code   RO          703    i.TIM_OC1_SetConfig  stm32f1xx_hal_tim.o
    0x08001d0c   0x08001d0c   0x00000058   Code   RO          704    i.TIM_OC2_SetConfig  stm32f1xx_hal_tim.o
    0x08001d64   0x08001d64   0x00000058   Code   RO          705    i.TIM_OC3_SetConfig  stm32f1xx_hal_tim.o
    0x08001dbc   0x08001dbc   0x00000044   Code   RO          706    i.TIM_OC4_SetConfig  stm32f1xx_hal_tim.o
    0x08001e00   0x08001e00   0x0000004e   Code   RO         2598    i.UART_EndRxTransfer  stm32f1xx_hal_uart.o
    0x08001e4e   0x08001e4e   0x00000002   PAD
    0x08001e50   0x08001e50   0x000000b8   Code   RO         2601    i.UART_SetConfig    stm32f1xx_hal_uart.o
    0x08001f08   0x08001f08   0x00000072   Code   RO         2604    i.UART_WaitOnFlagUntilTimeout  stm32f1xx_hal_uart.o
    0x08001f7a   0x08001f7a   0x00000002   Code   RO          438    i.UsageFault_Handler  stm32f1xx_it.o
    0x08001f7c   0x08001f7c   0x00000020   Code   RO         2058    i.__NVIC_SetPriority  stm32f1xx_hal_cortex.o
    0x08001f9c   0x08001f9c   0x0000006c   Code   RO          143    i.main              main.o
    0x08002008   0x08002008   0x0000001a   Code   RO         4058    i.osDelay           cmsis_os2.o
    0x08002022   0x08002022   0x00000002   PAD
    0x08002024   0x08002024   0x00000024   Code   RO         4072    i.osKernelInitialize  cmsis_os2.o
    0x08002048   0x08002048   0x00000038   Code   RO         4075    i.osKernelStart     cmsis_os2.o
    0x08002080   0x08002080   0x00000074   Code   RO         4109    i.osThreadFlagsSet  cmsis_os2.o
    0x080020f4   0x080020f4   0x00000096   Code   RO         4110    i.osThreadFlagsWait  cmsis_os2.o
    0x0800218a   0x0800218a   0x00000002   PAD
    0x0800218c   0x0800218c   0x0000008a   Code   RO         4117    i.osThreadNew       cmsis_os2.o
    0x08002216   0x08002216   0x00000002   PAD
    0x08002218   0x08002218   0x0000005c   Code   RO         3517    i.prvAddCurrentTaskToDelayedList  tasks.o
    0x08002274   0x08002274   0x000000d0   Code   RO         3518    i.prvAddNewTaskToReadyList  tasks.o
    0x08002344   0x08002344   0x00000058   Code   RO         3882    i.prvCheckForValidListAndQueue  timers.o
    0x0800239c   0x0800239c   0x00000026   Code   RO         3114    i.prvCopyDataFromQueue  queue.o
    0x080023c2   0x080023c2   0x0000006c   Code   RO         3115    i.prvCopyDataToQueue  queue.o
    0x0800242e   0x0800242e   0x00000034   Code   RO         3519    i.prvDeleteTCB      tasks.o
    0x08002462   0x08002462   0x00000002   PAD
    0x08002464   0x08002464   0x0000004c   Code   RO         4569    i.prvHeapInit       heap_4.o
    0x080024b0   0x080024b0   0x00000060   Code   RO         3520    i.prvIdleTask       tasks.o
    0x08002510   0x08002510   0x00000022   Code   RO         3117    i.prvInitialiseNewQueue  queue.o
    0x08002532   0x08002532   0x00000002   PAD
    0x08002534   0x08002534   0x000000b0   Code   RO         3521    i.prvInitialiseNewTask  tasks.o
    0x080025e4   0x080025e4   0x0000004c   Code   RO         4570    i.prvInsertBlockIntoFreeList  heap_4.o
    0x08002630   0x08002630   0x00000038   Code   RO         3884    i.prvInsertTimerInActiveList  timers.o
    0x08002668   0x08002668   0x0000001c   Code   RO         3118    i.prvIsQueueEmpty   queue.o
    0x08002684   0x08002684   0x000000fc   Code   RO         3885    i.prvProcessReceivedCommands  timers.o
    0x08002780   0x08002780   0x000000c0   Code   RO         3886    i.prvProcessTimerOrBlockTask  timers.o
    0x08002840   0x08002840   0x00000020   Code   RO         3523    i.prvResetNextTaskUnblockTime  tasks.o
    0x08002860   0x08002860   0x00000028   Code   RO         3887    i.prvSampleTimeNow  timers.o
    0x08002888   0x08002888   0x0000006c   Code   RO         3888    i.prvSwitchTimerLists  timers.o
    0x080028f4   0x080028f4   0x00000028   Code   RO         4625    i.prvTaskExitError  port.o
    0x0800291c   0x0800291c   0x00000024   Code   RO         3889    i.prvTimerTask      timers.o
    0x08002940   0x08002940   0x0000006a   Code   RO         3119    i.prvUnlockQueue    queue.o
    0x080029aa   0x080029aa   0x00000002   PAD
    0x080029ac   0x080029ac   0x000000dc   Code   RO         4571    i.pvPortMalloc      heap_4.o
    0x08002a88   0x08002a88   0x00000024   Code   RO         4626    i.pxPortInitialiseStack  port.o
    0x08002aac   0x08002aac   0x00000026   Code   RO         3074    i.uxListRemove      list.o
    0x08002ad2   0x08002ad2   0x00000002   PAD
    0x08002ad4   0x08002ad4   0x00000014   Code   RO         4129    i.vApplicationGetIdleTaskMemory  cmsis_os2.o
    0x08002ae8   0x08002ae8   0x00000018   Code   RO         4130    i.vApplicationGetTimerTaskMemory  cmsis_os2.o
    0x08002b00   0x08002b00   0x00000016   Code   RO         3075    i.vListInitialise   list.o
    0x08002b16   0x08002b16   0x00000006   Code   RO         3076    i.vListInitialiseItem  list.o
    0x08002b1c   0x08002b1c   0x00000030   Code   RO         3077    i.vListInsert       list.o
    0x08002b4c   0x08002b4c   0x00000018   Code   RO         3078    i.vListInsertEnd    list.o
    0x08002b64   0x08002b64   0x00000040   Code   RO         4628    i.vPortEnterCritical  port.o
    0x08002ba4   0x08002ba4   0x00000028   Code   RO         4629    i.vPortExitCritical  port.o
    0x08002bcc   0x08002bcc   0x00000064   Code   RO         4572    i.vPortFree         heap_4.o
    0x08002c30   0x08002c30   0x00000024   Code   RO         4630    i.vPortSetupTimerInterrupt  port.o
    0x08002c54   0x08002c54   0x00000054   Code   RO         4631    i.vPortValidateInterruptPriority  port.o
    0x08002ca8   0x08002ca8   0x00000028   Code   RO         3125    i.vQueueAddToRegistry  queue.o
    0x08002cd0   0x08002cd0   0x00000044   Code   RO         3129    i.vQueueWaitForMessageRestricted  queue.o
    0x08002d14   0x08002d14   0x0000004c   Code   RO         3536    i.vTaskDelay        tasks.o
    0x08002d60   0x08002d60   0x00000010   Code   RO         3541    i.vTaskInternalSetTimeOutState  tasks.o
    0x08002d70   0x08002d70   0x0000000c   Code   RO         3542    i.vTaskMissedYield  tasks.o
    0x08002d7c   0x08002d7c   0x00000030   Code   RO         3544    i.vTaskPlaceOnEventList  tasks.o
    0x08002dac   0x08002dac   0x00000038   Code   RO         3545    i.vTaskPlaceOnEventListRestricted  tasks.o
    0x08002de4   0x08002de4   0x00000088   Code   RO         3553    i.vTaskStartScheduler  tasks.o
    0x08002e6c   0x08002e6c   0x00000010   Code   RO         3555    i.vTaskSuspendAll   tasks.o
    0x08002e7c   0x08002e7c   0x00000064   Code   RO         3556    i.vTaskSwitchContext  tasks.o
    0x08002ee0   0x08002ee0   0x000000a8   Code   RO         4632    i.xPortStartScheduler  port.o
    0x08002f88   0x08002f88   0x0000002c   Code   RO         4633    i.xPortSysTickHandler  port.o
    0x08002fb4   0x08002fb4   0x00000066   Code   RO         3135    i.xQueueGenericCreateStatic  queue.o
    0x0800301a   0x0800301a   0x00000002   PAD
    0x0800301c   0x0800301c   0x00000088   Code   RO         3136    i.xQueueGenericReset  queue.o
    0x080030a4   0x080030a4   0x00000160   Code   RO         3137    i.xQueueGenericSend  queue.o
    0x08003204   0x08003204   0x000000be   Code   RO         3138    i.xQueueGenericSendFromISR  queue.o
    0x080032c2   0x080032c2   0x00000002   PAD
    0x080032c4   0x080032c4   0x00000138   Code   RO         3147    i.xQueueReceive     queue.o
    0x080033fc   0x080033fc   0x00000074   Code   RO         3558    i.xTaskCheckForTimeOut  tasks.o
    0x08003470   0x08003470   0x0000005a   Code   RO         3559    i.xTaskCreate       tasks.o
    0x080034ca   0x080034ca   0x00000056   Code   RO         3560    i.xTaskCreateStatic  tasks.o
    0x08003520   0x08003520   0x000000e0   Code   RO         3561    i.xTaskGenericNotify  tasks.o
    0x08003600   0x08003600   0x00000104   Code   RO         3562    i.xTaskGenericNotifyFromISR  tasks.o
    0x08003704   0x08003704   0x0000001c   Code   RO         3564    i.xTaskGetSchedulerState  tasks.o
    0x08003720   0x08003720   0x0000000c   Code   RO         3565    i.xTaskGetTickCount  tasks.o
    0x0800372c   0x0800372c   0x000000c8   Code   RO         3567    i.xTaskIncrementTick  tasks.o
    0x080037f4   0x080037f4   0x0000008c   Code   RO         3569    i.xTaskNotifyWait   tasks.o
    0x08003880   0x08003880   0x00000080   Code   RO         3570    i.xTaskPriorityDisinherit  tasks.o
    0x08003900   0x08003900   0x00000070   Code   RO         3572    i.xTaskRemoveFromEventList  tasks.o
    0x08003970   0x08003970   0x000000c4   Code   RO         3573    i.xTaskResumeAll    tasks.o
    0x08003a34   0x08003a34   0x00000060   Code   RO         3898    i.xTimerCreateTimerTask  timers.o
    0x08003a94   0x08003a94   0x00000068   Code   RO         3899    i.xTimerGenericCommand  timers.o
    0x08003afc   0x08003afc   0x00000090   Data   RO          263    .constdata          freertos.o
    0x08003b8c   0x08003b8c   0x00000012   Data   RO         1756    .constdata          stm32f1xx_hal_rcc.o
    0x08003b9e   0x08003b9e   0x00000010   Data   RO         2910    .constdata          system_stm32f1xx.o
    0x08003bae   0x08003bae   0x00000008   Data   RO         2911    .constdata          system_stm32f1xx.o
    0x08003bb6   0x08003bb6   0x00000002   PAD
    0x08003bb8   0x08003bb8   0x0000002a   Data   RO          264    .conststring        freertos.o
    0x08003be2   0x08003be2   0x00000002   PAD
    0x08003be4   0x08003be4   0x00000020   Data   RO         4915    Region$$Table       anon$$obj.o


    Execution Region RW_IRAM1 (Exec base: 0x20000000, Load base: 0x08003c04, Size: 0x00002158, Max: 0x00005000, ABSOLUTE)

    Exec Addr    Load Addr    Size         Type   Attr      Idx    E Section Name        Object

    0x20000000   0x08003c04   0x00000002   Data   RW          145    .data               main.o
    0x20000002   0x08003c06   0x00000002   PAD
    0x20000004   0x08003c08   0x00000014   Data   RW          265    .data               freertos.o
    0x20000018   0x08003c1c   0x0000000c   Data   RW         1593    .data               stm32f1xx_hal.o
    0x20000024   0x08003c28   0x00000004   Data   RW         2912    .data               system_stm32f1xx.o
    0x20000028   0x08003c2c   0x0000003c   Data   RW         3576    .data               tasks.o
    0x20000064   0x08003c68   0x00000014   Data   RW         3907    .data               timers.o
    0x20000078   0x08003c7c   0x00000004   Data   RW         4132    .data               cmsis_os2.o
    0x2000007c   0x08003c80   0x00000020   Data   RW         4578    .data               heap_4.o
    0x2000009c   0x08003ca0   0x0000000c   Data   RW         4634    .data               port.o
    0x200000a8        -       0x00000028   Zero   RW          144    .bss                main.o
    0x200000d0        -       0x00000032   Zero   RW          262    .bss                freertos.o
    0x20000102   0x08003cac   0x00000002   PAD
    0x20000104        -       0x00000090   Zero   RW          331    .bss                tim.o
    0x20000194        -       0x00000048   Zero   RW          393    .bss                usart.o
    0x200001dc        -       0x00000048   Zero   RW          523    .bss                stm32f1xx_hal_timebase_tim.o
    0x20000224        -       0x00000040   Zero   RW         3151    .bss                queue.o
    0x20000264        -       0x000004c4   Zero   RW         3575    .bss                tasks.o
    0x20000728        -       0x00000118   Zero   RW         3906    .bss                timers.o
    0x20000840        -       0x000006b8   Zero   RW         4131    .bss                cmsis_os2.o
    0x20000ef8        -       0x00000c00   Zero   RW         4577    .bss                heap_4.o
    0x20001af8        -       0x00000060   Zero   RW         4787    .bss                c_w.l(libspace.o)
    0x20001b58        -       0x00000200   Zero   RW            2    HEAP                startup_stm32f103xb.o
    0x20001d58        -       0x00000400   Zero   RW            1    STACK               startup_stm32f103xb.o


==============================================================================

Image component sizes


      Code (inc. data)   RO Data    RW Data    ZI Data      Debug   Object Name

       592         28          0          4       1720      62078   cmsis_os2.o
         0          0          0          0          0      19968   event_groups.o
       316         76        186         20         50       4300   freertos.o
       172         14          0          0          0       1079   gpio.o
       472         24          0         32       3072       5143   heap_4.o
       138          0          0          0          0       3770   list.o
       228         24          0          2         40      14195   main.o
       344          0          0          0          0     429699   motor.o
       662         70          0         12          0      11453   port.o
      1514         20          0          0         64      17976   queue.o
        64         26        236          0       1536        872   startup_stm32f103xb.o
        64         14          0         12          0       4998   stm32f1xx_hal.o
       158         14          0          0          0      28498   stm32f1xx_hal_cortex.o
       506         34          0          0          0       3745   stm32f1xx_hal_gpio.o
        72         10          0          0          0        990   stm32f1xx_hal_msp.o
      1342        102         18          0          0       7876   stm32f1xx_hal_rcc.o
      1718         56          0          0          0      16038   stm32f1xx_hal_tim.o
       108         12          0          0          0       2641   stm32f1xx_hal_tim_ex.o
       152         20          0          0         72       1655   stm32f1xx_hal_timebase_tim.o
       636          6          0          0          0       4992   stm32f1xx_hal_uart.o
        28          6          0          0          0       3443   stm32f1xx_it.o
         0          0          0          0          0        432   stream_buffer.o
         2          0         24          4          0       1299   system_stm32f1xx.o
      2708        218          0         60       1220      31815   tasks.o
       420         48          0          0        144       3906   tim.o
       972         80          0         20        280      33095   timers.o
       168         20          0          0         72       1918   usart.o

    ----------------------------------------------------------------------
     13594        922        500        168       8272     717874   Object Totals
         0          0         32          0          0          0   (incl. Generated)
        38          0          4          2          2          0   (incl. Padding)

    ----------------------------------------------------------------------

      Code (inc. data)   RO Data    RW Data    ZI Data      Debug   Library Member Name

        44          6          0          0          0         84   __2sprintf.o
         8          0          0          0          0         68   __main.o
       184          0          0          0          0         84   __printf_ss.o
         0          0          0          0          0          0   __rtentry.o
        12          0          0          0          0          0   __rtentry2.o
         6          0          0          0          0          0   __rtentry4.o
        52          8          0          0          0          0   __scatter.o
        26          0          0          0          0          0   __scatter_copy.o
        28          0          0          0          0          0   __scatter_zi.o
        48          6          0          0          0         96   _printf_char_common.o
         6          0          0          0          0          0   _printf_d.o
       120         16          0          0          0         92   _printf_dec.o
       178          0          0          0          0         88   _printf_intcommon.o
         0          0          0          0          0          0   _printf_percent.o
         4          0          0          0          0          0   _printf_percent_end.o
        10          0          0          0          0         68   _sputc.o
        16          0          0          0          0         68   aeabi_memset.o
        18          0          0          0          0         80   exit.o
         6          0          0          0          0        152   heapauxi.o
         0          0          0          0          0          0   indicate_semi.o
         2          0          0          0          0          0   libinit.o
         2          0          0          0          0          0   libinit2.o
         2          0          0          0          0          0   libshutdown.o
         2          0          0          0          0          0   libshutdown2.o
         8          4          0          0         96         68   libspace.o
        68          0          0          0          0         68   rt_memclr.o
        78          0          0          0          0         80   rt_memclr_w.o
       138          0          0          0          0         68   rt_memcpy_v6.o
       100          0          0          0          0         80   rt_memcpy_w.o
         2          0          0          0          0          0   rtexit.o
        10          0          0          0          0          0   rtexit2.o
        12          4          0          0          0         68   sys_exit.o
        74          0          0          0          0         80   sys_stackheap_outer.o
         2          0          0          0          0         68   use_no_semi.o

    ----------------------------------------------------------------------
      1270         44          0          0         96       1460   Library Totals
         4          0          0          0          0          0   (incl. Padding)

    ----------------------------------------------------------------------

      Code (inc. data)   RO Data    RW Data    ZI Data      Debug   Library Name

      1266         44          0          0         96       1460   c_w.l

    ----------------------------------------------------------------------
      1270         44          0          0         96       1460   Library Totals

    ----------------------------------------------------------------------

==============================================================================


      Code (inc. data)   RO Data    RW Data    ZI Data      Debug   

     14864        966        500        168       8368     711114   Grand Totals
     14864        966        500        168       8368     711114   ELF Image Totals
     14864        966        500        168          0          0   ROM Totals

==============================================================================

    Total RO  Size (Code + RO Data)                15364 (  15.00kB)
    Total RW  Size (RW Data + ZI Data)              8536 (   8.34kB)
    Total ROM Size (Code + RO Data + RW Data)      15532 (  15.17kB)

==============================================================================

