Component: ARM Compiler 5.06 update 7 (build 960) Tool: armlink [4d3601]

==============================================================================

Section Cross References

    startup_stm32f103xb.o(STACK) refers (Special) to heapauxi.o(.text) for __use_two_region_memory
    startup_stm32f103xb.o(HEAP) refers (Special) to heapauxi.o(.text) for __use_two_region_memory
    startup_stm32f103xb.o(RESET) refers (Special) to heapauxi.o(.text) for __use_two_region_memory
    startup_stm32f103xb.o(RESET) refers to startup_stm32f103xb.o(STACK) for __initial_sp
    startup_stm32f103xb.o(RESET) refers to startup_stm32f103xb.o(.text) for Reset_Handler
    startup_stm32f103xb.o(RESET) refers to stm32f1xx_it.o(i.NMI_Handler) for NMI_Handler
    startup_stm32f103xb.o(RESET) refers to stm32f1xx_it.o(i.HardFault_Handler) for HardFault_Handler
    startup_stm32f103xb.o(RESET) refers to stm32f1xx_it.o(i.MemManage_Handler) for MemManage_Handler
    startup_stm32f103xb.o(RESET) refers to stm32f1xx_it.o(i.BusFault_Handler) for BusFault_Handler
    startup_stm32f103xb.o(RESET) refers to stm32f1xx_it.o(i.UsageFault_Handler) for UsageFault_Handler
    startup_stm32f103xb.o(RESET) refers to port.o(.emb_text) for SVC_Handler
    startup_stm32f103xb.o(RESET) refers to stm32f1xx_it.o(i.DebugMon_Handler) for DebugMon_Handler
    startup_stm32f103xb.o(RESET) refers to cmsis_os2.o(i.SysTick_Handler) for SysTick_Handler
    startup_stm32f103xb.o(RESET) refers to stm32f1xx_it.o(i.TIM3_IRQHandler) for TIM3_IRQHandler
    startup_stm32f103xb.o(RESET) refers to stm32f1xx_it.o(i.TIM4_IRQHandler) for TIM4_IRQHandler
    startup_stm32f103xb.o(.text) refers (Special) to heapauxi.o(.text) for __use_two_region_memory
    startup_stm32f103xb.o(.text) refers to system_stm32f1xx.o(i.SystemInit) for SystemInit
    startup_stm32f103xb.o(.text) refers to __main.o(!!!main) for __main
    startup_stm32f103xb.o(.text) refers to startup_stm32f103xb.o(HEAP) for Heap_Mem
    startup_stm32f103xb.o(.text) refers to startup_stm32f103xb.o(STACK) for Stack_Mem
    motor.o(i.Motor_Init) refers to stm32f1xx_hal_tim.o(i.HAL_TIM_PWM_Start) for HAL_TIM_PWM_Start
    motor.o(i.Motor_Init) refers to stm32f1xx_hal_gpio.o(i.HAL_GPIO_WritePin) for HAL_GPIO_WritePin
    motor.o(i.Motor_SetSpeed) refers to stm32f1xx_hal_gpio.o(i.HAL_GPIO_WritePin) for HAL_GPIO_WritePin
    motor.o(i.Motor_SetSpeed) refers to motor.o(i.Motor_Stop) for Motor_Stop
    motor.o(i.Motor_Stop) refers to stm32f1xx_hal_gpio.o(i.HAL_GPIO_WritePin) for HAL_GPIO_WritePin
    main.o(i.HAL_TIM_PeriodElapsedCallback) refers to stm32f1xx_hal.o(i.HAL_IncTick) for HAL_IncTick
    main.o(i.SystemClock_Config) refers to rt_memclr_w.o(.text) for __aeabi_memclr4
    main.o(i.SystemClock_Config) refers to stm32f1xx_hal_rcc.o(i.HAL_RCC_OscConfig) for HAL_RCC_OscConfig
    main.o(i.SystemClock_Config) refers to main.o(i.Error_Handler) for Error_Handler
    main.o(i.SystemClock_Config) refers to stm32f1xx_hal_rcc.o(i.HAL_RCC_ClockConfig) for HAL_RCC_ClockConfig
    main.o(i.main) refers to stm32f1xx_hal.o(i.HAL_Init) for HAL_Init
    main.o(i.main) refers to main.o(i.SystemClock_Config) for SystemClock_Config
    main.o(i.main) refers to gpio.o(i.MX_GPIO_Init) for MX_GPIO_Init
    main.o(i.main) refers to tim.o(i.MX_TIM3_Init) for MX_TIM3_Init
    main.o(i.main) refers to motor.o(i.Motor_Init) for Motor_Init
    main.o(i.main) refers to cmsis_os2.o(i.osKernelInitialize) for osKernelInitialize
    main.o(i.main) refers to freertos.o(i.MX_FREERTOS_Init) for MX_FREERTOS_Init
    main.o(i.main) refers to cmsis_os2.o(i.osKernelStart) for osKernelStart
    main.o(i.main) refers to tim.o(.bss) for htim3
    main.o(i.main) refers to main.o(.bss) for motor1
    gpio.o(i.MX_GPIO_Init) refers to stm32f1xx_hal_gpio.o(i.HAL_GPIO_WritePin) for HAL_GPIO_WritePin
    gpio.o(i.MX_GPIO_Init) refers to stm32f1xx_hal_gpio.o(i.HAL_GPIO_Init) for HAL_GPIO_Init
    freertos.o(i.MX_FREERTOS_Init) refers to cmsis_os2.o(i.osThreadNew) for osThreadNew
    freertos.o(i.MX_FREERTOS_Init) refers to freertos.o(.constdata) for LedTask_attributes
    freertos.o(i.MX_FREERTOS_Init) refers to freertos.o(i.Start_LedTask) for Start_LedTask
    freertos.o(i.MX_FREERTOS_Init) refers to freertos.o(.data) for LedTaskHandle
    freertos.o(i.MX_FREERTOS_Init) refers to freertos.o(i.Start_MotorTask) for Start_MotorTask
    freertos.o(i.MX_FREERTOS_Init) refers to freertos.o(i.Start_UartTask) for Start_UartTask
    freertos.o(i.Start_LedTask) refers to cmsis_os2.o(i.osDelay) for osDelay
    freertos.o(i.Start_MotorTask) refers to motor.o(i.Motor_SetSpeed) for Motor_SetSpeed
    freertos.o(i.Start_MotorTask) refers to stm32f1xx_hal_gpio.o(i.HAL_GPIO_TogglePin) for HAL_GPIO_TogglePin
    freertos.o(i.Start_MotorTask) refers to cmsis_os2.o(i.osDelay) for osDelay
    freertos.o(i.Start_MotorTask) refers to motor.o(i.Motor_Stop) for Motor_Stop
    freertos.o(i.Start_MotorTask) refers to main.o(.bss) for motor1
[...]
    ..\Middlewares\Third_Party\FreeRTOS\Source\portable\RVDS\ARM_CM3\port.c 0x00000000   Number         0  port.o ABSOLUTE
    ..\\Core\\Src\\motor.c                   0x00000000   Number         0  motor.o ABSOLUTE
    dc.s                                     0x00000000   Number         0  dc.o ABSOLUTE
    startup_stm32f103xb.s                    0x00000000   Number         0  startup_stm32f103xb.o ABSOLUTE
    RESET                                    0x08000000   Section      236  startup_stm32f103xb.o(RESET)
    !!!main                                  0x080000ec   Section        8  __main.o(!!!main)
    !!!scatter                               0x080000f4   Section       52  __scatter.o(!!!scatter)
    !!handler_copy                           0x08000128   Section       26  __scatter_copy.o(!!handler_copy)
    !!handler_zi                             0x08000144   Section       28  __scatter_zi.o(!!handler_zi)
    .ARM.Collect$$libinit$$00000000          0x08000160   Section        2  libinit.o(.ARM.Collect$$libinit$$00000000)
    .ARM.Collect$$libinit$$00000002          0x08000162   Section        0  libinit2.o(.ARM.Collect$$libinit$$00000002)
    .ARM.Collect$$libinit$$00000004          0x08000162   Section        0  libinit2.o(.ARM.Collect$$libinit$$00000004)
    .ARM.Collect$$libinit$$0000000A          0x08000162   Section        0  libinit2.o(.ARM.Collect$$libinit$$0000000A)
    .ARM.Collect$$libinit$$0000000C          0x08000162   Section        0  libinit2.o(.ARM.Collect$$libinit$$0000000C)
    .ARM.Collect$$libinit$$0000000E          0x08000162   Section        0  libinit2.o(.ARM.Collect$$libinit$$0000000E)
    .ARM.Collect$$libinit$$00000011          0x08000162   Section        0  libinit2.o(.ARM.Collect$$libinit$$00000011)
    .ARM.Collect$$libinit$$00000013          0x08000162   Section        0  libinit2.o(.ARM.Collect$$libinit$$00000013)
    .ARM.Collect$$libinit$$00000015          0x08000162   Section        0  libinit2.o(.ARM.Collect$$libinit$$00000015)
    .ARM.Collect$$libinit$$00000017          0x08000162   Section        0  libinit2.o(.ARM.Collect$$libinit$$00000017)
    .ARM.Collect$$libinit$$00000019          0x08000162   Section        0  libinit2.o(.ARM.Collect$$libinit$$00000019)
    .ARM.Collect$$libinit$$0000001B          0x08000162   Section        0  libinit2.o(.ARM.Collect$$libinit$$0000001B)
    .ARM.Collect$$libinit$$0000001D          0x08000162   Section        0  libinit2.o(.ARM.Collect$$libinit$$0000001D)
    .ARM.Collect$$libinit$$0000001F          0x08000162   Section        0  libinit2.o(.ARM.Collect$$libinit$$0000001F)
    .ARM.Collect$$libinit$$00000021          0x08000162   Section        0  libinit2.o(.ARM.Collect$$libinit$$00000021)
    .ARM.Collect$$libinit$$00000023          0x08000162   Section        0  libinit2.o(.ARM.Collect$$libinit$$00000023)
    .ARM.Collect$$libinit$$00000025          0x08000162   Section        0  libinit2.o(.ARM.Collect$$libinit$$00000025)
    .ARM.Collect$$libinit$$0000002C          0x08000162   Section        0  libinit2.o(.ARM.Collect$$libinit$$0000002C)
    .ARM.Collect$$libinit$$0000002E          0x08000162   Section        0  libinit2.o(.ARM.Collect$$libinit$$0000002E)
    .ARM.Collect$$libinit$$00000030          0x08000162   Section        0  libinit2.o(.ARM.Collect$$libinit$$00000030)
    .ARM.Collect$$libinit$$00000032          0x08000162   Section        0  libinit2.o(.ARM.Collect$$libinit$$00000032)
    .ARM.Collect$$libinit$$00000033          0x08000162   Section        2  libinit2.o(.ARM.Collect$$libinit$$00000033)
    .ARM.Collect$$libshutdown$$00000000      0x08000164   Section        2  libshutdown.o(.ARM.Collect$$libshutdown$$00000000)
    .ARM.Collect$$libshutdown$$00000002      0x08000166   Section        0  libshutdown2.o(.ARM.Collect$$libshutdown$$00000002)
    .ARM.Collect$$libshutdown$$00000004      0x08000166   Section        0  libshutdown2.o(.ARM.Collect$$libshutdown$$00000004)
    .ARM.Collect$$libshutdown$$00000006      0x08000166   Section        0  libshutdown2.o(.ARM.Collect$$libshutdown$$00000006)
    .ARM.Collect$$libshutdown$$00000009      0x08000166   Section        0  libshutdown2.o(.ARM.Collect$$libshutdown$$00000009)
    .ARM.Collect$$libshutdown$$0000000C      0x08000166   Section        0  libshutdown2.o(.ARM.Collect$$libshutdown$$0000000C)
    .ARM.Collect$$libshutdown$$0000000E      0x08000166   Section        0  libshutdown2.o(.ARM.Collect$$libshutdown$$0000000E)
    .ARM.Collect$$libshutdown$$00000011      0x08000166   Section        0  libshutdown2.o(.ARM.Collect$$libshutdown$$00000011)
    .ARM.Collect$$libshutdown$$00000012      0x08000166   Section        2  libshutdown2.o(.ARM.Collect$$libshutdown$$00000012)
    .ARM.Collect$$rtentry$$00000000          0x08000168   Section        0  __rtentry.o(.ARM.Collect$$rtentry$$00000000)
    .ARM.Collect$$rtentry$$00000002          0x08000168   Section        0  __rtentry2.o(.ARM.Collect$$rtentry$$00000002)
    .ARM.Collect$$rtentry$$00000004          0x08000168   Section        6  __rtentry4.o(.ARM.Collect$$rtentry$$00000004)
    .ARM.Collect$$rtentry$$00000009          0x0800016e   Section        0  __rtentry2.o(.ARM.Collect$$rtentry$$00000009)
    .ARM.Collect$$rtentry$$0000000A          0x0800016e   Section        4  __rtentry2.o(.ARM.Collect$$rtentry$$0000000A)
    .ARM.Collect$$rtentry$$0000000C          0x08000172   Section        0  __rtentry2.o(.ARM.Collect$$rtentry$$0000000C)
    .ARM.Collect$$rtentry$$0000000D          0x08000172   Section        8  __rtentry2.o(.ARM.Collect$$rtentry$$0000000D)
    .ARM.Collect$$rtexit$$00000000           0x0800017a   Section        2  rtexit.o(.ARM.Collect$$rtexit$$00000000)
    .ARM.Collect$$rtexit$$00000002           0x0800017c   Section        0  rtexit2.o(.ARM.Collect$$rtexit$$00000002)
    .ARM.Collect$$rtexit$$00000003           0x0800017c   Section        4  rtexit2.o(.ARM.Collect$$rtexit$$00000003)
    .ARM.Collect$$rtexit$$00000004           0x08000180   Section        6  rtexit2.o(.ARM.Collect$$rtexit$$00000004)
    .emb_text                                0x08000188   Section      150  port.o(.emb_text)
    .text                                    0x08000220   Section       64  startup_stm32f103xb.o(.text)
    .text                                    0x08000260   Section      138  rt_memcpy_v6.o(.text)
    .text                                    0x080002ea   Section       16  aeabi_memset.o(.text)
    .text                                    0x080002fa   Section       78  rt_memclr_w.o(.text)
    .text                                    0x08000348   Section        0  heapauxi.o(.text)
    .text                                    0x0800034e   Section      100  rt_memcpy_w.o(.text)
    .text                                    0x080003b2   Section       68  rt_memclr.o(.text)
    .text                                    0x080003f6   Section       74  sys_stackheap_outer.o(.text)
    .text                                    0x08000440   Section        0  exit.o(.text)
    .text                                    0x08000454   Section        8  libspace.o(.text)
    .text                                    0x0800045c   Section        0  sys_exit.o(.text)
    .text                                    0x08000468   Section        2  use_no_semi.o(.text)
    .text                                    0x0800046a   Section        0  indicate_semi.o(.text)
    i.BusFault_Handler                       0x0800046a   Section        0  stm32f1xx_it.o(i.BusFault_Handler)
    i.DebugMon_Handler                       0x0800046e   Section        0  stm32f1xx_it.o(i.DebugMon_Handler)
    i.Error_Handler                          0x08000470   Section        0  main.o(i.Error_Handler)
    i.HAL_GPIO_Init                          0x08000478   Section        0  stm32f1xx_hal_gpio.o(i.HAL_GPIO_Init)
    i.HAL_GPIO_TogglePin                     0x08000798   Section        0  stm32f1xx_hal_gpio.o(i.HAL_GPIO_TogglePin)
    i.HAL_GPIO_WritePin                      0x080007ac   Section        0  stm32f1xx_hal_gpio.o(i.HAL_GPIO_WritePin)
    i.HAL_GetTick                            0x080007b8   Section        0  stm32f1xx_hal.o(i.HAL_GetTick)
    i.HAL_IncTick                            0x080007c4   Section        0  stm32f1xx_hal.o(i.HAL_IncTick)
    i.HAL_Init                               0x080007dc   Section        0  stm32f1xx_hal.o(i.HAL_Init)
    i.HAL_InitTick                           0x08000804   Section        0  stm32f1xx_hal_timebase_tim.o(i.HAL_InitTick)
    i.HAL_MspInit                            0x080008b8   Section        0  stm32f1xx_hal_msp.o(i.HAL_MspInit)
    i.HAL_NVIC_EnableIRQ                     0x08000918   Section        0  stm32f1xx_hal_cortex.o(i.HAL_NVIC_EnableIRQ)
    i.HAL_NVIC_SetPriority                   0x08000938   Section        0  stm32f1xx_hal_cortex.o(i.HAL_NVIC_SetPriority)
    i.HAL_NVIC_SetPriorityGrouping           0x080009b4   Section        0  stm32f1xx_hal_cortex.o(i.HAL_NVIC_SetPriorityGrouping)
    i.HAL_RCC_ClockConfig                    0x080009dc   Section        0  stm32f1xx_hal_rcc.o(i.HAL_RCC_ClockConfig)
    i.HAL_RCC_GetClockConfig                 0x08000b68   Section        0  stm32f1xx_hal_rcc.o(i.HAL_RCC_GetClockConfig)
    i.HAL_RCC_GetHCLKFreq                    0x08000bac   Section        0  stm32f1xx_hal_rcc.o(i.HAL_RCC_GetHCLKFreq)
    i.HAL_RCC_GetPCLK1Freq                   0x08000bb8   Section        0  stm32f1xx_hal_rcc.o(i.HAL_RCC_GetPCLK1Freq)
    i.HAL_RCC_GetSysClockFreq                0x08000bd8   Section        0  stm32f1xx_hal_rcc.o(i.HAL_RCC_GetSysClockFreq)
    i.HAL_RCC_OscConfig                      0x08000c48   Section        0  stm32f1xx_hal_rcc.o(i.HAL_RCC_OscConfig)
    i.HAL_TIMEx_BreakCallback                0x080010ac   Section        0  stm32f1xx_hal_tim_ex.o(i.HAL_TIMEx_BreakCallback)
    i.HAL_TIMEx_CommutCallback               0x080010ae   Section        0  stm32f1xx_hal_tim_ex.o(i.HAL_TIMEx_CommutCallback)
    i.HAL_TIMEx_MasterConfigSynchronization  0x080010b0   Section        0  stm32f1xx_hal_tim_ex.o(i.HAL_TIMEx_MasterConfigSynchronization)
    i.HAL_TIM_Base_Init                      0x08001134   Section        0  stm32f1xx_hal_tim.o(i.HAL_TIM_Base_Init)
    i.HAL_TIM_Base_MspInit                   0x0800119a   Section        0  stm32f1xx_hal_tim.o(i.HAL_TIM_Base_MspInit)
    i.HAL_TIM_Base_Start_IT                  0x0800119c   Section        0  stm32f1xx_hal_tim.o(i.HAL_TIM_Base_Start_IT)
    i.HAL_TIM_IC_CaptureCallback             0x08001214   Section        0  stm32f1xx_hal_tim.o(i.HAL_TIM_IC_CaptureCallback)
    i.HAL_TIM_IRQHandler                     0x08001216   Section        0  stm32f1xx_hal_tim.o(i.HAL_TIM_IRQHandler)
    i.HAL_TIM_MspPostInit                    0x08001384   Section        0  tim.o(i.HAL_TIM_MspPostInit)
    i.HAL_TIM_OC_DelayElapsedCallback        0x080013dc   Section        0  stm32f1xx_hal_tim.o(i.HAL_TIM_OC_DelayElapsedCallback)
    i.HAL_TIM_PWM_ConfigChannel              0x080013de   Section        0  stm32f1xx_hal_tim.o(i.HAL_TIM_PWM_ConfigChannel)
    i.HAL_TIM_PWM_Init                       0x080014e2   Section        0  stm32f1xx_hal_tim.o(i.HAL_TIM_PWM_Init)
    i.HAL_TIM_PWM_MspInit                    0x08001548   Section        0  tim.o(i.HAL_TIM_PWM_MspInit)
    i.HAL_TIM_PWM_PulseFinishedCallback      0x0800158c   Section        0  stm32f1xx_hal_tim.o(i.HAL_TIM_PWM_PulseFinishedCallback)
    i.HAL_TIM_PWM_Start                      0x08001590   Section        0  stm32f1xx_hal_tim.o(i.HAL_TIM_PWM_Start)
    i.HAL_TIM_PeriodElapsedCallback          0x08001664   Section        0  main.o(i.HAL_TIM_PeriodElapsedCallback)
    i.HAL_TIM_TriggerCallback                0x0800167c   Section        0  stm32f1xx_hal_tim.o(i.HAL_TIM_TriggerCallback)
    i.HardFault_Handler                      0x0800167e   Section        0  stm32f1xx_it.o(i.HardFault_Handler)
    i.MX_FREERTOS_Init                       0x08001684   Section        0  freertos.o(i.MX_FREERTOS_Init)
    i.MX_GPIO_Init                           0x080016d8   Section        0  gpio.o(i.MX_GPIO_Init)
    i.MX_TIM3_Init                           0x080017ac   Section        0  tim.o(i.MX_TIM3_Init)
    i.MemManage_Handler                      0x08001828   Section        0  stm32f1xx_it.o(i.MemManage_Handler)
    i.Motor_Init                             0x0800182c   Section        0  motor.o(i.Motor_Init)
    i.Motor_SetSpeed                         0x0800188c   Section        0  motor.o(i.Motor_SetSpeed)
    i.Motor_Stop                             0x08001988   Section        0  motor.o(i.Motor_Stop)
    i.NMI_Handler                            0x080019f4   Section        0  stm32f1xx_it.o(i.NMI_Handler)
    i.RCC_Delay                              0x080019f8   Section        0  stm32f1xx_hal_rcc.o(i.RCC_Delay)
    RCC_Delay                                0x080019f9   Thumb Code    36  stm32f1xx_hal_rcc.o(i.RCC_Delay)
    i.Start_LedTask                          0x08001a20   Section        0  freertos.o(i.Start_LedTask)
    i.Start_MotorTask                        0x08001a2c   Section        0  freertos.o(i.Start_MotorTask)
    i.Start_UartTask                         0x08001a90   Section        0  freertos.o(i.Start_UartTask)
    i.SysTick_Handler                        0x08001a9a   Section        0  cmsis_os2.o(i.SysTick_Handler)
    i.SystemClock_Config                     0x08001ab0   Section        0  main.o(i.SystemClock_Config)
    i.SystemInit                             0x08001b16   Section        0  system_stm32f1xx.o(i.SystemInit)
    i.TIM3_IRQHandler                        0x08001b18   Section        0  stm32f1xx_it.o(i.TIM3_IRQHandler)
    i.TIM4_IRQHandler                        0x08001b28   Section        0  stm32f1xx_it.o(i.TIM4_IRQHandler)
    i.TIM_Base_SetConfig                     0x08001b38   Section        0  stm32f1xx_hal_tim.o(i.TIM_Base_SetConfig)
    i.TIM_CCxChannelCmd                      0x08001bbc   Section        0  stm32f1xx_hal_tim.o(i.TIM_CCxChannelCmd)
    i.TIM_OC1_SetConfig                      0x08001be0   Section        0  stm32f1xx_hal_tim.o(i.TIM_OC1_SetConfig)
    TIM_OC1_SetConfig                        0x08001be1   Thumb Code    90  stm32f1xx_hal_tim.o(i.TIM_OC1_SetConfig)
    i.TIM_OC2_SetConfig                      0x08001c40   Section        0  stm32f1xx_hal_tim.o(i.TIM_OC2_SetConfig)
    i.TIM_OC3_SetConfig                      0x08001ca8   Section        0  stm32f1xx_hal_tim.o(i.TIM_OC3_SetConfig)
    TIM_OC3_SetConfig                        0x08001ca9   Thumb Code    98  stm32f1xx_hal_tim.o(i.TIM_OC3_SetConfig)
    i.TIM_OC4_SetConfig                      0x08001d10   Section        0  stm32f1xx_hal_tim.o(i.TIM_OC4_SetConfig)
    TIM_OC4_SetConfig                        0x08001d11   Thumb Code    68  stm32f1xx_hal_tim.o(i.TIM_OC4_SetConfig)
    i.UsageFault_Handler                     0x08001d58   Section        0  stm32f1xx_it.o(i.UsageFault_Handler)
    i.__NVIC_GetPriorityGrouping             0x08001d5c   Section        0  stm32f1xx_hal_cortex.o(i.__NVIC_GetPriorityGrouping)
    __NVIC_GetPriorityGrouping               0x08001d5d   Thumb Code    10  stm32f1xx_hal_cortex.o(i.__NVIC_GetPriorityGrouping)
    i.__NVIC_SetPriority                     0x08001d6c   Section        0  stm32f1xx_hal_cortex.o(i.__NVIC_SetPriority)
    __NVIC_SetPriority                       0x08001d6d   Thumb Code    32  stm32f1xx_hal_cortex.o(i.__NVIC_SetPriority)
    i.__get_IPSR                             0x08001d94   Section        0  cmsis_os2.o(i.__get_IPSR)
    __get_IPSR                               0x08001d95   Thumb Code     6  cmsis_os2.o(i.__get_IPSR)
    i.main                                   0x08001d9c   Section        0  main.o(i.main)
    i.osDelay                                0x08001e00   Section        0  cmsis_os2.o(i.osDelay)
    i.osKernelInitialize                     0x08001e20   Section        0  cmsis_os2.o(i.osKernelInitialize)
    i.osKernelStart                          0x08001e4c   Section        0  cmsis_os2.o(i.osKernelStart)
    i.osThreadNew                            0x08001eac   Section        0  cmsis_os2.o(i.osThreadNew)
    i.prvAddCurrentTaskToDelayedList         0x08001f64   Section        0  tasks.o(i.prvAddCurrentTaskToDelayedList)
    prvAddCurrentTaskToDelayedList           0x08001f65   Thumb Code   100  tasks.o(i.prvAddCurrentTaskToDelayedList)
    i.prvAddNewTaskToReadyList               0x08001fe0   Section        0  tasks.o(i.prvAddNewTaskToReadyList)
    prvAddNewTaskToReadyList                 0x08001fe1   Thumb Code   154  tasks.o(i.prvAddNewTaskToReadyList)
    i.prvCheckForValidListAndQueue           0x08002098   Section        0  timers.o(i.prvCheckForValidListAndQueue)
    prvCheckForValidListAndQueue             0x08002099   Thumb Code    78  timers.o(i.prvCheckForValidListAndQueue)
    i.prvCheckTasksWaitingTermination        0x0800210c   Section        0  tasks.o(i.prvCheckTasksWaitingTermination)
    prvCheckTasksWaitingTermination          0x0800210d   Thumb Code    60  tasks.o(i.prvCheckTasksWaitingTermination)
    i.prvCopyDataFromQueue                   0x08002154   Section        0  queue.o(i.prvCopyDataFromQueue)
    prvCopyDataFromQueue                     0x08002155   Thumb Code    42  queue.o(i.prvCopyDataFromQueue)
    i.prvCopyDataToQueue                     0x0800217e   Section        0  queue.o(i.prvCopyDataToQueue)
    prvCopyDataToQueue                       0x0800217f   Thumb Code   126  queue.o(i.prvCopyDataToQueue)
    i.prvDeleteTCB                           0x080021fc   Section        0  tasks.o(i.prvDeleteTCB)
    prvDeleteTCB                             0x080021fd   Thumb Code    80  tasks.o(i.prvDeleteTCB)
    i.prvGetNextExpireTime                   0x0800224c   Section        0  timers.o(i.prvGetNextExpireTime)
    prvGetNextExpireTime                     0x0800224d   Thumb Code    36  timers.o(i.prvGetNextExpireTime)
    i.prvHeapInit                            0x08002274   Section        0  heap_4.o(i.prvHeapInit)
    prvHeapInit                              0x08002275   Thumb Code    98  heap_4.o(i.prvHeapInit)
    i.prvIdleTask                            0x080022f0   Section        0  tasks.o(i.prvIdleTask)
    prvIdleTask                              0x080022f1   Thumb Code    32  tasks.o(i.prvIdleTask)
    i.prvInitialiseNewQueue                  0x08002318   Section        0  queue.o(i.prvInitialiseNewQueue)
    prvInitialiseNewQueue                    0x08002319   Thumb Code    42  queue.o(i.prvInitialiseNewQueue)
    i.prvInitialiseNewTask                   0x08002342   Section        0  tasks.o(i.prvInitialiseNewTask)
    prvInitialiseNewTask                     0x08002343   Thumb Code   190  tasks.o(i.prvInitialiseNewTask)
    i.prvInitialiseTaskLists                 0x08002400   Section        0  tasks.o(i.prvInitialiseTaskLists)
    prvInitialiseTaskLists                   0x08002401   Thumb Code    70  tasks.o(i.prvInitialiseTaskLists)
    i.prvInsertBlockIntoFreeList             0x08002468   Section        0  heap_4.o(i.prvInsertBlockIntoFreeList)
    prvInsertBlockIntoFreeList               0x08002469   Thumb Code    96  heap_4.o(i.prvInsertBlockIntoFreeList)
    i.prvInsertTimerInActiveList             0x080024d0   Section        0  timers.o(i.prvInsertTimerInActiveList)
    prvInsertTimerInActiveList               0x080024d1   Thumb Code    80  timers.o(i.prvInsertTimerInActiveList)
    i.prvIsQueueEmpty                        0x08002528   Section        0  queue.o(i.prvIsQueueEmpty)
    prvIsQueueEmpty                          0x08002529   Thumb Code    26  queue.o(i.prvIsQueueEmpty)
    i.prvIsQueueFull                         0x08002542   Section        0  queue.o(i.prvIsQueueFull)
    prvIsQueueFull                           0x08002543   Thumb Code    30  queue.o(i.prvIsQueueFull)
    i.prvProcessExpiredTimer                 0x08002560   Section        0  timers.o(i.prvProcessExpiredTimer)
    prvProcessExpiredTimer                   0x08002561   Thumb Code   110  timers.o(i.prvProcessExpiredTimer)
    i.prvProcessReceivedCommands             0x080025d4   Section        0  timers.o(i.prvProcessReceivedCommands)
    prvProcessReceivedCommands               0x080025d5   Thumb Code   350  timers.o(i.prvProcessReceivedCommands)
    i.prvProcessTimerOrBlockTask             0x08002738   Section        0  timers.o(i.prvProcessTimerOrBlockTask)
    prvProcessTimerOrBlockTask               0x08002739   Thumb Code   102  timers.o(i.prvProcessTimerOrBlockTask)
    i.prvResetNextTaskUnblockTime            0x080027ac   Section        0  tasks.o(i.prvResetNextTaskUnblockTime)
    prvResetNextTaskUnblockTime              0x080027ad   Thumb Code    42  tasks.o(i.prvResetNextTaskUnblockTime)
    i.prvSampleTimeNow                       0x080027e0   Section        0  timers.o(i.prvSampleTimeNow)
    prvSampleTimeNow                         0x080027e1   Thumb Code    40  timers.o(i.prvSampleTimeNow)
    i.prvSwitchTimerLists                    0x0800280c   Section        0  timers.o(i.prvSwitchTimerLists)
    prvSwitchTimerLists                      0x0800280d   Thumb Code   154  timers.o(i.prvSwitchTimerLists)
    i.prvTaskExitError                       0x080028b0   Section        0  port.o(i.prvTaskExitError)
    prvTaskExitError                         0x080028b1   Thumb Code    60  port.o(i.prvTaskExitError)
    i.prvTimerTask                           0x080028f0   Section        0  timers.o(i.prvTimerTask)
    prvTimerTask                             0x080028f1   Thumb Code    26  timers.o(i.prvTimerTask)
    i.prvUnlockQueue                         0x0800290a   Section        0  queue.o(i.prvUnlockQueue)
    prvUnlockQueue                           0x0800290b   Thumb Code   126  queue.o(i.prvUnlockQueue)
    i.pvPortMalloc                           0x08002988   Section        0  heap_4.o(i.pvPortMalloc)
    i.pxPortInitialiseStack                  0x08002ad4   Section        0  port.o(i.pxPortInitialiseStack)
    i.uxListRemove                           0x08002af8   Section        0  list.o(i.uxListRemove)
    i.vApplicationGetIdleTaskMemory          0x08002b20   Section        0  cmsis_os2.o(i.vApplicationGetIdleTaskMemory)
    i.vApplicationGetTimerTaskMemory         0x08002b38   Section        0  cmsis_os2.o(i.vApplicationGetTimerTaskMemory)
    i.vListInitialise                        0x08002b50   Section        0  list.o(i.vListInitialise)
    i.vListInitialiseItem                    0x08002b6a   Section        0  list.o(i.vListInitialiseItem)
    i.vListInsert                            0x08002b70   Section        0  list.o(i.vListInsert)
    i.vListInsertEnd                         0x08002ba4   Section        0  list.o(i.vListInsertEnd)
    i.vPortEnterCritical                     0x08002bbc   Section        0  port.o(i.vPortEnterCritical)
    i.vPortExitCritical                      0x08002c10   Section        0  port.o(i.vPortExitCritical)
    i.vPortFree                              0x08002c4c   Section        0  heap_4.o(i.vPortFree)
    i.vPortSetupTimerInterrupt               0x08002cf0   Section        0  port.o(i.vPortSetupTimerInterrupt)
    i.vPortValidateInterruptPriority         0x08002d18   Section        0  port.o(i.vPortValidateInterruptPriority)
    i.vQueueAddToRegistry                    0x08002d90   Section        0  queue.o(i.vQueueAddToRegistry)
    i.vQueueWaitForMessageRestricted         0x08002dbc   Section        0  queue.o(i.vQueueWaitForMessageRestricted)
    i.vTaskDelay                             0x08002e08   Section        0  tasks.o(i.vTaskDelay)
    i.vTaskInternalSetTimeOutState           0x08002e64   Section        0  tasks.o(i.vTaskInternalSetTimeOutState)
    i.vTaskMissedYield                       0x08002e7c   Section        0  tasks.o(i.vTaskMissedYield)
    i.vTaskPlaceOnEventList                  0x08002e88   Section        0  tasks.o(i.vTaskPlaceOnEventList)
    i.vTaskPlaceOnEventListRestricted        0x08002ec0   Section        0  tasks.o(i.vTaskPlaceOnEventListRestricted)
    i.vTaskStartScheduler                    0x08002f00   Section        0  tasks.o(i.vTaskStartScheduler)
    i.vTaskSuspendAll                        0x08002fb8   Section        0  tasks.o(i.vTaskSuspendAll)
    i.vTaskSwitchContext                     0x08002fc8   Section        0  tasks.o(i.vTaskSwitchContext)
    i.xPortStartScheduler                    0x08003058   Section        0  port.o(i.xPortStartScheduler)
    i.xPortSysTickHandler                    0x08003150   Section        0  port.o(i.xPortSysTickHandler)
    i.xQueueGenericCreateStatic              0x08003184   Section        0  queue.o(i.xQueueGenericCreateStatic)
    i.xQueueGenericReset                     0x08003264   Section        0  queue.o(i.xQueueGenericReset)
    i.xQueueGenericSend                      0x080032fc   Section        0  queue.o(i.xQueueGenericSend)
    i.xQueueGenericSendFromISR               0x080034a4   Section        0  queue.o(i.xQueueGenericSendFromISR)
    i.xQueueReceive                          0x080035a0   Section        0  queue.o(i.xQueueReceive)
    i.xTaskCheckForTimeOut                   0x08003708   Section        0  tasks.o(i.xTaskCheckForTimeOut)
    i.xTaskCreate                            0x08003794   Section        0  tasks.o(i.xTaskCreate)
    i.xTaskCreateStatic                      0x080037f8   Section        0  tasks.o(i.xTaskCreateStatic)
    i.xTaskGetSchedulerState                 0x080038b4   Section        0  tasks.o(i.xTaskGetSchedulerState)
    i.xTaskGetTickCount                      0x080038d4   Section        0  tasks.o(i.xTaskGetTickCount)
    i.xTaskIncrementTick                     0x080038e0   Section        0  tasks.o(i.xTaskIncrementTick)
    i.xTaskPriorityDisinherit                0x08003a24   Section        0  tasks.o(i.xTaskPriorityDisinherit)
    i.xTaskRemoveFromEventList               0x08003ac8   Section        0  tasks.o(i.xTaskRemoveFromEventList)
    i.xTaskResumeAll                         0x08003b60   Section        0  tasks.o(i.xTaskResumeAll)
    i.xTimerCreateTimerTask                  0x08003c64   Section        0  timers.o(i.xTimerCreateTimerTask)
    i.xTimerGenericCommand                   0x08003cdc   Section        0  timers.o(i.xTimerGenericCommand)
    .constdata                               0x08003d60   Section      108  freertos.o(.constdata)
    .constdata                               0x08003dcc   Section       18  stm32f1xx_hal_rcc.o(.constdata)
    aPLLMULFactorTable                       0x08003dcc   Data          16  stm32f1xx_hal_rcc.o(.constdata)
    aPredivFactorTable                       0x08003ddc   Data           2  stm32f1xx_hal_rcc.o(.constdata)
    .constdata                               0x08003dde   Section       24  system_stm32f1xx.o(.constdata)
    .conststring                             0x08003df8   Section       29  freertos.o(.conststring)
    .data                                    0x20000000   Section       12  freertos.o(.data)
    .data                                    0x2000000c   Section        9  stm32f1xx_hal.o(.data)
    .data                                    0x20000018   Section        4  system_stm32f1xx.o(.data)
    .data                                    0x2000001c   Section       60  tasks.o(.data)
    pxDelayedTaskList                        0x20000020   Data           4  tasks.o(.data)
    pxOverflowDelayedTaskList                0x20000024   Data           4  tasks.o(.data)
    uxDeletedTasksWaitingCleanUp             0x20000028   Data           4  tasks.o(.data)
    uxCurrentNumberOfTasks                   0x2000002c   Data           4  tasks.o(.data)
    xTickCount                               0x20000030   Data           4  tasks.o(.data)
    uxTopReadyPriority                       0x20000034   Data           4  tasks.o(.data)
    xSchedulerRunning                        0x20000038   Data           4  tasks.o(.data)
    xPendedTicks                             0x2000003c   Data           4  tasks.o(.data)
    xYieldPending                            0x20000040   Data           4  tasks.o(.data)
    xNumOfOverflows                          0x20000044   Data           4  tasks.o(.data)
    uxTaskNumber                             0x20000048   Data           4  tasks.o(.data)
    xNextTaskUnblockTime                     0x2000004c   Data           4  tasks.o(.data)
    xIdleTaskHandle                          0x20000050   Data           4  tasks.o(.data)
    uxSchedulerSuspended                     0x20000054   Data           4  tasks.o(.data)
    .data                                    0x20000058   Section       20  timers.o(.data)
    pxCurrentTimerList                       0x20000058   Data           4  timers.o(.data)
    pxOverflowTimerList                      0x2000005c   Data           4  timers.o(.data)
    xTimerQueue                              0x20000060   Data           4  timers.o(.data)
    xTimerTaskHandle                         0x20000064   Data           4  timers.o(.data)
    xLastTime                                0x20000068   Data           4  timers.o(.data)
    .data                                    0x2000006c   Section        4  cmsis_os2.o(.data)
    KernelState                              0x2000006c   Data           4  cmsis_os2.o(.data)
    .data                                    0x20000070   Section       32  heap_4.o(.data)
    xStart                                   0x20000070   Data           8  heap_4.o(.data)
    pxEnd                                    0x20000078   Data           4  heap_4.o(.data)
    xFreeBytesRemaining                      0x2000007c   Data           4  heap_4.o(.data)
    xMinimumEverFreeBytesRemaining           0x20000080   Data           4  heap_4.o(.data)
    xNumberOfSuccessfulAllocations           0x20000084   Data           4  heap_4.o(.data)
    xNumberOfSuccessfulFrees                 0x20000088   Data           4  heap_4.o(.data)
    xBlockAllocatedBit                       0x2000008c   Data           4  heap_4.o(.data)
    .data                                    0x20000090   Section       12  port.o(.data)
    uxCriticalNesting                        0x20000090   Data           4  port.o(.data)
    ucMaxSysCallPriority                     0x20000094   Data           1  port.o(.data)
    ulMaxPRIGROUPValue                       0x20000098   Data           4  port.o(.data)
    .bss                                     0x2000009c   Section       40  main.o(.bss)
    .bss                                     0x200000c4   Section       72  tim.o(.bss)
    .bss                                     0x2000010c   Section       72  stm32f1xx_hal_timebase_tim.o(.bss)
    .bss                                     0x20000154   Section       64  queue.o(.bss)
    .bss                                     0x20000194   Section     1220  tasks.o(.bss)
    pxReadyTasksLists                        0x20000194   Data        1120  tasks.o(.bss)
    xDelayedTaskList1                        0x200005f4   Data          20  tasks.o(.bss)
    xDelayedTaskList2                        0x20000608   Data          20  tasks.o(.bss)
    xPendingReadyList                        0x2000061c   Data          20  tasks.o(.bss)
    xTasksWaitingTermination                 0x20000630   Data          20  tasks.o(.bss)
    xSuspendedTaskList                       0x20000644   Data          20  tasks.o(.bss)
    .bss                                     0x20000658   Section      280  timers.o(.bss)
    xActiveTimerList1                        0x20000658   Data          20  timers.o(.bss)
    xActiveTimerList2                        0x2000066c   Data          20  timers.o(.bss)
    xStaticTimerQueue                        0x20000680   Data          80  timers.o(.bss)
    ucStaticTimerQueueStorage                0x200006d0   Data         160  timers.o(.bss)
    .bss                                     0x20000770   Section     1720  cmsis_os2.o(.bss)
    Idle_TCB                                 0x20000770   Data          92  cmsis_os2.o(.bss)
    Idle_Stack                               0x200007cc   Data         512  cmsis_os2.o(.bss)
    Timer_TCB                                0x200009cc   Data          92  cmsis_os2.o(.bss)
    Timer_Stack                              0x20000a28   Data        1024  cmsis_os2.o(.bss)
    .bss                                     0x20000e28   Section     3072  heap_4.o(.bss)
    ucHeap                                   0x20000e28   Data        3072  heap_4.o(.bss)
    .bss                                     0x20001a28   Section       96  libspace.o(.bss)
    HEAP                                     0x20001a88   Section      512  startup_stm32f103xb.o(HEAP)
    Heap_Mem                                 0x20001a88   Data         512  startup_stm32f103xb.o(HEAP)
    STACK                                    0x20001c88   Section     1024  startup_stm32f103xb.o(STACK)
    Stack_Mem                                0x20001c88   Data        1024  startup_stm32f103xb.o(STACK)
    __initial_sp                             0x20002088   Data           0  startup_stm32f103xb.o(STACK)

    Global Symbols

    Symbol Name                              Value     Ov Type        Size  Object(Section)

    BuildAttributes$$THM_ISAv4$P$D$K$B$S$PE$A:L22UL41UL21$X:L11$S22US41US21$IEEE1$IW$USESV6$~STKCKD$USESV7$~SHL$OSPACE$ROPI$EBA8$UX$STANDARDLIB$REQ8$PRES8$EABIv2 0x00000000   Number         0  anon$$obj.o ABSOLUTE
    __ARM_use_no_argv                        0x00000000   Number         0  main.o ABSOLUTE
    __ARM_exceptions_init                     - Undefined Weak Reference
    __alloca_initialize                       - Undefined Weak Reference
    __arm_fini_                               - Undefined Weak Reference
    __arm_preinit_                            - Undefined Weak Reference
    __cpp_initialize__aeabi_                  - Undefined Weak Reference
    __cxa_finalize                            - Undefined Weak Reference
    __rt_locale                               - Undefined Weak Reference
    __sigvec_lookup                           - Undefined Weak Reference
    _atexit_init                              - Undefined Weak Reference
    _call_atexit_fns                          - Undefined Weak Reference
    _clock_init                               - Undefined Weak Reference
    _fp_trap_init                             - Undefined Weak Reference
    _fp_trap_shutdown                         - Undefined Weak Reference
    _get_lc_collate                           - Undefined Weak Reference
    _get_lc_ctype                             - Undefined Weak Reference
    _get_lc_monetary                          - Undefined Weak Reference
    _get_lc_numeric                           - Undefined Weak Reference
    _get_lc_time                              - Undefined Weak Reference
    _getenv_init                              - Undefined Weak Reference
    _handle_redirection                       - Undefined Weak Reference
    _init_alloc                               - Undefined Weak Reference
    _init_user_alloc                          - Undefined Weak Reference
    _initio                                   - Undefined Weak Reference
    _rand_init                                - Undefined Weak Reference
    _signal_finish                            - Undefined Weak Reference
    _signal_init                              - Undefined Weak Reference
    _terminate_alloc                          - Undefined Weak Reference
    _terminate_user_alloc                     - Undefined Weak Reference
    _terminateio                              - Undefined Weak Reference
    __Vectors_Size                           0x000000ec   Number         0  startup_stm32f103xb.o ABSOLUTE
    __Vectors                                0x08000000   Data           4  startup_stm32f103xb.o(RESET)
    __Vectors_End                            0x080000ec   Data           0  startup_stm32f103xb.o(RESET)
    __main                                   0x080000ed   Thumb Code     8  __main.o(!!!main)
    __scatterload                            0x080000f5   Thumb Code     0  __scatter.o(!!!scatter)
    __scatterload_rt2                        0x080000f5   Thumb Code    44  __scatter.o(!!!scatter)
    __scatterload_rt2_thumb_only             0x080000f5   Thumb Code     0  __scatter.o(!!!scatter)
    __scatterload_null                       0x08000103   Thumb Code     0  __scatter.o(!!!scatter)
    __scatterload_copy                       0x08000129   Thumb Code    26  __scatter_copy.o(!!handler_copy)
    __scatterload_zeroinit                   0x08000145   Thumb Code    28  __scatter_zi.o(!!handler_zi)
    __rt_lib_init                            0x08000161   Thumb Code     0  libinit.o(.ARM.Collect$$libinit$$00000000)
    __rt_lib_init_alloca_1                   0x08000163   Thumb Code     0  libinit2.o(.ARM.Collect$$libinit$$0000002E)
    __rt_lib_init_argv_1                     0x08000163   Thumb Code     0  libinit2.o(.ARM.Collect$$libinit$$0000002C)
    __rt_lib_init_atexit_1                   0x08000163   Thumb Code     0  libinit2.o(.ARM.Collect$$libinit$$0000001B)
    __rt_lib_init_clock_1                    0x08000163   Thumb Code     0  libinit2.o(.ARM.Collect$$libinit$$00000021)
    __rt_lib_init_cpp_1                      0x08000163   Thumb Code     0  libinit2.o(.ARM.Collect$$libinit$$00000032)
    __rt_lib_init_exceptions_1               0x08000163   Thumb Code     0  libinit2.o(.ARM.Collect$$libinit$$00000030)
    __rt_lib_init_fp_1                       0x08000163   Thumb Code     0  libinit2.o(.ARM.Collect$$libinit$$00000002)
    __rt_lib_init_fp_trap_1                  0x08000163   Thumb Code     0  libinit2.o(.ARM.Collect$$libinit$$0000001F)
    __rt_lib_init_getenv_1                   0x08000163   Thumb Code     0  libinit2.o(.ARM.Collect$$libinit$$00000023)
    __rt_lib_init_heap_1                     0x08000163   Thumb Code     0  libinit2.o(.ARM.Collect$$libinit$$0000000A)
    __rt_lib_init_lc_collate_1               0x08000163   Thumb Code     0  libinit2.o(.ARM.Collect$$libinit$$00000011)
    __rt_lib_init_lc_ctype_1                 0x08000163   Thumb Code     0  libinit2.o(.ARM.Collect$$libinit$$00000013)
    __rt_lib_init_lc_monetary_1              0x08000163   Thumb Code     0  libinit2.o(.ARM.Collect$$libinit$$00000015)
    __rt_lib_init_lc_numeric_1               0x08000163   Thumb Code     0  libinit2.o(.ARM.Collect$$libinit$$00000017)
    __rt_lib_init_lc_time_1                  0x08000163   Thumb Code     0  libinit2.o(.ARM.Collect$$libinit$$00000019)
    __rt_lib_init_preinit_1                  0x08000163   Thumb Code     0  libinit2.o(.ARM.Collect$$libinit$$00000004)
    __rt_lib_init_rand_1                     0x08000163   Thumb Code     0  libinit2.o(.ARM.Collect$$libinit$$0000000E)
    __rt_lib_init_return                     0x08000163   Thumb Code     0  libinit2.o(.ARM.Collect$$libinit$$00000033)
    __rt_lib_init_signal_1                   0x08000163   Thumb Code     0  libinit2.o(.ARM.Collect$$libinit$$0000001D)
    __rt_lib_init_stdio_1                    0x08000163   Thumb Code     0  libinit2.o(.ARM.Collect$$libinit$$00000025)
    __rt_lib_init_user_alloc_1               0x08000163   Thumb Code     0  libinit2.o(.ARM.Collect$$libinit$$0000000C)
    __rt_lib_shutdown                        0x08000165   Thumb Code     0  libshutdown.o(.ARM.Collect$$libshutdown$$00000000)
    __rt_lib_shutdown_cpp_1                  0x08000167   Thumb Code     0  libshutdown2.o(.ARM.Collect$$libshutdown$$00000004)
    __rt_lib_shutdown_fini_1                 0x08000167   Thumb Code     0  libshutdown2.o(.ARM.Collect$$libshutdown$$00000002)
    __rt_lib_shutdown_fp_trap_1              0x08000167   Thumb Code     0  libshutdown2.o(.ARM.Collect$$libshutdown$$00000009)
    __rt_lib_shutdown_heap_1                 0x08000167   Thumb Code     0  libshutdown2.o(.ARM.Collect$$libshutdown$$00000011)
    __rt_lib_shutdown_return                 0x08000167   Thumb Code     0  libshutdown2.o(.ARM.Collect$$libshutdown$$00000012)
    __rt_lib_shutdown_signal_1               0x08000167   Thumb Code     0  libshutdown2.o(.ARM.Collect$$libshutdown$$0000000C)
    __rt_lib_shutdown_stdio_1                0x08000167   Thumb Code     0  libshutdown2.o(.ARM.Collect$$libshutdown$$00000006)
    __rt_lib_shutdown_user_alloc_1           0x08000167   Thumb Code     0  libshutdown2.o(.ARM.Collect$$libshutdown$$0000000E)
    __rt_entry                               0x08000169   Thumb Code     0  __rtentry.o(.ARM.Collect$$rtentry$$00000000)
    __rt_entry_presh_1                       0x08000169   Thumb Code     0  __rtentry2.o(.ARM.Collect$$rtentry$$00000002)
    __rt_entry_sh                            0x08000169   Thumb Code     0  __rtentry4.o(.ARM.Collect$$rtentry$$00000004)
    __rt_entry_li                            0x0800016f   Thumb Code     0  __rtentry2.o(.ARM.Collect$$rtentry$$0000000A)
    __rt_entry_postsh_1                      0x0800016f   Thumb Code     0  __rtentry2.o(.ARM.Collect$$rtentry$$00000009)
    __rt_entry_main                          0x08000173   Thumb Code     0  __rtentry2.o(.ARM.Collect$$rtentry$$0000000D)
    __rt_entry_postli_1                      0x08000173   Thumb Code     0  __rtentry2.o(.ARM.Collect$$rtentry$$0000000C)
    __rt_exit                                0x0800017b   Thumb Code     0  rtexit.o(.ARM.Collect$$rtexit$$00000000)
    __rt_exit_ls                             0x0800017d   Thumb Code     0  rtexit2.o(.ARM.Collect$$rtexit$$00000003)
    __rt_exit_prels_1                        0x0800017d   Thumb Code     0  rtexit2.o(.ARM.Collect$$rtexit$$00000002)
    __rt_exit_exit                           0x08000181   Thumb Code     0  rtexit2.o(.ARM.Collect$$rtexit$$00000004)
    SVC_Handler                              0x08000189   Thumb Code    32  port.o(.emb_text)
    __asm___6_port_c_39a90d8d__prvStartFirstTask 0x080001ad   Thumb Code    28  port.o(.emb_text)
    PendSV_Handler                           0x080001cd   Thumb Code    72  port.o(.emb_text)
    vPortGetIPSR                             0x08000219   Thumb Code     6  port.o(.emb_text)
    Reset_Handler                            0x08000221   Thumb Code     8  startup_stm32f103xb.o(.text)
    ADC1_2_IRQHandler                        0x0800023b   Thumb Code     0  startup_stm32f103xb.o(.text)
    CAN1_RX1_IRQHandler                      0x0800023b   Thumb Code     0  startup_stm32f103xb.o(.text)
    CAN1_SCE_IRQHandler                      0x0800023b   Thumb Code     0  startup_stm32f103xb.o(.text)
    DMA1_Channel1_IRQHandler                 0x0800023b   Thumb Code     0  startup_stm32f103xb.o(.text)
    DMA1_Channel2_IRQHandler                 0x0800023b   Thumb Code     0  startup_stm32f103xb.o(.text)
    DMA1_Channel3_IRQHandler                 0x0800023b   Thumb Code     0  startup_stm32f103xb.o(.text)
    DMA1_Channel4_IRQHandler                 0x0800023b   Thumb Code     0  startup_stm32f103xb.o(.text)
    DMA1_Channel5_IRQHandler                 0x0800023b   Thumb Code     0  startup_stm32f103xb.o(.text)
    DMA1_Channel6_IRQHandler                 0x0800023b   Thumb Code     0  startup_stm32f103xb.o(.text)
    DMA1_Channel7_IRQHandler                 0x0800023b   Thumb Code     0  startup_stm32f103xb.o(.text)
    EXTI0_IRQHandler                         0x0800023b   Thumb Code     0  startup_stm32f103xb.o(.text)
    EXTI15_10_IRQHandler                     0x0800023b   Thumb Code     0  startup_stm32f103xb.o(.text)
    EXTI1_IRQHandler                         0x0800023b   Thumb Code     0  startup_stm32f103xb.o(.text)
    EXTI2_IRQHandler                         0x0800023b   Thumb Code     0  startup_stm32f103xb.o(.text)
    EXTI3_IRQHandler                         0x0800023b   Thumb Code     0  startup_stm32f103xb.o(.text)
    EXTI4_IRQHandler                         0x0800023b   Thumb Code     0  startup_stm32f103xb.o(.text)
    EXTI9_5_IRQHandler                       0x0800023b   Thumb Code     0  startup_stm32f103xb.o(.text)
    FLASH_IRQHandler                         0x0800023b   Thumb Code     0  startup_stm32f103xb.o(.text)
    I2C1_ER_IRQHandler                       0x0800023b   Thumb Code     0  startup_stm32f103xb.o(.text)
    I2C1_EV_IRQHandler                       0x0800023b   Thumb Code     0  startup_stm32f103xb.o(.text)
    I2C2_ER_IRQHandler                       0x0800023b   Thumb Code     0  startup_stm32f103xb.o(.text)
    I2C2_EV_IRQHandler                       0x0800023b   Thumb Code     0  startup_stm32f103xb.o(.text)
    PVD_IRQHandler                           0x0800023b   Thumb Code     0  startup_stm32f103xb.o(.text)
    RCC_IRQHandler                           0x0800023b   Thumb Code     0  startup_stm32f103xb.o(.text)
    RTC_Alarm_IRQHandler                     0x0800023b   Thumb Code     0  startup_stm32f103xb.o(.text)
    RTC_IRQHandler                           0x0800023b   Thumb Code     0  startup_stm32f103xb.o(.text)
    SPI1_IRQHandler                          0x0800023b   Thumb Code     0  startup_stm32f103xb.o(.text)
    SPI2_IRQHandler                          0x0800023b   Thumb Code     0  startup_stm32f103xb.o(.text)
    TAMPER_IRQHandler                        0x0800023b   Thumb Code     0  startup_stm32f103xb.o(.text)
    TIM1_BRK_IRQHandler                      0x0800023b   Thumb Code     0  startup_stm32f103xb.o(.text)
    TIM1_CC_IRQHandler                       0x0800023b   Thumb Code     0  startup_stm32f103xb.o(.text)
    TIM1_TRG_COM_IRQHandler                  0x0800023b   Thumb Code     0  startup_stm32f103xb.o(.text)
    TIM1_UP_IRQHandler                       0x0800023b   Thumb Code     0  startup_stm32f103xb.o(.text)
    TIM2_IRQHandler                          0x0800023b   Thumb Code     0  startup_stm32f103xb.o(.text)
    USART1_IRQHandler                        0x0800023b   Thumb Code     0  startup_stm32f103xb.o(.text)
    USART2_IRQHandler                        0x0800023b   Thumb Code     0  startup_stm32f103xb.o(.text)
    USART3_IRQHandler                        0x0800023b   Thumb Code     0  startup_stm32f103xb.o(.text)
    USBWakeUp_IRQHandler                     0x0800023b   Thumb Code     0  startup_stm32f103xb.o(.text)
    USB_HP_CAN1_TX_IRQHandler                0x0800023b   Thumb Code     0  startup_stm32f103xb.o(.text)
    USB_LP_CAN1_RX0_IRQHandler               0x0800023b   Thumb Code     0  startup_stm32f103xb.o(.text)
    WWDG_IRQHandler                          0x0800023b   Thumb Code     0  startup_stm32f103xb.o(.text)
    __user_initial_stackheap                 0x0800023d   Thumb Code     0  startup_stm32f103xb.o(.text)
    __aeabi_memcpy                           0x08000261   Thumb Code     0  rt_memcpy_v6.o(.text)
    __rt_memcpy                              0x08000261   Thumb Code   138  rt_memcpy_v6.o(.text)
    _memcpy_lastbytes                        0x080002c7   Thumb Code     0  rt_memcpy_v6.o(.text)
    __aeabi_memset                           0x080002eb   Thumb Code    16  aeabi_memset.o(.text)
    __aeabi_memclr4                          0x080002fb   Thumb Code     0  rt_memclr_w.o(.text)
    __aeabi_memclr8                          0x080002fb   Thumb Code     0  rt_memclr_w.o(.text)
    __rt_memclr_w                            0x080002fb   Thumb Code    78  rt_memclr_w.o(.text)
    _memset_w                                0x080002ff   Thumb Code     0  rt_memclr_w.o(.text)
    __use_two_region_memory                  0x08000349   Thumb Code     2  heapauxi.o(.text)
    __rt_heap_escrow$2region                 0x0800034b   Thumb Code     2  heapauxi.o(.text)
    __rt_heap_expand$2region                 0x0800034d   Thumb Code     2  heapauxi.o(.text)
    __aeabi_memcpy4                          0x0800034f   Thumb Code     0  rt_memcpy_w.o(.text)
    __aeabi_memcpy8                          0x0800034f   Thumb Code     0  rt_memcpy_w.o(.text)
    __rt_memcpy_w                            0x0800034f   Thumb Code   100  rt_memcpy_w.o(.text)
    _memcpy_lastbytes_aligned                0x08000397   Thumb Code     0  rt_memcpy_w.o(.text)
    __aeabi_memclr                           0x080003b3   Thumb Code     0  rt_memclr.o(.text)
    __rt_memclr                              0x080003b3   Thumb Code    68  rt_memclr.o(.text)
    _memset                                  0x080003b7   Thumb Code     0  rt_memclr.o(.text)
    __user_setup_stackheap                   0x080003f7   Thumb Code    74  sys_stackheap_outer.o(.text)
    exit                                     0x08000441   Thumb Code    18  exit.o(.text)
    __user_libspace                          0x08000455   Thumb Code     8  libspace.o(.text)
    __user_perproc_libspace                  0x08000455   Thumb Code     0  libspace.o(.text)
    __user_perthread_libspace                0x08000455   Thumb Code     0  libspace.o(.text)
    _sys_exit                                0x0800045d   Thumb Code     8  sys_exit.o(.text)
    __I$use$semihosting                      0x08000469   Thumb Code     0  use_no_semi.o(.text)
    __use_no_semihosting_swi                 0x08000469   Thumb Code     2  use_no_semi.o(.text)
    BusFault_Handler                         0x0800046b   Thumb Code     4  stm32f1xx_it.o(i.BusFault_Handler)
    __semihosting_library_function           0x0800046b   Thumb Code     0  indicate_semi.o(.text)
    DebugMon_Handler                         0x0800046f   Thumb Code     2  stm32f1xx_it.o(i.DebugMon_Handler)
    Error_Handler                            0x08000471   Thumb Code     6  main.o(i.Error_Handler)
    HAL_GPIO_Init                            0x08000479   Thumb Code   766  stm32f1xx_hal_gpio.o(i.HAL_GPIO_Init)
    HAL_GPIO_TogglePin                       0x08000799   Thumb Code    20  stm32f1xx_hal_gpio.o(i.HAL_GPIO_TogglePin)
    HAL_GPIO_WritePin                        0x080007ad   Thumb Code    12  stm32f1xx_hal_gpio.o(i.HAL_GPIO_WritePin)
    HAL_GetTick                              0x080007b9   Thumb Code     6  stm32f1xx_hal.o(i.HAL_GetTick)
    HAL_IncTick                              0x080007c5   Thumb Code    16  stm32f1xx_hal.o(i.HAL_IncTick)
    HAL_Init                                 0x080007dd   Thumb Code    34  stm32f1xx_hal.o(i.HAL_Init)
    HAL_InitTick                             0x08000805   Thumb Code   158  stm32f1xx_hal_timebase_tim.o(i.HAL_InitTick)
    HAL_MspInit                              0x080008b9   Thumb Code    86  stm32f1xx_hal_msp.o(i.HAL_MspInit)
    HAL_NVIC_EnableIRQ                       0x08000919   Thumb Code    32  stm32f1xx_hal_cortex.o(i.HAL_NVIC_EnableIRQ)
    HAL_NVIC_SetPriority                     0x08000939   Thumb Code   124  stm32f1xx_hal_cortex.o(i.HAL_NVIC_SetPriority)
    HAL_NVIC_SetPriorityGrouping             0x080009b5   Thumb Code    32  stm32f1xx_hal_cortex.o(i.HAL_NVIC_SetPriorityGrouping)
    HAL_RCC_ClockConfig                      0x080009dd   Thumb Code   376  stm32f1xx_hal_rcc.o(i.HAL_RCC_ClockConfig)
    HAL_RCC_GetClockConfig                   0x08000b69   Thumb Code    58  stm32f1xx_hal_rcc.o(i.HAL_RCC_GetClockConfig)
    HAL_RCC_GetHCLKFreq                      0x08000bad   Thumb Code     6  stm32f1xx_hal_rcc.o(i.HAL_RCC_GetHCLKFreq)
    HAL_RCC_GetPCLK1Freq                     0x08000bb9   Thumb Code    22  stm32f1xx_hal_rcc.o(i.HAL_RCC_GetPCLK1Freq)
    HAL_RCC_GetSysClockFreq                  0x08000bd9   Thumb Code    92  stm32f1xx_hal_rcc.o(i.HAL_RCC_GetSysClockFreq)
    HAL_RCC_OscConfig                        0x08000c49   Thumb Code  1114  stm32f1xx_hal_rcc.o(i.HAL_RCC_OscConfig)
    HAL_TIMEx_BreakCallback                  0x080010ad   Thumb Code     2  stm32f1xx_hal_tim_ex.o(i.HAL_TIMEx_BreakCallback)
    HAL_TIMEx_CommutCallback                 0x080010af   Thumb Code     2  stm32f1xx_hal_tim_ex.o(i.HAL_TIMEx_CommutCallback)
    HAL_TIMEx_MasterConfigSynchronization    0x080010b1   Thumb Code   118  stm32f1xx_hal_tim_ex.o(i.HAL_TIMEx_MasterConfigSynchronization)
    HAL_TIM_Base_Init                        0x08001135   Thumb Code   102  stm32f1xx_hal_tim.o(i.HAL_TIM_Base_Init)
    HAL_TIM_Base_MspInit                     0x0800119b   Thumb Code     2  stm32f1xx_hal_tim.o(i.HAL_TIM_Base_MspInit)
    HAL_TIM_Base_Start_IT                    0x0800119d   Thumb Code   106  stm32f1xx_hal_tim.o(i.HAL_TIM_Base_Start_IT)
    HAL_TIM_IC_CaptureCallback               0x08001215   Thumb Code     2  stm32f1xx_hal_tim.o(i.HAL_TIM_IC_CaptureCallback)
    HAL_TIM_IRQHandler                       0x08001217   Thumb Code   364  stm32f1xx_hal_tim.o(i.HAL_TIM_IRQHandler)
    HAL_TIM_MspPostInit                      0x08001385   Thumb Code    74  tim.o(i.HAL_TIM_MspPostInit)
    HAL_TIM_OC_DelayElapsedCallback          0x080013dd   Thumb Code     2  stm32f1xx_hal_tim.o(i.HAL_TIM_OC_DelayElapsedCallback)
    HAL_TIM_PWM_ConfigChannel                0x080013df   Thumb Code   260  stm32f1xx_hal_tim.o(i.HAL_TIM_PWM_ConfigChannel)
    HAL_TIM_PWM_Init                         0x080014e3   Thumb Code   102  stm32f1xx_hal_tim.o(i.HAL_TIM_PWM_Init)
    HAL_TIM_PWM_MspInit                      0x08001549   Thumb Code    58  tim.o(i.HAL_TIM_PWM_MspInit)
    HAL_TIM_PWM_PulseFinishedCallback        0x0800158d   Thumb Code     2  stm32f1xx_hal_tim.o(i.HAL_TIM_PWM_PulseFinishedCallback)
    HAL_TIM_PWM_Start                        0x08001591   Thumb Code   198  stm32f1xx_hal_tim.o(i.HAL_TIM_PWM_Start)
    HAL_TIM_PeriodElapsedCallback            0x08001665   Thumb Code    18  main.o(i.HAL_TIM_PeriodElapsedCallback)
    HAL_TIM_TriggerCallback                  0x0800167d   Thumb Code     2  stm32f1xx_hal_tim.o(i.HAL_TIM_TriggerCallback)
    HardFault_Handler                        0x0800167f   Thumb Code     4  stm32f1xx_it.o(i.HardFault_Handler)
    MX_FREERTOS_Init                         0x08001685   Thumb Code    46  freertos.o(i.MX_FREERTOS_Init)
    MX_GPIO_Init                             0x080016d9   Thumb Code   198  gpio.o(i.MX_GPIO_Init)
    MX_TIM3_Init                             0x080017ad   Thumb Code   114  tim.o(i.MX_TIM3_Init)
    MemManage_Handler                        0x08001829   Thumb Code     4  stm32f1xx_it.o(i.MemManage_Handler)
    Motor_Init                               0x0800182d   Thumb Code    96  motor.o(i.Motor_Init)
    Motor_SetSpeed                           0x0800188d   Thumb Code   252  motor.o(i.Motor_SetSpeed)
    Motor_Stop                               0x08001989   Thumb Code   108  motor.o(i.Motor_Stop)
    NMI_Handler                              0x080019f5   Thumb Code     4  stm32f1xx_it.o(i.NMI_Handler)
    Start_LedTask                            0x08001a21   Thumb Code    10  freertos.o(i.Start_LedTask)
    Start_MotorTask                          0x08001a2d   Thumb Code    88  freertos.o(i.Start_MotorTask)
    Start_UartTask                           0x08001a91   Thumb Code    10  freertos.o(i.Start_UartTask)
    SysTick_Handler                          0x08001a9b   Thumb Code    22  cmsis_os2.o(i.SysTick_Handler)
    SystemClock_Config                       0x08001ab1   Thumb Code   102  main.o(i.SystemClock_Config)
    SystemInit                               0x08001b17   Thumb Code     2  system_stm32f1xx.o(i.SystemInit)
    TIM3_IRQHandler                          0x08001b19   Thumb Code    10  stm32f1xx_it.o(i.TIM3_IRQHandler)
    TIM4_IRQHandler                          0x08001b29   Thumb Code    10  stm32f1xx_it.o(i.TIM4_IRQHandler)
    TIM_Base_SetConfig                       0x08001b39   Thumb Code   120  stm32f1xx_hal_tim.o(i.TIM_Base_SetConfig)
    TIM_CCxChannelCmd                        0x08001bbd   Thumb Code    34  stm32f1xx_hal_tim.o(i.TIM_CCxChannelCmd)
    TIM_OC2_SetConfig                        0x08001c41   Thumb Code   100  stm32f1xx_hal_tim.o(i.TIM_OC2_SetConfig)
    UsageFault_Handler                       0x08001d59   Thumb Code     4  stm32f1xx_it.o(i.UsageFault_Handler)
    main                                     0x08001d9d   Thumb Code    86  main.o(i.main)
    osDelay                                  0x08001e01   Thumb Code    30  cmsis_os2.o(i.osDelay)
    osKernelInitialize                       0x08001e21   Thumb Code    38  cmsis_os2.o(i.osKernelInitialize)
    osKernelStart                            0x08001e4d   Thumb Code    82  cmsis_os2.o(i.osKernelStart)
    osThreadNew                              0x08001ead   Thumb Code   184  cmsis_os2.o(i.osThreadNew)
    pvPortMalloc                             0x08002989   Thumb Code   306  heap_4.o(i.pvPortMalloc)
    pxPortInitialiseStack                    0x08002ad5   Thumb Code    30  port.o(i.pxPortInitialiseStack)
    uxListRemove                             0x08002af9   Thumb Code    40  list.o(i.uxListRemove)
    vApplicationGetIdleTaskMemory            0x08002b21   Thumb Code    14  cmsis_os2.o(i.vApplicationGetIdleTaskMemory)
    vApplicationGetTimerTaskMemory           0x08002b39   Thumb Code    16  cmsis_os2.o(i.vApplicationGetTimerTaskMemory)
    vListInitialise                          0x08002b51   Thumb Code    26  list.o(i.vListInitialise)
    vListInitialiseItem                      0x08002b6b   Thumb Code     6  list.o(i.vListInitialiseItem)
    vListInsert                              0x08002b71   Thumb Code    52  list.o(i.vListInsert)
    vListInsertEnd                           0x08002ba5   Thumb Code    24  list.o(i.vListInsertEnd)
    vPortEnterCritical                       0x08002bbd   Thumb Code    76  port.o(i.vPortEnterCritical)
    vPortExitCritical                        0x08002c11   Thumb Code    56  port.o(i.vPortExitCritical)
    vPortFree                                0x08002c4d   Thumb Code   150  heap_4.o(i.vPortFree)
    vPortSetupTimerInterrupt                 0x08002cf1   Thumb Code    36  port.o(i.vPortSetupTimerInterrupt)
    vPortValidateInterruptPriority           0x08002d19   Thumb Code   106  port.o(i.vPortValidateInterruptPriority)
    vQueueAddToRegistry                      0x08002d91   Thumb Code    38  queue.o(i.vQueueAddToRegistry)
    vQueueWaitForMessageRestricted           0x08002dbd   Thumb Code    74  queue.o(i.vQueueWaitForMessageRestricted)
    vTaskDelay                               0x08002e09   Thumb Code    82  tasks.o(i.vTaskDelay)
    vTaskInternalSetTimeOutState             0x08002e65   Thumb Code    14  tasks.o(i.vTaskInternalSetTimeOutState)
    vTaskMissedYield                         0x08002e7d   Thumb Code     8  tasks.o(i.vTaskMissedYield)
    vTaskPlaceOnEventList                    0x08002e89   Thumb Code    52  tasks.o(i.vTaskPlaceOnEventList)
    vTaskPlaceOnEventListRestricted          0x08002ec1   Thumb Code    60  tasks.o(i.vTaskPlaceOnEventListRestricted)
    vTaskStartScheduler                      0x08002f01   Thumb Code   156  tasks.o(i.vTaskStartScheduler)
    vTaskSuspendAll                          0x08002fb9   Thumb Code    12  tasks.o(i.vTaskSuspendAll)
    vTaskSwitchContext                       0x08002fc9   Thumb Code   122  tasks.o(i.vTaskSwitchContext)
    xPortStartScheduler                      0x08003059   Thumb Code   228  port.o(i.xPortStartScheduler)
    xPortSysTickHandler                      0x08003151   Thumb Code    46  port.o(i.xPortSysTickHandler)
    xQueueGenericCreateStatic                0x08003185   Thumb Code   224  queue.o(i.xQueueGenericCreateStatic)
    xQueueGenericReset                       0x08003265   Thumb Code   146  queue.o(i.xQueueGenericReset)
    xQueueGenericSend                        0x080032fd   Thumb Code   420  queue.o(i.xQueueGenericSend)
    xQueueGenericSendFromISR                 0x080034a5   Thumb Code   252  queue.o(i.xQueueGenericSendFromISR)
    xQueueReceive                            0x080035a1   Thumb Code   356  queue.o(i.xQueueReceive)
    xTaskCheckForTimeOut                     0x08003709   Thumb Code   132  tasks.o(i.xTaskCheckForTimeOut)
    xTaskCreate                              0x08003795   Thumb Code   100  tasks.o(i.xTaskCreate)
    xTaskCreateStatic                        0x080037f9   Thumb Code   186  tasks.o(i.xTaskCreateStatic)
    xTaskGetSchedulerState                   0x080038b5   Thumb Code    24  tasks.o(i.xTaskGetSchedulerState)
    xTaskGetTickCount                        0x080038d5   Thumb Code     6  tasks.o(i.xTaskGetTickCount)
    xTaskIncrementTick                       0x080038e1   Thumb Code   280  tasks.o(i.xTaskIncrementTick)
    xTaskPriorityDisinherit                  0x08003a25   Thumb Code   152  tasks.o(i.xTaskPriorityDisinherit)
    xTaskRemoveFromEventList                 0x08003ac9   Thumb Code   126  tasks.o(i.xTaskRemoveFromEventList)
    xTaskResumeAll                           0x08003b61   Thumb Code   222  tasks.o(i.xTaskResumeAll)
    xTimerCreateTimerTask                    0x08003c65   Thumb Code   100  timers.o(i.xTimerCreateTimerTask)
    xTimerGenericCommand                     0x08003cdd   Thumb Code   128  timers.o(i.xTimerGenericCommand)
    LedTask_attributes                       0x08003d60   Data          36  freertos.o(.constdata)
    MotorTask_attributes                     0x08003d84   Data          36  freertos.o(.constdata)
    UartTask_attributes                      0x08003da8   Data          36  freertos.o(.constdata)
    AHBPrescTable                            0x08003dde   Data          16  system_stm32f1xx.o(.constdata)
    APBPrescTable                            0x08003dee   Data           8  system_stm32f1xx.o(.constdata)
    Region$$Table$$Base                      0x08003e18   Number         0  anon$$obj.o(Region$$Table)
    Region$$Table$$Limit                     0x08003e38   Number         0  anon$$obj.o(Region$$Table)
    LedTaskHandle                            0x20000000   Data           4  freertos.o(.data)
    MotorTaskHandle                          0x20000004   Data           4  freertos.o(.data)
    UartTaskHandle                           0x20000008   Data           4  freertos.o(.data)
    uwTick                                   0x2000000c   Data           4  stm32f1xx_hal.o(.data)
    uwTickPrio                               0x20000010   Data           4  stm32f1xx_hal.o(.data)
    uwTickFreq                               0x20000014   Data           1  stm32f1xx_hal.o(.data)
    SystemCoreClock                          0x20000018   Data           4  system_stm32f1xx.o(.data)
    pxCurrentTCB                             0x2000001c   Data           4  tasks.o(.data)
    motor1                                   0x2000009c   Data          40  main.o(.bss)
    htim3                                    0x200000c4   Data          72  tim.o(.bss)
    htim4                                    0x2000010c   Data          72  stm32f1xx_hal_timebase_tim.o(.bss)
    xQueueRegistry                           0x20000154   Data          64  queue.o(.bss)
    __libspace_start                         0x20001a28   Data          96  libspace.o(.bss)
    __temporary_stack_top$libspace           0x20001a88   Data           0  libspace.o(.bss)



==============================================================================

Memory Map of the image

  Image Entry point : 0x080000ed

  Load Region LR_IROM1 (Base: 0x08000000, Size: 0x00003ed4, Max: 0x00010000, ABSOLUTE)

    Execution Region ER_IROM1 (Exec base: 0x08000000, Load base: 0x08000000, Size: 0x00003e38, Max: 0x00010000, ABSOLUTE)

    Exec Addr    Load Addr    Size         Type   Attr      Idx    E Section Name        Object

    0x08000000   0x08000000   0x000000ec   Data   RO            3    RESET               startup_stm32f103xb.o
    0x080000ec   0x080000ec   0x00000008   Code   RO         4371  * !!!main             c_w.l(__main.o)
    0x080000f4   0x080000f4   0x00000034   Code   RO         4534    !!!scatter          c_w.l(__scatter.o)
    0x08000128   0x08000128   0x0000001a   Code   RO         4536    !!handler_copy      c_w.l(__scatter_copy.o)
    0x08000142   0x08000142   0x00000002   PAD
    0x08000144   0x08000144   0x0000001c   Code   RO         4538    !!handler_zi        c_w.l(__scatter_zi.o)
    0x08000160   0x08000160   0x00000002   Code   RO         4402    .ARM.Collect$$libinit$$00000000  c_w.l(libinit.o)
    0x08000162   0x08000162   0x00000000   Code   RO         4409    .ARM.Collect$$libinit$$00000002  c_w.l(libinit2.o)
    0x08000162   0x08000162   0x00000000   Code   RO         4411    .ARM.Collect$$libinit$$00000004  c_w.l(libinit2.o)
    0x08000162   0x08000162   0x00000000   Code   RO         4414    .ARM.Collect$$libinit$$0000000A  c_w.l(libinit2.o)
    0x08000162   0x08000162   0x00000000   Code   RO         4416    .ARM.Collect$$libinit$$0000000C  c_w.l(libinit2.o)
    0x08000162   0x08000162   0x00000000   Code   RO         4418    .ARM.Collect$$libinit$$0000000E  c_w.l(libinit2.o)
    0x08000162   0x08000162   0x00000000   Code   RO         4421    .ARM.Collect$$libinit$$00000011  c_w.l(libinit2.o)
    0x08000162   0x08000162   0x00000000   Code   RO         4423    .ARM.Collect$$libinit$$00000013  c_w.l(libinit2.o)
    0x08000162   0x08000162   0x00000000   Code   RO         4425    .ARM.Collect$$libinit$$00000015  c_w.l(libinit2.o)
    0x08000162   0x08000162   0x00000000   Code   RO         4427    .ARM.Collect$$libinit$$00000017  c_w.l(libinit2.o)
    0x08000162   0x08000162   0x00000000   Code   RO         4429    .ARM.Collect$$libinit$$00000019  c_w.l(libinit2.o)
    0x08000162   0x08000162   0x00000000   Code   RO         4431    .ARM.Collect$$libinit$$0000001B  c_w.l(libinit2.o)
    0x08000162   0x08000162   0x00000000   Code   RO         4433    .ARM.Collect$$libinit$$0000001D  c_w.l(libinit2.o)
    0x08000162   0x08000162   0x00000000   Code   RO         4435    .ARM.Collect$$libinit$$0000001F  c_w.l(libinit2.o)
    0x08000162   0x08000162   0x00000000   Code   RO         4437    .ARM.Collect$$libinit$$00000021  c_w.l(libinit2.o)
    0x08000162   0x08000162   0x00000000   Code   RO         4439    .ARM.Collect$$libinit$$00000023  c_w.l(libinit2.o)
    0x08000162   0x08000162   0x00000000   Code   RO         4441    .ARM.Collect$$libinit$$00000025  c_w.l(libinit2.o)
    0x08000162   0x08000162   0x00000000   Code   RO         4445    .ARM.Collect$$libinit$$0000002C  c_w.l(libinit2.o)
    0x08000162   0x08000162   0x00000000   Code   RO         4447    .ARM.Collect$$libinit$$0000002E  c_w.l(libinit2.o)
    0x08000162   0x08000162   0x00000000   Code   RO         4449    .ARM.Collect$$libinit$$00000030  c_w.l(libinit2.o)
    0x08000162   0x08000162   0x00000000   Code   RO         4451    .ARM.Collect$$libinit$$00000032  c_w.l(libinit2.o)
    0x08000162   0x08000162   0x00000002   Code   RO         4452    .ARM.Collect$$libinit$$00000033  c_w.l(libinit2.o)
    0x08000164   0x08000164   0x00000002   Code   RO         4472    .ARM.Collect$$libshutdown$$00000000  c_w.l(libshutdown.o)
    0x08000166   0x08000166   0x00000000   Code   RO         4485    .ARM.Collect$$libshutdown$$00000002  c_w.l(libshutdown2.o)
    0x08000166   0x08000166   0x00000000   Code   RO         4487    .ARM.Collect$$libshutdown$$00000004  c_w.l(libshutdown2.o)
    0x08000166   0x08000166   0x00000000   Code   RO         4489    .ARM.Collect$$libshutdown$$00000006  c_w.l(libshutdown2.o)
    0x08000166   0x08000166   0x00000000   Code   RO         4492    .ARM.Collect$$libshutdown$$00000009  c_w.l(libshutdown2.o)
    0x08000166   0x08000166   0x00000000   Code   RO         4495    .ARM.Collect$$libshutdown$$0000000C  c_w.l(libshutdown2.o)
    0x08000166   0x08000166   0x00000000   Code   RO         4497    .ARM.Collect$$libshutdown$$0000000E  c_w.l(libshutdown2.o)
    0x08000166   0x08000166   0x00000000   Code   RO         4500    .ARM.Collect$$libshutdown$$00000011  c_w.l(libshutdown2.o)
    0x08000166   0x08000166   0x00000002   Code   RO         4501    .ARM.Collect$$libshutdown$$00000012  c_w.l(libshutdown2.o)
    0x08000168   0x08000168   0x00000000   Code   RO         4373    .ARM.Collect$$rtentry$$00000000  c_w.l(__rtentry.o)
    0x08000168   0x08000168   0x00000000   Code   RO         4379    .ARM.Collect$$rtentry$$00000002  c_w.l(__rtentry2.o)
    0x08000168   0x08000168   0x00000006   Code   RO         4391    .ARM.Collect$$rtentry$$00000004  c_w.l(__rtentry4.o)
    0x0800016e   0x0800016e   0x00000000   Code   RO         4381    .ARM.Collect$$rtentry$$00000009  c_w.l(__rtentry2.o)
    0x0800016e   0x0800016e   0x00000004   Code   RO         4382    .ARM.Collect$$rtentry$$0000000A  c_w.l(__rtentry2.o)
    0x08000172   0x08000172   0x00000000   Code   RO         4384    .ARM.Collect$$rtentry$$0000000C  c_w.l(__rtentry2.o)
    0x08000172   0x08000172   0x00000008   Code   RO         4385    .ARM.Collect$$rtentry$$0000000D  c_w.l(__rtentry2.o)
    0x0800017a   0x0800017a   0x00000002   Code   RO         4406    .ARM.Collect$$rtexit$$00000000  c_w.l(rtexit.o)
    0x0800017c   0x0800017c   0x00000000   Code   RO         4454    .ARM.Collect$$rtexit$$00000002  c_w.l(rtexit2.o)
    0x0800017c   0x0800017c   0x00000004   Code   RO         4455    .ARM.Collect$$rtexit$$00000003  c_w.l(rtexit2.o)
    0x08000180   0x08000180   0x00000006   Code   RO         4456    .ARM.Collect$$rtexit$$00000004  c_w.l(rtexit2.o)
    0x08000186   0x08000186   0x00000002   PAD
    0x08000188   0x08000188   0x00000096   Code   RO         4280    .emb_text           port.o
    0x0800021e   0x0800021e   0x00000002   PAD
    0x08000220   0x08000220   0x00000040   Code   RO            4    .text               startup_stm32f103xb.o
    0x08000260   0x08000260   0x0000008a   Code   RO         4361    .text               c_w.l(rt_memcpy_v6.o)
    0x080002ea   0x080002ea   0x00000010   Code   RO         4365    .text               c_w.l(aeabi_memset.o)
    0x080002fa   0x080002fa   0x0000004e   Code   RO         4367    .text               c_w.l(rt_memclr_w.o)
    0x08000348   0x08000348   0x00000006   Code   RO         4369    .text               c_w.l(heapauxi.o)
    0x0800034e   0x0800034e   0x00000064   Code   RO         4374    .text               c_w.l(rt_memcpy_w.o)
    0x080003b2   0x080003b2   0x00000044   Code   RO         4376    .text               c_w.l(rt_memclr.o)
    0x080003f6   0x080003f6   0x0000004a   Code   RO         4393    .text               c_w.l(sys_stackheap_outer.o)
    0x08000440   0x08000440   0x00000012   Code   RO         4395    .text               c_w.l(exit.o)
    0x08000452   0x08000452   0x00000002   PAD
    0x08000454   0x08000454   0x00000008   Code   RO         4403    .text               c_w.l(libspace.o)
    0x0800045c   0x0800045c   0x0000000c   Code   RO         4464    .text               c_w.l(sys_exit.o)
    0x08000468   0x08000468   0x00000002   Code   RO         4475    .text               c_w.l(use_no_semi.o)
    0x0800046a   0x0800046a   0x00000000   Code   RO         4477    .text               c_w.l(indicate_semi.o)
    0x0800046a   0x0800046a   0x00000004   Code   RO          353    i.BusFault_Handler  stm32f1xx_it.o
    0x0800046e   0x0800046e   0x00000002   Code   RO          354    i.DebugMon_Handler  stm32f1xx_it.o
    0x08000470   0x08000470   0x00000006   Code   RO          137    i.Error_Handler     main.o
    0x08000476   0x08000476   0x00000002   PAD
    0x08000478   0x08000478   0x00000320   Code   RO         1828    i.HAL_GPIO_Init     stm32f1xx_hal_gpio.o
    0x08000798   0x08000798   0x00000014   Code   RO         1831    i.HAL_GPIO_TogglePin  stm32f1xx_hal_gpio.o
    0x080007ac   0x080007ac   0x0000000c   Code   RO         1832    i.HAL_GPIO_WritePin  stm32f1xx_hal_gpio.o
    0x080007b8   0x080007b8   0x0000000c   Code   RO         1517    i.HAL_GetTick       stm32f1xx_hal.o
    0x080007c4   0x080007c4   0x00000018   Code   RO         1523    i.HAL_IncTick       stm32f1xx_hal.o
    0x080007dc   0x080007dc   0x00000028   Code   RO         1524    i.HAL_Init          stm32f1xx_hal.o
    0x08000804   0x08000804   0x000000b4   Code   RO          447    i.HAL_InitTick      stm32f1xx_hal_timebase_tim.o
    0x080008b8   0x080008b8   0x00000060   Code   RO          423    i.HAL_MspInit       stm32f1xx_hal_msp.o
    0x08000918   0x08000918   0x00000020   Code   RO         1988    i.HAL_NVIC_EnableIRQ  stm32f1xx_hal_cortex.o
    0x08000938   0x08000938   0x0000007c   Code   RO         1994    i.HAL_NVIC_SetPriority  stm32f1xx_hal_cortex.o
    0x080009b4   0x080009b4   0x00000028   Code   RO         1995    i.HAL_NVIC_SetPriorityGrouping  stm32f1xx_hal_cortex.o
    0x080009dc   0x080009dc   0x0000018c   Code   RO         1681    i.HAL_RCC_ClockConfig  stm32f1xx_hal_rcc.o
    0x08000b68   0x08000b68   0x00000044   Code   RO         1685    i.HAL_RCC_GetClockConfig  stm32f1xx_hal_rcc.o
    0x08000bac   0x08000bac   0x0000000c   Code   RO         1686    i.HAL_RCC_GetHCLKFreq  stm32f1xx_hal_rcc.o
    0x08000bb8   0x08000bb8   0x00000020   Code   RO         1688    i.HAL_RCC_GetPCLK1Freq  stm32f1xx_hal_rcc.o
    0x08000bd8   0x08000bd8   0x00000070   Code   RO         1690    i.HAL_RCC_GetSysClockFreq  stm32f1xx_hal_rcc.o
    0x08000c48   0x08000c48   0x00000464   Code   RO         1693    i.HAL_RCC_OscConfig  stm32f1xx_hal_rcc.o
    0x080010ac   0x080010ac   0x00000002   Code   RO         1239    i.HAL_TIMEx_BreakCallback  stm32f1xx_hal_tim_ex.o
    0x080010ae   0x080010ae   0x00000002   Code   RO         1240    i.HAL_TIMEx_CommutCallback  stm32f1xx_hal_tim_ex.o
    0x080010b0   0x080010b0   0x00000084   Code   RO         1258    i.HAL_TIMEx_MasterConfigSynchronization  stm32f1xx_hal_tim_ex.o
    0x08001134   0x08001134   0x00000066   Code   RO          524    i.HAL_TIM_Base_Init  stm32f1xx_hal_tim.o
    0x0800119a   0x0800119a   0x00000002   Code   RO          526    i.HAL_TIM_Base_MspInit  stm32f1xx_hal_tim.o
    0x0800119c   0x0800119c   0x00000078   Code   RO          529    i.HAL_TIM_Base_Start_IT  stm32f1xx_hal_tim.o
    0x08001214   0x08001214   0x00000002   Code   RO          558    i.HAL_TIM_IC_CaptureCallback  stm32f1xx_hal_tim.o
    0x08001216   0x08001216   0x0000016c   Code   RO          572    i.HAL_TIM_IRQHandler  stm32f1xx_hal_tim.o
    0x08001382   0x08001382   0x00000002   PAD
    0x08001384   0x08001384   0x00000058   Code   RO          305    i.HAL_TIM_MspPostInit  tim.o
    0x080013dc   0x080013dc   0x00000002   Code   RO          575    i.HAL_TIM_OC_DelayElapsedCallback  stm32f1xx_hal_tim.o
    0x080013de   0x080013de   0x00000104   Code   RO          596    i.HAL_TIM_PWM_ConfigChannel  stm32f1xx_hal_tim.o
    0x080014e2   0x080014e2   0x00000066   Code   RO          599    i.HAL_TIM_PWM_Init  stm32f1xx_hal_tim.o
    0x08001548   0x08001548   0x00000044   Code   RO          307    i.HAL_TIM_PWM_MspInit  tim.o
    0x0800158c   0x0800158c   0x00000002   Code   RO          602    i.HAL_TIM_PWM_PulseFinishedCallback  stm32f1xx_hal_tim.o
    0x0800158e   0x0800158e   0x00000002   PAD
    0x08001590   0x08001590   0x000000d4   Code   RO          604    i.HAL_TIM_PWM_Start  stm32f1xx_hal_tim.o
    0x08001664   0x08001664   0x00000018   Code   RO          138    i.HAL_TIM_PeriodElapsedCallback  main.o
    0x0800167c   0x0800167c   0x00000002   Code   RO          615    i.HAL_TIM_TriggerCallback  stm32f1xx_hal_tim.o
    0x0800167e   0x0800167e   0x00000004   Code   RO          355    i.HardFault_Handler  stm32f1xx_it.o
    0x08001682   0x08001682   0x00000002   PAD
    0x08001684   0x08001684   0x00000054   Code   RO          249    i.MX_FREERTOS_Init  freertos.o
    0x080016d8   0x080016d8   0x000000d4   Code   RO          225    i.MX_GPIO_Init      gpio.o
    0x080017ac   0x080017ac   0x0000007c   Code   RO          308    i.MX_TIM3_Init      tim.o
    0x08001828   0x08001828   0x00000004   Code   RO          356    i.MemManage_Handler  stm32f1xx_it.o
    0x0800182c   0x0800182c   0x00000060   Code   RO           13    i.Motor_Init        motor.o
    0x0800188c   0x0800188c   0x000000fc   Code   RO           14    i.Motor_SetSpeed    motor.o
    0x08001988   0x08001988   0x0000006c   Code   RO           15    i.Motor_Stop        motor.o
    0x080019f4   0x080019f4   0x00000004   Code   RO          357    i.NMI_Handler       stm32f1xx_it.o
    0x080019f8   0x080019f8   0x00000028   Code   RO         1694    i.RCC_Delay         stm32f1xx_hal_rcc.o
    0x08001a20   0x08001a20   0x0000000a   Code   RO          250    i.Start_LedTask     freertos.o
    0x08001a2a   0x08001a2a   0x00000002   PAD
    0x08001a2c   0x08001a2c   0x00000064   Code   RO          251    i.Start_MotorTask   freertos.o
    0x08001a90   0x08001a90   0x0000000a   Code   RO          252    i.Start_UartTask    freertos.o
    0x08001a9a   0x08001a9a   0x00000016   Code   RO         3695    i.SysTick_Handler   cmsis_os2.o
    0x08001ab0   0x08001ab0   0x00000066   Code   RO          139    i.SystemClock_Config  main.o
    0x08001b16   0x08001b16   0x00000002   Code   RO         2515    i.SystemInit        system_stm32f1xx.o
    0x08001b18   0x08001b18   0x00000010   Code   RO          358    i.TIM3_IRQHandler   stm32f1xx_it.o
    0x08001b28   0x08001b28   0x00000010   Code   RO          359    i.TIM4_IRQHandler   stm32f1xx_it.o
    0x08001b38   0x08001b38   0x00000084   Code   RO          617    i.TIM_Base_SetConfig  stm32f1xx_hal_tim.o
    0x08001bbc   0x08001bbc   0x00000022   Code   RO          618    i.TIM_CCxChannelCmd  stm32f1xx_hal_tim.o
    0x08001bde   0x08001bde   0x00000002   PAD
    0x08001be0   0x08001be0   0x00000060   Code   RO          630    i.TIM_OC1_SetConfig  stm32f1xx_hal_tim.o
    0x08001c40   0x08001c40   0x00000068   Code   RO          631    i.TIM_OC2_SetConfig  stm32f1xx_hal_tim.o
    0x08001ca8   0x08001ca8   0x00000068   Code   RO          632    i.TIM_OC3_SetConfig  stm32f1xx_hal_tim.o
    0x08001d10   0x08001d10   0x00000048   Code   RO          633    i.TIM_OC4_SetConfig  stm32f1xx_hal_tim.o
    0x08001d58   0x08001d58   0x00000004   Code   RO          360    i.UsageFault_Handler  stm32f1xx_it.o
    0x08001d5c   0x08001d5c   0x00000010   Code   RO         2001    i.__NVIC_GetPriorityGrouping  stm32f1xx_hal_cortex.o
    0x08001d6c   0x08001d6c   0x00000028   Code   RO         2002    i.__NVIC_SetPriority  stm32f1xx_hal_cortex.o
    0x08001d94   0x08001d94   0x00000006   Code   RO         3697    i.__get_IPSR        cmsis_os2.o
    0x08001d9a   0x08001d9a   0x00000002   PAD
    0x08001d9c   0x08001d9c   0x00000064   Code   RO          140    i.main              main.o
    0x08001e00   0x08001e00   0x0000001e   Code   RO         3698    i.osDelay           cmsis_os2.o
    0x08001e1e   0x08001e1e   0x00000002   PAD
    0x08001e20   0x08001e20   0x0000002c   Code   RO         3712    i.osKernelInitialize  cmsis_os2.o
    0x08001e4c   0x08001e4c   0x00000060   Code   RO         3715    i.osKernelStart     cmsis_os2.o
    0x08001eac   0x08001eac   0x000000b8   Code   RO         3757    i.osThreadNew       cmsis_os2.o
    0x08001f64   0x08001f64   0x0000007c   Code   RO         3132    i.prvAddCurrentTaskToDelayedList  tasks.o
    0x08001fe0   0x08001fe0   0x000000b8   Code   RO         3133    i.prvAddNewTaskToReadyList  tasks.o
    0x08002098   0x08002098   0x00000074   Code   RO         3508    i.prvCheckForValidListAndQueue  timers.o
    0x0800210c   0x0800210c   0x00000048   Code   RO         3134    i.prvCheckTasksWaitingTermination  tasks.o
    0x08002154   0x08002154   0x0000002a   Code   RO         2719    i.prvCopyDataFromQueue  queue.o
    0x0800217e   0x0800217e   0x0000007e   Code   RO         2720    i.prvCopyDataToQueue  queue.o
    0x080021fc   0x080021fc   0x00000050   Code   RO         3135    i.prvDeleteTCB      tasks.o
    0x0800224c   0x0800224c   0x00000028   Code   RO         3509    i.prvGetNextExpireTime  timers.o
    0x08002274   0x08002274   0x0000007c   Code   RO         4225    i.prvHeapInit       heap_4.o
    0x080022f0   0x080022f0   0x00000028   Code   RO         3136    i.prvIdleTask       tasks.o
    0x08002318   0x08002318   0x0000002a   Code   RO         2723    i.prvInitialiseNewQueue  queue.o
    0x08002342   0x08002342   0x000000be   Code   RO         3137    i.prvInitialiseNewTask  tasks.o
    0x08002400   0x08002400   0x00000068   Code   RO         3138    i.prvInitialiseTaskLists  tasks.o
    0x08002468   0x08002468   0x00000068   Code   RO         4226    i.prvInsertBlockIntoFreeList  heap_4.o
    0x080024d0   0x080024d0   0x00000058   Code   RO         3511    i.prvInsertTimerInActiveList  timers.o
    0x08002528   0x08002528   0x0000001a   Code   RO         2724    i.prvIsQueueEmpty   queue.o
    0x08002542   0x08002542   0x0000001e   Code   RO         2725    i.prvIsQueueFull    queue.o
    0x08002560   0x08002560   0x00000074   Code   RO         3512    i.prvProcessExpiredTimer  timers.o
    0x080025d4   0x080025d4   0x00000164   Code   RO         3513    i.prvProcessReceivedCommands  timers.o
    0x08002738   0x08002738   0x00000074   Code   RO         3514    i.prvProcessTimerOrBlockTask  timers.o
    0x080027ac   0x080027ac   0x00000034   Code   RO         3140    i.prvResetNextTaskUnblockTime  tasks.o
    0x080027e0   0x080027e0   0x0000002c   Code   RO         3515    i.prvSampleTimeNow  timers.o
    0x0800280c   0x0800280c   0x000000a4   Code   RO         3516    i.prvSwitchTimerLists  timers.o
    0x080028b0   0x080028b0   0x00000040   Code   RO         4281    i.prvTaskExitError  port.o
    0x080028f0   0x080028f0   0x0000001a   Code   RO         3517    i.prvTimerTask      timers.o
    0x0800290a   0x0800290a   0x0000007e   Code   RO         2726    i.prvUnlockQueue    queue.o
    0x08002988   0x08002988   0x0000014c   Code   RO         4227    i.pvPortMalloc      heap_4.o
    0x08002ad4   0x08002ad4   0x00000024   Code   RO         4282    i.pxPortInitialiseStack  port.o
    0x08002af8   0x08002af8   0x00000028   Code   RO         2679    i.uxListRemove      list.o
    0x08002b20   0x08002b20   0x00000018   Code   RO         3769    i.vApplicationGetIdleTaskMemory  cmsis_os2.o
    0x08002b38   0x08002b38   0x00000018   Code   RO         3770    i.vApplicationGetTimerTaskMemory  cmsis_os2.o
    0x08002b50   0x08002b50   0x0000001a   Code   RO         2680    i.vListInitialise   list.o
    0x08002b6a   0x08002b6a   0x00000006   Code   RO         2681    i.vListInitialiseItem  list.o
    0x08002b70   0x08002b70   0x00000034   Code   RO         2682    i.vListInsert       list.o
    0x08002ba4   0x08002ba4   0x00000018   Code   RO         2683    i.vListInsertEnd    list.o
    0x08002bbc   0x08002bbc   0x00000054   Code   RO         4284    i.vPortEnterCritical  port.o
    0x08002c10   0x08002c10   0x0000003c   Code   RO         4285    i.vPortExitCritical  port.o
    0x08002c4c   0x08002c4c   0x000000a4   Code   RO         4228    i.vPortFree         heap_4.o
    0x08002cf0   0x08002cf0   0x00000028   Code   RO         4286    i.vPortSetupTimerInterrupt  port.o
    0x08002d18   0x08002d18   0x00000078   Code   RO         4287    i.vPortValidateInterruptPriority  port.o
    0x08002d90   0x08002d90   0x0000002c   Code   RO         2732    i.vQueueAddToRegistry  queue.o
    0x08002dbc   0x08002dbc   0x0000004a   Code   RO         2736    i.vQueueWaitForMessageRestricted  queue.o
    0x08002e06   0x08002e06   0x00000002   PAD
    0x08002e08   0x08002e08   0x0000005c   Code   RO         3153    i.vTaskDelay        tasks.o
    0x08002e64   0x08002e64   0x00000018   Code   RO         3158    i.vTaskInternalSetTimeOutState  tasks.o
    0x08002e7c   0x08002e7c   0x0000000c   Code   RO         3159    i.vTaskMissedYield  tasks.o
    0x08002e88   0x08002e88   0x00000038   Code   RO         3161    i.vTaskPlaceOnEventList  tasks.o
    0x08002ec0   0x08002ec0   0x00000040   Code   RO         3162    i.vTaskPlaceOnEventListRestricted  tasks.o
    0x08002f00   0x08002f00   0x000000b8   Code   RO         3170    i.vTaskStartScheduler  tasks.o
    0x08002fb8   0x08002fb8   0x00000010   Code   RO         3172    i.vTaskSuspendAll   tasks.o
    0x08002fc8   0x08002fc8   0x00000090   Code   RO         3173    i.vTaskSwitchContext  tasks.o
    0x08003058   0x08003058   0x000000f8   Code   RO         4288    i.xPortStartScheduler  port.o
    0x08003150   0x08003150   0x00000034   Code   RO         4289    i.xPortSysTickHandler  port.o
    0x08003184   0x08003184   0x000000e0   Code   RO         2742    i.xQueueGenericCreateStatic  queue.o
    0x08003264   0x08003264   0x00000098   Code   RO         2743    i.xQueueGenericReset  queue.o
    0x080032fc   0x080032fc   0x000001a8   Code   RO         2744    i.xQueueGenericSend  queue.o
    0x080034a4   0x080034a4   0x000000fc   Code   RO         2745    i.xQueueGenericSendFromISR  queue.o
    0x080035a0   0x080035a0   0x00000168   Code   RO         2754    i.xQueueReceive     queue.o
    0x08003708   0x08003708   0x0000008c   Code   RO         3175    i.xTaskCheckForTimeOut  tasks.o
    0x08003794   0x08003794   0x00000064   Code   RO         3176    i.xTaskCreate       tasks.o
    0x080037f8   0x080037f8   0x000000ba   Code   RO         3177    i.xTaskCreateStatic  tasks.o
    0x080038b2   0x080038b2   0x00000002   PAD
    0x080038b4   0x080038b4   0x00000020   Code   RO         3181    i.xTaskGetSchedulerState  tasks.o
    0x080038d4   0x080038d4   0x0000000c   Code   RO         3182    i.xTaskGetTickCount  tasks.o
    0x080038e0   0x080038e0   0x00000144   Code   RO         3184    i.xTaskIncrementTick  tasks.o
    0x08003a24   0x08003a24   0x000000a4   Code   RO         3187    i.xTaskPriorityDisinherit  tasks.o
    0x08003ac8   0x08003ac8   0x00000098   Code   RO         3189    i.xTaskRemoveFromEventList  tasks.o
    0x08003b60   0x08003b60   0x00000104   Code   RO         3190    i.xTaskResumeAll    tasks.o
    0x08003c64   0x08003c64   0x00000078   Code   RO         3526    i.xTimerCreateTimerTask  timers.o
    0x08003cdc   0x08003cdc   0x00000084   Code   RO         3527    i.xTimerGenericCommand  timers.o
    0x08003d60   0x08003d60   0x0000006c   Data   RO          253    .constdata          freertos.o
    0x08003dcc   0x08003dcc   0x00000012   Data   RO         1695    .constdata          stm32f1xx_hal_rcc.o
    0x08003dde   0x08003dde   0x00000018   Data   RO         2516    .constdata          system_stm32f1xx.o
    0x08003df6   0x08003df6   0x00000002   PAD
    0x08003df8   0x08003df8   0x0000001d   Data   RO          254    .conststring        freertos.o
    0x08003e15   0x08003e15   0x00000003   PAD
    0x08003e18   0x08003e18   0x00000020   Data   RO         4532    Region$$Table       anon$$obj.o


    Execution Region RW_IRAM1 (Exec base: 0x20000000, Load base: 0x08003e38, Size: 0x00002088, Max: 0x00005000, ABSOLUTE)

    Exec Addr    Load Addr    Size         Type   Attr      Idx    E Section Name        Object

    0x20000000   0x08003e38   0x0000000c   Data   RW          255    .data               freertos.o
    0x2000000c   0x08003e44   0x00000009   Data   RW         1531    .data               stm32f1xx_hal.o
    0x20000015   0x08003e4d   0x00000003   PAD
    0x20000018   0x08003e50   0x00000004   Data   RW         2517    .data               system_stm32f1xx.o
    0x2000001c   0x08003e54   0x0000003c   Data   RW         3193    .data               tasks.o
    0x20000058   0x08003e90   0x00000014   Data   RW         3535    .data               timers.o
    0x2000006c   0x08003ea4   0x00000004   Data   RW         3772    .data               cmsis_os2.o
    0x20000070   0x08003ea8   0x00000020   Data   RW         4234    .data               heap_4.o
    0x20000090   0x08003ec8   0x0000000c   Data   RW         4290    .data               port.o
    0x2000009c        -       0x00000028   Zero   RW          141    .bss                main.o
    0x200000c4        -       0x00000048   Zero   RW          309    .bss                tim.o
    0x2000010c        -       0x00000048   Zero   RW          450    .bss                stm32f1xx_hal_timebase_tim.o
    0x20000154        -       0x00000040   Zero   RW         2758    .bss                queue.o
    0x20000194        -       0x000004c4   Zero   RW         3192    .bss                tasks.o
    0x20000658        -       0x00000118   Zero   RW         3534    .bss                timers.o
    0x20000770        -       0x000006b8   Zero   RW         3771    .bss                cmsis_os2.o
    0x20000e28        -       0x00000c00   Zero   RW         4233    .bss                heap_4.o
    0x20001a28        -       0x00000060   Zero   RW         4404    .bss                c_w.l(libspace.o)
    0x20001a88        -       0x00000200   Zero   RW            2    HEAP                startup_stm32f103xb.o
    0x20001c88        -       0x00000400   Zero   RW            1    STACK               startup_stm32f103xb.o


==============================================================================

Image component sizes


      Code (inc. data)   RO Data    RW Data    ZI Data      Debug   Object Name

       430         38          0          4       1720      59571   cmsis_os2.o
         0          0          0          0          0      19936   event_groups.o
       204         50        137         12          0       3182   freertos.o
       212         14          0          0          0       1071   gpio.o
       724         74          0         32       3072       5095   heap_4.o
       148          0          0          0          0       3750   list.o
       232         20          0          0         40      14009   main.o
       456          0          0          0          0     421115   motor.o
       854         78          0         12          0      11541   port.o
      1922         20          0          0         64      17868   queue.o
        64         26        236          0       1536        864   startup_stm32f103xb.o
        76         20          0          9          0       4954   stm32f1xx_hal.o
       252         22          0          0          0      29002   stm32f1xx_hal_cortex.o
       832         34          0          0          0       3501   stm32f1xx_hal_gpio.o
        96         10          0          0          0       1002   stm32f1xx_hal_msp.o
      1784         98         18          0          0       6458   stm32f1xx_hal_rcc.o
      1712         60          0          0          0      13073   stm32f1xx_hal_tim.o
       136         14          0          0          0       2637   stm32f1xx_hal_tim_ex.o
       180         22          0          0         72       1619   stm32f1xx_hal_timebase_tim.o
        54         12          0          0          0       3949   stm32f1xx_it.o
         0          0          0          0          0        432   stream_buffer.o
         2          0         24          4          0       1275   system_stm32f1xx.o
      2808        346          0         60       1220      28126   tasks.o
       280         34          0          0         72       2531   tim.o
      1318        124          0         20        280      33731   timers.o

    ----------------------------------------------------------------------
     14798       1116        452        156       8076     690292   Object Totals
         0          0         32          0          0          0   (incl. Generated)
        22          0          5          3          0          0   (incl. Padding)

    ----------------------------------------------------------------------

      Code (inc. data)   RO Data    RW Data    ZI Data      Debug   Library Member Name

         8          0          0          0          0         68   __main.o
         0          0          0          0          0          0   __rtentry.o
        12          0          0          0          0          0   __rtentry2.o
         6          0          0          0          0          0   __rtentry4.o
        52          8          0          0          0          0   __scatter.o
        26          0          0          0          0          0   __scatter_copy.o
        28          0          0          0          0          0   __scatter_zi.o
        16          0          0          0          0         68   aeabi_memset.o
        18          0          0          0          0         80   exit.o
         6          0          0          0          0        152   heapauxi.o
         0          0          0          0          0          0   indicate_semi.o
         2          0          0          0          0          0   libinit.o
         2          0          0          0          0          0   libinit2.o
         2          0          0          0          0          0   libshutdown.o
         2          0          0          0          0          0   libshutdown2.o
         8          4          0          0         96         68   libspace.o
        68          0          0          0          0         68   rt_memclr.o
        78          0          0          0          0         80   rt_memclr_w.o
       138          0          0          0          0         68   rt_memcpy_v6.o
       100          0          0          0          0         80   rt_memcpy_w.o
         2          0          0          0          0          0   rtexit.o
        10          0          0          0          0          0   rtexit2.o
        12          4          0          0          0         68   sys_exit.o
        74          0          0          0          0         80   sys_stackheap_outer.o
         2          0          0          0          0         68   use_no_semi.o

    ----------------------------------------------------------------------
       678         16          0          0         96        948   Library Totals
         6          0          0          0          0          0   (incl. Padding)

    ----------------------------------------------------------------------

      Code (inc. data)   RO Data    RW Data    ZI Data      Debug   Library Name

       672         16          0          0         96        948   c_w.l

    ----------------------------------------------------------------------
       678         16          0          0         96        948   Library Totals

    ----------------------------------------------------------------------

==============================================================================


      Code (inc. data)   RO Data    RW Data    ZI Data      Debug   

     15476       1132        452        156       8172     683852   Grand Totals
     15476       1132        452        156       8172     683852   ELF Image Totals
     15476       1132        452        156          0          0   ROM Totals

==============================================================================

    Total RO  Size (Code + RO Data)                15928 (  15.55kB)
    Total RW  Size (RW Data + ZI Data)              8328 (   8.13kB)
    Total ROM Size (Code + RO Data + RW Data)      16084 (  15.71kB)

==============================================================================

