Archive member included to satisfy reference by file (symbol)

C:/STM32cubeIDE/install/STM32CubeIDE_1.19.0/STM32CubeIDE/plugins/com.st.stm32cube.ide.mcu.externaltools.gnu-tools-for-stm32.13.3.rel1.win32_1.0.0.202411081344/tools/bin/../lib/gcc/arm-none-eabi/13.3.1/../../../../arm-none-eabi/lib/thumb/v7-m/nofp\libc_nano.a(libc_a-exit.o)
                              C:/STM32cubeIDE/install/STM32CubeIDE_1.19.0/STM32CubeIDE/plugins/com.st.stm32cube.ide.mcu.externaltools.gnu-tools-for-stm32.13.3.rel1.win32_1.0.0.202411081344/tools/bin/../lib/gcc/arm-none-eabi/13.3.1/../../../../arm-none-eabi/lib/thumb/v7-m/nofp/crt0.o (exit)
C:/STM32cubeIDE/install/STM32CubeIDE_1.19.0/STM32CubeIDE/plugins/com.st.stm32cube.ide.mcu.externaltools.gnu-tools-for-stm32.13.3.rel1.win32_1.0.0.202411081344/tools/bin/../lib/gcc/arm-none-eabi/13.3.1/../../../../arm-none-eabi/lib/thumb/v7-m/nofp\libc_nano.a(libc_a-findfp.o)
                              ./Middlewares/FreeRTOS/tasks.o (__sf)
C:/STM32cubeIDE/install/STM32CubeIDE_1.19.0/STM32CubeIDE/plugins/com.st.stm32cube.ide.mcu.externaltools.gnu-tools-for-stm32.13.3.rel1.win32_1.0.0.202411081344/tools/bin/../lib/gcc/arm-none-eabi/13.3.1/../../../../arm-none-eabi/lib/thumb/v7-m/nofp\libc_nano.a(libc_a-fwalk.o)
                              C:/STM32cubeIDE/install/STM32CubeIDE_1.19.0/STM32CubeIDE/plugins/com.st.stm32cube.ide.mcu.externaltools.gnu-tools-for-stm32.13.3.rel1.win32_1.0.0.202411081344/tools/bin/../lib/gcc/arm-none-eabi/13.3.1/../../../../arm-none-eabi/lib/thumb/v7-m/nofp\libc_nano.a(libc_a-findfp.o) (_fwalk_sglue)
C:/STM32cubeIDE/install/STM32CubeIDE_1.19.0/STM32CubeIDE/plugins/com.st.stm32cube.ide.mcu.externaltools.gnu-tools-for-stm32.13.3.rel1.win32_1.0.0.202411081344/tools/bin/../lib/gcc/arm-none-eabi/13.3.1/../../../../arm-none-eabi/lib/thumb/v7-m/nofp\libc_nano.a(libc_a-sprintf.o)
                              ./Application/User/Core/freertos.o (sprintf)
C:/STM32cubeIDE/install/STM32CubeIDE_1.19.0/STM32CubeIDE/plugins/com.st.stm32cube.ide.mcu.externaltools.gnu-tools-for-stm32.13.3.rel1.win32_1.0.0.202411081344/tools/bin/../lib/gcc/arm-none-eabi/13.3.1/../../../../arm-none-eabi/lib/thumb/v7-m/nofp\libc_nano.a(libc_a-stdio.o)
                              C:/STM32cubeIDE/install/STM32CubeIDE_1.19.0/STM32CubeIDE/plugins/com.st.stm32cube.ide.mcu.externaltools.gnu-tools-for-stm32.13.3.rel1.win32_1.0.0.202411081344/tools/bin/../lib/gcc/arm-none-eabi/13.3.1/../../../../arm-none-eabi/lib/thumb/v7-m/nofp\libc_nano.a(libc_a-findfp.o) (__sread)
C:/STM32cubeIDE/install/STM32CubeIDE_1.19.0/STM32CubeIDE/plugins/com.st.stm32cube.ide.mcu.externaltools.gnu-tools-for-stm32.13.3.rel1.win32_1.0.0.202411081344/tools/bin/../lib/gcc/arm-none-eabi/13.3.1/../../../../arm-none-eabi/lib/thumb/v7-m/nofp\libc_nano.a(libc_a-memset.o)
                              C:/STM32cubeIDE/install/STM32CubeIDE_1.19.0/STM32CubeIDE/plugins/com.st.stm32cube.ide.mcu.externaltools.gnu-tools-for-stm32.13.3.rel1.win32_1.0.0.202411081344/tools/bin/../lib/gcc/arm-none-eabi/13.3.1/../../../../arm-none-eabi/lib/thumb/v7-m/nofp/crt0.o (memset)
C:/STM32cubeIDE/install/STM32CubeIDE_1.19.0/STM32CubeIDE/plugins/com.st.stm32cube.ide.mcu.externaltools.gnu-tools-for-stm32.13.3.rel1.win32_1.0.0.202411081344/tools/bin/../lib/gcc/arm-none-eabi/13.3.1/../../../../arm-none-eabi/lib/thumb/v7-m/nofp\libc_nano.a(libc_a-closer.o)
                              C:/STM32cubeIDE/install/STM32CubeIDE_1.19.0/STM32CubeIDE/plugins/com.st.stm32cube.ide.mcu.externaltools.gnu-tools-for-stm32.13.3.rel1.win32_1.0.0.202411081344/tools/bin/../lib/gcc/arm-none-eabi/13.3.1/../../../../arm-none-eabi/lib/thumb/v7-m/nofp\libc_nano.a(libc_a-stdio.o) (_close_r)
C:/STM32cubeIDE/install/STM32CubeIDE_1.19.0/STM32CubeIDE/plugins/com.st.stm32cube.ide.mcu.externaltools.gnu-tools-for-stm32.13.3.rel1.win32_1.0.0.202411081344/tools/bin/../lib/gcc/arm-none-eabi/13.3.1/../../../../arm-none-eabi/lib/thumb/v7-m/nofp\libc_nano.a(libc_a-reent.o)
                              ./Middlewares/FreeRTOS/tasks.o (_reclaim_reent)
C:/STM32cubeIDE/install/STM32CubeIDE_1.19.0/STM32CubeIDE/plugins/com.st.stm32cube.ide.mcu.externaltools.gnu-tools-for-stm32.13.3.rel1.win32_1.0.0.202411081344/tools/bin/../lib/gcc/arm-none-eabi/13.3.1/../../../../arm-none-eabi/lib/thumb/v7-m/nofp\libc_nano.a(libc_a-impure.o)
                              ./Middlewares/FreeRTOS/tasks.o (_impure_ptr)
C:/STM32cubeIDE/install/STM32CubeIDE_1.19.0/STM32CubeIDE/plugins/com.st.stm32cube.ide.mcu.externaltools.gnu-tools-for-stm32.13.3.rel1.win32_1.0.0.202411081344/tools/bin/../lib/gcc/arm-none-eabi/13.3.1/../../../../arm-none-eabi/lib/thumb/v7-m/nofp\libc_nano.a(libc_a-lseekr.o)
                              C:/STM32cubeIDE/install/STM32CubeIDE_1.19.0/STM32CubeIDE/plugins/com.st.stm32cube.ide.mcu.externaltools.gnu-tools-for-stm32.13.3.rel1.win32_1.0.0.202411081344/tools/bin/../lib/gcc/arm-none-eabi/13.3.1/../../../../arm-none-eabi/lib/thumb/v7-m/nofp\libc_nano.a(libc_a-stdio.o) (_lseek_r)
[...]
Memory Configuration

Name             Origin             Length             Attributes
RAM              0x20000000         0x00005000         xrw
FLASH            0x08000000         0x00010000         xr
*default*        0x00000000         0xffffffff

Linker script and memory map

LOAD C:/STM32cubeIDE/install/STM32CubeIDE_1.19.0/STM32CubeIDE/plugins/com.st.stm32cube.ide.mcu.externaltools.gnu-tools-for-stm32.13.3.rel1.win32_1.0.0.202411081344/tools/bin/../lib/gcc/arm-none-eabi/13.3.1/thumb/v7-m/nofp/crti.o
LOAD C:/STM32cubeIDE/install/STM32CubeIDE_1.19.0/STM32CubeIDE/plugins/com.st.stm32cube.ide.mcu.externaltools.gnu-tools-for-stm32.13.3.rel1.win32_1.0.0.202411081344/tools/bin/../lib/gcc/arm-none-eabi/13.3.1/thumb/v7-m/nofp/crtbegin.o
LOAD C:/STM32cubeIDE/install/STM32CubeIDE_1.19.0/STM32CubeIDE/plugins/com.st.stm32cube.ide.mcu.externaltools.gnu-tools-for-stm32.13.3.rel1.win32_1.0.0.202411081344/tools/bin/../lib/gcc/arm-none-eabi/13.3.1/../../../../arm-none-eabi/lib/thumb/v7-m/nofp/crt0.o
LOAD ./Application/User/Core/dma.o
LOAD ./Application/User/Core/freertos.o
LOAD ./Application/User/Core/gpio.o
LOAD ./Application/User/Core/main.o
LOAD ./Application/User/Core/motor.o
LOAD ./Application/User/Core/stm32f1xx_hal_msp.o
LOAD ./Application/User/Core/stm32f1xx_hal_timebase_tim.o
LOAD ./Application/User/Core/stm32f1xx_it.o
LOAD ./Application/User/Core/syscalls.o
LOAD ./Application/User/Core/sysmem.o
LOAD ./Application/User/Core/tim.o
LOAD ./Application/User/Core/usart.o
LOAD ./Application/User/Startup/startup_stm32f103c8tx.o
LOAD ./Drivers/CMSIS/system_stm32f1xx.o
LOAD ./Drivers/STM32F1xx_HAL_Driver/stm32f1xx_hal.o
LOAD ./Drivers/STM32F1xx_HAL_Driver/stm32f1xx_hal_cortex.o
LOAD ./Drivers/STM32F1xx_HAL_Driver/stm32f1xx_hal_dma.o
LOAD ./Drivers/STM32F1xx_HAL_Driver/stm32f1xx_hal_exti.o
LOAD ./Drivers/STM32F1xx_HAL_Driver/stm32f1xx_hal_flash.o
LOAD ./Drivers/STM32F1xx_HAL_Driver/stm32f1xx_hal_flash_ex.o
LOAD ./Drivers/STM32F1xx_HAL_Driver/stm32f1xx_hal_gpio.o
LOAD ./Drivers/STM32F1xx_HAL_Driver/stm32f1xx_hal_gpio_ex.o
LOAD ./Drivers/STM32F1xx_HAL_Driver/stm32f1xx_hal_pwr.o
LOAD ./Drivers/STM32F1xx_HAL_Driver/stm32f1xx_hal_rcc.o
LOAD ./Drivers/STM32F1xx_HAL_Driver/stm32f1xx_hal_rcc_ex.o
LOAD ./Drivers/STM32F1xx_HAL_Driver/stm32f1xx_hal_tim.o
LOAD ./Drivers/STM32F1xx_HAL_Driver/stm32f1xx_hal_tim_ex.o
LOAD ./Drivers/STM32F1xx_HAL_Driver/stm32f1xx_hal_uart.o
LOAD ./Middlewares/FreeRTOS/cmsis_os2.o
LOAD ./Middlewares/FreeRTOS/croutine.o
LOAD ./Middlewares/FreeRTOS/event_groups.o
LOAD ./Middlewares/FreeRTOS/heap_4.o
LOAD ./Middlewares/FreeRTOS/list.o
LOAD ./Middlewares/FreeRTOS/port.o
LOAD ./Middlewares/FreeRTOS/queue.o
LOAD ./Middlewares/FreeRTOS/stream_buffer.o
LOAD ./Middlewares/FreeRTOS/tasks.o
LOAD ./Middlewares/FreeRTOS/timers.o
START GROUP
LOAD C:/STM32cubeIDE/install/STM32CubeIDE_1.19.0/STM32CubeIDE/plugins/com.st.stm32cube.ide.mcu.externaltools.gnu-tools-for-stm32.13.3.rel1.win32_1.0.0.202411081344/tools/bin/../lib/gcc/arm-none-eabi/13.3.1/../../../../arm-none-eabi/lib/thumb/v7-m/nofp\libc_nano.a
LOAD C:/STM32cubeIDE/install/STM32CubeIDE_1.19.0/STM32CubeIDE/plugins/com.st.stm32cube.ide.mcu.externaltools.gnu-tools-for-stm32.13.3.rel1.win32_1.0.0.202411081344/tools/bin/../lib/gcc/arm-none-eabi/13.3.1/../../../../arm-none-eabi/lib/thumb/v7-m/nofp\libm.a
END GROUP
START GROUP
LOAD C:/STM32cubeIDE/install/STM32CubeIDE_1.19.0/STM32CubeIDE/plugins/com.st.stm32cube.ide.mcu.externaltools.gnu-tools-for-stm32.13.3.rel1.win32_1.0.0.202411081344/tools/bin/../lib/gcc/arm-none-eabi/13.3.1/thumb/v7-m/nofp\libgcc.a
LOAD C:/STM32cubeIDE/install/STM32CubeIDE_1.19.0/STM32CubeIDE/plugins/com.st.stm32cube.ide.mcu.externaltools.gnu-tools-for-stm32.13.3.rel1.win32_1.0.0.202411081344/tools/bin/../lib/gcc/arm-none-eabi/13.3.1/../../../../arm-none-eabi/lib/thumb/v7-m/nofp\libc_nano.a
END GROUP
START GROUP
LOAD C:/STM32cubeIDE/install/STM32CubeIDE_1.19.0/STM32CubeIDE/plugins/com.st.stm32cube.ide.mcu.externaltools.gnu-tools-for-stm32.13.3.rel1.win32_1.0.0.202411081344/tools/bin/../lib/gcc/arm-none-eabi/13.3.1/thumb/v7-m/nofp\libgcc.a
LOAD C:/STM32cubeIDE/install/STM32CubeIDE_1.19.0/STM32CubeIDE/plugins/com.st.stm32cube.ide.mcu.externaltools.gnu-tools-for-stm32.13.3.rel1.win32_1.0.0.202411081344/tools/bin/../lib/gcc/arm-none-eabi/13.3.1/../../../../arm-none-eabi/lib/thumb/v7-m/nofp\libc_nano.a
LOAD C:/STM32cubeIDE/install/STM32CubeIDE_1.19.0/STM32CubeIDE/plugins/com.st.stm32cube.ide.mcu.externaltools.gnu-tools-for-stm32.13.3.rel1.win32_1.0.0.202411081344/tools/bin/../lib/gcc/arm-none-eabi/13.3.1/../../../../arm-none-eabi/lib/thumb/v7-m/nofp\libnosys.a
END GROUP
START GROUP
LOAD C:/STM32cubeIDE/install/STM32CubeIDE_1.19.0/STM32CubeIDE/plugins/com.st.stm32cube.ide.mcu.externaltools.gnu-tools-for-stm32.13.3.rel1.win32_1.0.0.202411081344/tools/bin/../lib/gcc/arm-none-eabi/13.3.1/thumb/v7-m/nofp\libgcc.a
LOAD C:/STM32cubeIDE/install/STM32CubeIDE_1.19.0/STM32CubeIDE/plugins/com.st.stm32cube.ide.mcu.externaltools.gnu-tools-for-stm32.13.3.rel1.win32_1.0.0.202411081344/tools/bin/../lib/gcc/arm-none-eabi/13.3.1/../../../../arm-none-eabi/lib/thumb/v7-m/nofp\libc_nano.a
LOAD C:/STM32cubeIDE/install/STM32CubeIDE_1.19.0/STM32CubeIDE/plugins/com.st.stm32cube.ide.mcu.externaltools.gnu-tools-for-stm32.13.3.rel1.win32_1.0.0.202411081344/tools/bin/../lib/gcc/arm-none-eabi/13.3.1/../../../../arm-none-eabi/lib/thumb/v7-m/nofp\libnosys.a
END GROUP
LOAD C:/STM32cubeIDE/install/STM32CubeIDE_1.19.0/STM32CubeIDE/plugins/com.st.stm32cube.ide.mcu.externaltools.gnu-tools-for-stm32.13.3.rel1.win32_1.0.0.202411081344/tools/bin/../lib/gcc/arm-none-eabi/13.3.1/thumb/v7-m/nofp/crtend.o
LOAD C:/STM32cubeIDE/install/STM32CubeIDE_1.19.0/STM32CubeIDE/plugins/com.st.stm32cube.ide.mcu.externaltools.gnu-tools-for-stm32.13.3.rel1.win32_1.0.0.202411081344/tools/bin/../lib/gcc/arm-none-eabi/13.3.1/thumb/v7-m/nofp/crtn.o
                0x20005000                        _estack = (ORIGIN (RAM) + LENGTH (RAM))
                0x00000200                        _Min_Heap_Size = 0x200
                0x00000400                        _Min_Stack_Size = 0x400

.isr_vector     0x08000000      0x10c
                0x08000000                        . = ALIGN (0x4)
 *(.isr_vector)
 .isr_vector    0x08000000      0x10c ./Application/User/Startup/startup_stm32f103c8tx.o
                0x08000000                g_pfnVectors
                0x0800010c                        . = ALIGN (0x4)

.text           0x08000110     0x7d28
                0x08000110                        . = ALIGN (0x4)
 *(.text)
 .text          0x08000110       0x40 C:/STM32cubeIDE/install/STM32CubeIDE_1.19.0/STM32CubeIDE/plugins/com.st.stm32cube.ide.mcu.externaltools.gnu-tools-for-stm32.13.3.rel1.win32_1.0.0.202411081344/tools/bin/../lib/gcc/arm-none-eabi/13.3.1/thumb/v7-m/nofp/crtbegin.o
 .text          0x08000150       0x10 C:/STM32cubeIDE/install/STM32CubeIDE_1.19.0/STM32CubeIDE/plugins/com.st.stm32cube.ide.mcu.externaltools.gnu-tools-for-stm32.13.3.rel1.win32_1.0.0.202411081344/tools/bin/../lib/gcc/arm-none-eabi/13.3.1/../../../../arm-none-eabi/lib/thumb/v7-m/nofp\libc_nano.a(libc_a-strlen.o)
                0x08000150                strlen
 *(.text*)
 .text.MX_DMA_Init
                0x08000160       0x5c ./Application/User/Core/dma.o
                0x08000160                MX_DMA_Init
 .text.MX_FREERTOS_Init
                0x080001bc       0x90 ./Application/User/Core/freertos.o
                0x080001bc                MX_FREERTOS_Init
 .text.Start_MotorControl
                0x0800024c       0xb0 ./Application/User/Core/freertos.o
                0x0800024c                Start_MotorControl
 .text.Start_Heartbeat
                0x080002fc       0x20 ./Application/User/Core/freertos.o
                0x080002fc                Start_Heartbeat
 .text.Start_SpeedMeasure
                0x0800031c       0x58 ./Application/User/Core/freertos.o
                0x0800031c                Start_SpeedMeasure
 .text.Start_SerialLog
                0x08000374       0x60 ./Application/User/Core/freertos.o
                0x08000374                Start_SerialLog
 .text.MX_GPIO_Init
                0x080003d4       0xdc ./Application/User/Core/gpio.o
                0x080003d4                MX_GPIO_Init
 .text.main     0x080004b0       0x9c ./Application/User/Core/main.o
                0x080004b0                main
 .text.SystemClock_Config
                0x0800054c       0x8e ./Application/User/Core/main.o
                0x0800054c                SystemClock_Config
 *fill*         0x080005da        0x2 
 .text.UART2_Print
                0x080005dc       0x5c ./Application/User/Core/main.o
                0x080005dc                UART2_Print
 .text.HAL_UART_RxCpltCallback
                0x08000638       0x78 ./Application/User/Core/main.o
                0x08000638                HAL_UART_RxCpltCallback
 .text.HAL_UART_TxCpltCallback
                0x080006b0       0x2c ./Application/User/Core/main.o
                0x080006b0                HAL_UART_TxCpltCallback
 .text.HAL_TIM_PeriodElapsedCallback
                0x080006dc       0x24 ./Application/User/Core/main.o
                0x080006dc                HAL_TIM_PeriodElapsedCallback
 .text.Error_Handler
                0x08000700        0xc ./Application/User/Core/main.o
                0x08000700                Error_Handler
 .text.Motor_Init
                0x0800070c       0x94 ./Application/User/Core/motor.o
                0x0800070c                Motor_Init
 .text.Motor_SetSpeed
                0x080007a0      0x19c ./Application/User/Core/motor.o
                0x080007a0                Motor_SetSpeed
 .text.Motor_Stop
                0x0800093c       0xa2 ./Application/User/Core/motor.o
                0x0800093c                Motor_Stop
 *fill*         0x080009de        0x2 
 .text.HAL_MspInit
                0x080009e0       0x70 ./Application/User/Core/stm32f1xx_hal_msp.o
                0x080009e0                HAL_MspInit
 .text.HAL_InitTick
                0x08000a50       0xfc ./Application/User/Core/stm32f1xx_hal_timebase_tim.o
                0x08000a50                HAL_InitTick
 .text.NMI_Handler
                0x08000b4c        0xc ./Application/User/Core/stm32f1xx_it.o
                0x08000b4c                NMI_Handler
 .text.HardFault_Handler
                0x08000b58        0x8 ./Application/User/Core/stm32f1xx_it.o
                0x08000b58                HardFault_Handler
 .text.MemManage_Handler
                0x08000b60        0x8 ./Application/User/Core/stm32f1xx_it.o
                0x08000b60                MemManage_Handler
 .text.BusFault_Handler
                0x08000b68        0x8 ./Application/User/Core/stm32f1xx_it.o
                0x08000b68                BusFault_Handler
 .text.UsageFault_Handler
                0x08000b70        0x8 ./Application/User/Core/stm32f1xx_it.o
                0x08000b70                UsageFault_Handler
 .text.DebugMon_Handler
                0x08000b78        0xc ./Application/User/Core/stm32f1xx_it.o
                0x08000b78                DebugMon_Handler
 .text.DMA1_Channel4_IRQHandler
                0x08000b84       0x14 ./Application/User/Core/stm32f1xx_it.o
                0x08000b84                DMA1_Channel4_IRQHandler
 .text.DMA1_Channel6_IRQHandler
                0x08000b98       0x14 ./Application/User/Core/stm32f1xx_it.o
                0x08000b98                DMA1_Channel6_IRQHandler
 .text.DMA1_Channel7_IRQHandler
                0x08000bac       0x14 ./Application/User/Core/stm32f1xx_it.o
                0x08000bac                DMA1_Channel7_IRQHandler
 .text.TIM4_IRQHandler
                0x08000bc0       0x14 ./Application/User/Core/stm32f1xx_it.o
                0x08000bc0                TIM4_IRQHandler
 .text.USART1_IRQHandler
                0x08000bd4       0x14 ./Application/User/Core/stm32f1xx_it.o
                0x08000bd4                USART1_IRQHandler
 .text.USART2_IRQHandler
                0x08000be8       0x14 ./Application/User/Core/stm32f1xx_it.o
                0x08000be8                USART2_IRQHandler
 .text._sbrk    0x08000bfc       0x6c ./Application/User/Core/sysmem.o
                0x08000bfc                _sbrk
 .text.MX_TIM2_Init
                0x08000c68       0xa8 ./Application/User/Core/tim.o
                0x08000c68                MX_TIM2_Init
 .text.MX_TIM3_Init
                0x08000d10       0xb4 ./Application/User/Core/tim.o
                0x08000d10                MX_TIM3_Init
 .text.HAL_TIM_Encoder_MspInit
                0x08000dc4       0x78 ./Application/User/Core/tim.o
                0x08000dc4                HAL_TIM_Encoder_MspInit
 .text.HAL_TIM_PWM_MspInit
                0x08000e3c       0x3c ./Application/User/Core/tim.o
                0x08000e3c                HAL_TIM_PWM_MspInit
 .text.HAL_TIM_MspPostInit
                0x08000e78       0x64 ./Application/User/Core/tim.o
                0x08000e78                HAL_TIM_MspPostInit
 .text.MX_USART1_UART_Init
                0x08000edc       0x54 ./Application/User/Core/usart.o
                0x08000edc                MX_USART1_UART_Init
 .text.MX_USART2_UART_Init
                0x08000f30       0x54 ./Application/User/Core/usart.o
                0x08000f30                MX_USART2_UART_Init
 .text.HAL_UART_MspInit
                0x08000f84      0x22c ./Application/User/Core/usart.o
                0x08000f84                HAL_UART_MspInit
 .text.Reset_Handler
                0x080011b0       0x48 ./Application/User/Startup/startup_stm32f103c8tx.o
                0x080011b0                Reset_Handler
 .text.Default_Handler
                0x080011f8        0x2 ./Application/User/Startup/startup_stm32f103c8tx.o
                0x080011f8                RTC_Alarm_IRQHandler
                0x080011f8                EXTI2_IRQHandler
                0x080011f8                TIM1_CC_IRQHandler
                0x080011f8                PVD_IRQHandler
                0x080011f8                EXTI3_IRQHandler
                0x080011f8                EXTI0_IRQHandler
                0x080011f8                I2C2_EV_IRQHandler
                0x080011f8                ADC1_2_IRQHandler
                0x080011f8                SPI1_IRQHandler
                0x080011f8                TAMPER_IRQHandler
                0x080011f8                USART3_IRQHandler
                0x080011f8                RTC_IRQHandler
                0x080011f8                CAN1_RX1_IRQHandler
                0x080011f8                I2C1_EV_IRQHandler
                0x080011f8                TIM3_IRQHandler
                0x080011f8                RCC_IRQHandler
                0x080011f8                TIM1_TRG_COM_IRQHandler
                0x080011f8                DMA1_Channel1_IRQHandler
                0x080011f8                Default_Handler
                0x080011f8                EXTI15_10_IRQHandler
                0x080011f8                EXTI9_5_IRQHandler
                0x080011f8                SPI2_IRQHandler
                0x080011f8                DMA1_Channel5_IRQHandler
                0x080011f8                EXTI4_IRQHandler
                0x080011f8                USB_LP_CAN1_RX0_IRQHandler
                0x080011f8                USB_HP_CAN1_TX_IRQHandler
                0x080011f8                DMA1_Channel3_IRQHandler
                0x080011f8                TIM1_UP_IRQHandler
                0x080011f8                WWDG_IRQHandler
                0x080011f8                TIM2_IRQHandler
                0x080011f8                TIM1_BRK_IRQHandler
                0x080011f8                EXTI1_IRQHandler
                0x080011f8                I2C2_ER_IRQHandler
                0x080011f8                DMA1_Channel2_IRQHandler
                0x080011f8                CAN1_SCE_IRQHandler
                0x080011f8                FLASH_IRQHandler
                0x080011f8                I2C1_ER_IRQHandler
                0x080011f8                USBWakeUp_IRQHandler
 .text.SystemInit
                0x080011fa        0xc ./Drivers/CMSIS/system_stm32f1xx.o
                0x080011fa                SystemInit
 *fill*         0x08001206        0x2 
 .text.HAL_Init
                0x08001208       0x2c ./Drivers/STM32F1xx_HAL_Driver/stm32f1xx_hal.o
                0x08001208                HAL_Init
 .text.HAL_IncTick
                0x08001234       0x24 ./Drivers/STM32F1xx_HAL_Driver/stm32f1xx_hal.o
                0x08001234                HAL_IncTick
 .text.HAL_GetTick
                0x08001258       0x14 ./Drivers/STM32F1xx_HAL_Driver/stm32f1xx_hal.o
                0x08001258                HAL_GetTick
 .text.__NVIC_SetPriorityGrouping
                0x0800126c       0x48 ./Drivers/STM32F1xx_HAL_Driver/stm32f1xx_hal_cortex.o
 .text.__NVIC_GetPriorityGrouping
                0x080012b4       0x1c ./Drivers/STM32F1xx_HAL_Driver/stm32f1xx_hal_cortex.o
 .text.__NVIC_EnableIRQ
                0x080012d0       0x38 ./Drivers/STM32F1xx_HAL_Driver/stm32f1xx_hal_cortex.o
 .text.__NVIC_SetPriority
                0x08001308       0x54 ./Drivers/STM32F1xx_HAL_Driver/stm32f1xx_hal_cortex.o
 .text.NVIC_EncodePriority
                0x0800135c       0x64 ./Drivers/STM32F1xx_HAL_Driver/stm32f1xx_hal_cortex.o
 .text.HAL_NVIC_SetPriorityGrouping
                0x080013c0       0x16 ./Drivers/STM32F1xx_HAL_Driver/stm32f1xx_hal_cortex.o
                0x080013c0                HAL_NVIC_SetPriorityGrouping
 .text.HAL_NVIC_SetPriority
                0x080013d6       0x38 ./Drivers/STM32F1xx_HAL_Driver/stm32f1xx_hal_cortex.o
                0x080013d6                HAL_NVIC_SetPriority
 .text.HAL_NVIC_EnableIRQ
                0x0800140e       0x1c ./Drivers/STM32F1xx_HAL_Driver/stm32f1xx_hal_cortex.o
                0x0800140e                HAL_NVIC_EnableIRQ
 *fill*         0x0800142a        0x2 
 .text.HAL_DMA_Init
                0x0800142c       0xb4 ./Drivers/STM32F1xx_HAL_Driver/stm32f1xx_hal_dma.o
                0x0800142c                HAL_DMA_Init
 .text.HAL_DMA_Start_IT
                0x080014e0       0xc0 ./Drivers/STM32F1xx_HAL_Driver/stm32f1xx_hal_dma.o
                0x080014e0                HAL_DMA_Start_IT
 .text.HAL_DMA_Abort
                0x080015a0       0x76 ./Drivers/STM32F1xx_HAL_Driver/stm32f1xx_hal_dma.o
                0x080015a0                HAL_DMA_Abort
 *fill*         0x08001616        0x2 
 .text.HAL_DMA_Abort_IT
                0x08001618       0xf0 ./Drivers/STM32F1xx_HAL_Driver/stm32f1xx_hal_dma.o
                0x08001618                HAL_DMA_Abort_IT
 .text.HAL_DMA_IRQHandler
                0x08001708      0x20c ./Drivers/STM32F1xx_HAL_Driver/stm32f1xx_hal_dma.o
                0x08001708                HAL_DMA_IRQHandler
 .text.DMA_SetConfig
                0x08001914       0x5a ./Drivers/STM32F1xx_HAL_Driver/stm32f1xx_hal_dma.o
 *fill*         0x0800196e        0x2 
 .text.HAL_GPIO_Init
                0x08001970      0x308 ./Drivers/STM32F1xx_HAL_Driver/stm32f1xx_hal_gpio.o
                0x08001970                HAL_GPIO_Init
 .text.HAL_GPIO_WritePin
                0x08001c78       0x30 ./Drivers/STM32F1xx_HAL_Driver/stm32f1xx_hal_gpio.o
                0x08001c78                HAL_GPIO_WritePin
 .text.HAL_GPIO_TogglePin
                0x08001ca8       0x32 ./Drivers/STM32F1xx_HAL_Driver/stm32f1xx_hal_gpio.o
                0x08001ca8                HAL_GPIO_TogglePin
 *fill*         0x08001cda        0x2 
 .text.HAL_RCC_OscConfig
                0x08001cdc      0x504 ./Drivers/STM32F1xx_HAL_Driver/stm32f1xx_hal_rcc.o
                0x08001cdc                HAL_RCC_OscConfig
 .text.HAL_RCC_ClockConfig
                0x080021e0      0x1d4 ./Drivers/STM32F1xx_HAL_Driver/stm32f1xx_hal_rcc.o
                0x080021e0                HAL_RCC_ClockConfig
 .text.HAL_RCC_EnableCSS
                0x080023b4       0x18 ./Drivers/STM32F1xx_HAL_Driver/stm32f1xx_hal_rcc.o
                0x080023b4                HAL_RCC_EnableCSS
 .text.HAL_RCC_GetSysClockFreq
                0x080023cc       0xa8 ./Drivers/STM32F1xx_HAL_Driver/stm32f1xx_hal_rcc.o
                0x080023cc                HAL_RCC_GetSysClockFreq
 .text.HAL_RCC_GetHCLKFreq
                0x08002474       0x14 ./Drivers/STM32F1xx_HAL_Driver/stm32f1xx_hal_rcc.o
                0x08002474                HAL_RCC_GetHCLKFreq
 .text.HAL_RCC_GetPCLK1Freq
                0x08002488       0x28 ./Drivers/STM32F1xx_HAL_Driver/stm32f1xx_hal_rcc.o
                0x08002488                HAL_RCC_GetPCLK1Freq
 .text.HAL_RCC_GetPCLK2Freq
                0x080024b0       0x28 ./Drivers/STM32F1xx_HAL_Driver/stm32f1xx_hal_rcc.o
                0x080024b0                HAL_RCC_GetPCLK2Freq
 .text.HAL_RCC_GetClockConfig
                0x080024d8       0x60 ./Drivers/STM32F1xx_HAL_Driver/stm32f1xx_hal_rcc.o
                0x080024d8                HAL_RCC_GetClockConfig
 .text.HAL_RCC_NMI_IRQHandler
                0x08002538       0x28 ./Drivers/STM32F1xx_HAL_Driver/stm32f1xx_hal_rcc.o
                0x08002538                HAL_RCC_NMI_IRQHandler
 .text.RCC_Delay
                0x08002560       0x3c ./Drivers/STM32F1xx_HAL_Driver/stm32f1xx_hal_rcc.o
 .text.HAL_RCC_CSSCallback
                0x0800259c        0xc ./Drivers/STM32F1xx_HAL_Driver/stm32f1xx_hal_rcc.o
                0x0800259c                HAL_RCC_CSSCallback
 .text.HAL_TIM_Base_Init
                0x080025a8       0x9e ./Drivers/STM32F1xx_HAL_Driver/stm32f1xx_hal_tim.o
                0x080025a8                HAL_TIM_Base_Init
 .text.HAL_TIM_Base_MspInit
                0x08002646       0x12 ./Drivers/STM32F1xx_HAL_Driver/stm32f1xx_hal_tim.o
                0x08002646                HAL_TIM_Base_MspInit
 .text.HAL_TIM_Base_Start_IT
                0x08002658       0xa4 ./Drivers/STM32F1xx_HAL_Driver/stm32f1xx_hal_tim.o
                0x08002658                HAL_TIM_Base_Start_IT
 .text.HAL_TIM_PWM_Init
                0x080026fc       0x9e ./Drivers/STM32F1xx_HAL_Driver/stm32f1xx_hal_tim.o
                0x080026fc                HAL_TIM_PWM_Init
 *fill*         0x0800279a        0x2 
 .text.HAL_TIM_PWM_Start
                0x0800279c      0x144 ./Drivers/STM32F1xx_HAL_Driver/stm32f1xx_hal_tim.o
                0x0800279c                HAL_TIM_PWM_Start
 .text.HAL_TIM_Encoder_Init
                0x080028e0      0x144 ./Drivers/STM32F1xx_HAL_Driver/stm32f1xx_hal_tim.o
                0x080028e0                HAL_TIM_Encoder_Init
 .text.HAL_TIM_Encoder_Start
                0x08002a24      0x11c ./Drivers/STM32F1xx_HAL_Driver/stm32f1xx_hal_tim.o
                0x08002a24                HAL_TIM_Encoder_Start
 .text.HAL_TIM_IRQHandler
                0x08002b40      0x1e0 ./Drivers/STM32F1xx_HAL_Driver/stm32f1xx_hal_tim.o
                0x08002b40                HAL_TIM_IRQHandler
 .text.HAL_TIM_PWM_ConfigChannel
                0x08002d20      0x184 ./Drivers/STM32F1xx_HAL_Driver/stm32f1xx_hal_tim.o
                0x08002d20                HAL_TIM_PWM_ConfigChannel
 .text.HAL_TIM_OC_DelayElapsedCallback
                0x08002ea4       0x12 ./Drivers/STM32F1xx_HAL_Driver/stm32f1xx_hal_tim.o
                0x08002ea4                HAL_TIM_OC_DelayElapsedCallback
 .text.HAL_TIM_IC_CaptureCallback
                0x08002eb6       0x12 ./Drivers/STM32F1xx_HAL_Driver/stm32f1xx_hal_tim.o
                0x08002eb6                HAL_TIM_IC_CaptureCallback
 .text.HAL_TIM_PWM_PulseFinishedCallback
                0x08002ec8       0x12 ./Drivers/STM32F1xx_HAL_Driver/stm32f1xx_hal_tim.o
                0x08002ec8                HAL_TIM_PWM_PulseFinishedCallback
 .text.HAL_TIM_TriggerCallback
                0x08002eda       0x12 ./Drivers/STM32F1xx_HAL_Driver/stm32f1xx_hal_tim.o
                0x08002eda                HAL_TIM_TriggerCallback
 .text.TIM_Base_SetConfig
                0x08002eec       0xdc ./Drivers/STM32F1xx_HAL_Driver/stm32f1xx_hal_tim.o
                0x08002eec                TIM_Base_SetConfig
 .text.TIM_OC1_SetConfig
                0x08002fc8       0xcc ./Drivers/STM32F1xx_HAL_Driver/stm32f1xx_hal_tim.o
 .text.TIM_OC2_SetConfig
                0x08003094       0xd4 ./Drivers/STM32F1xx_HAL_Driver/stm32f1xx_hal_tim.o
                0x08003094                TIM_OC2_SetConfig
 .text.TIM_OC3_SetConfig
                0x08003168       0xd4 ./Drivers/STM32F1xx_HAL_Driver/stm32f1xx_hal_tim.o
 .text.TIM_OC4_SetConfig
                0x0800323c       0x9c ./Drivers/STM32F1xx_HAL_Driver/stm32f1xx_hal_tim.o
 .text.TIM_CCxChannelCmd
                0x080032d8       0x48 ./Drivers/STM32F1xx_HAL_Driver/stm32f1xx_hal_tim.o
                0x080032d8                TIM_CCxChannelCmd
 .text.HAL_TIMEx_MasterConfigSynchronization
                0x08003320       0xbc ./Drivers/STM32F1xx_HAL_Driver/stm32f1xx_hal_tim_ex.o
                0x08003320                HAL_TIMEx_MasterConfigSynchronization
 .text.HAL_TIMEx_CommutCallback
                0x080033dc       0x12 ./Drivers/STM32F1xx_HAL_Driver/stm32f1xx_hal_tim_ex.o
                0x080033dc                HAL_TIMEx_CommutCallback
 .text.HAL_TIMEx_BreakCallback
                0x080033ee       0x12 ./Drivers/STM32F1xx_HAL_Driver/stm32f1xx_hal_tim_ex.o
                0x080033ee                HAL_TIMEx_BreakCallback
 .text.HAL_UART_Init
                0x08003400       0xa0 ./Drivers/STM32F1xx_HAL_Driver/stm32f1xx_hal_uart.o
                0x08003400                HAL_UART_Init
 .text.HAL_UART_Transmit_IT
                0x080034a0       0x6a ./Drivers/STM32F1xx_HAL_Driver/stm32f1xx_hal_uart.o
                0x080034a0                HAL_UART_Transmit_IT
 .text.HAL_UART_Receive_IT
                0x0800350a       0x4a ./Drivers/STM32F1xx_HAL_Driver/stm32f1xx_hal_uart.o
                0x0800350a                HAL_UART_Receive_IT
 .text.HAL_UART_Transmit_DMA
                0x08003554       0xe0 ./Drivers/STM32F1xx_HAL_Driver/stm32f1xx_hal_uart.o
                0x08003554                HAL_UART_Transmit_DMA
 .text.HAL_UART_IRQHandler
                0x08003634      0x524 ./Drivers/STM32F1xx_HAL_Driver/stm32f1xx_hal_uart.o
                0x08003634                HAL_UART_IRQHandler
 .text.HAL_UART_TxHalfCpltCallback
                0x08003b58       0x12 ./Drivers/STM32F1xx_HAL_Driver/stm32f1xx_hal_uart.o
                0x08003b58                HAL_UART_TxHalfCpltCallback
 .text.HAL_UART_ErrorCallback
                0x08003b6a       0x12 ./Drivers/STM32F1xx_HAL_Driver/stm32f1xx_hal_uart.o
                0x08003b6a                HAL_UART_ErrorCallback
 .text.HAL_UARTEx_RxEventCallback
                0x08003b7c       0x16 ./Drivers/STM32F1xx_HAL_Driver/stm32f1xx_hal_uart.o
                0x08003b7c                HAL_UARTEx_RxEventCallback
 .text.UART_DMATransmitCplt
                0x08003b92       0x9a ./Drivers/STM32F1xx_HAL_Driver/stm32f1xx_hal_uart.o
 .text.UART_DMATxHalfCplt
                0x08003c2c       0x1c ./Drivers/STM32F1xx_HAL_Driver/stm32f1xx_hal_uart.o
 .text.UART_DMAError
                0x08003c48       0x94 ./Drivers/STM32F1xx_HAL_Driver/stm32f1xx_hal_uart.o
 .text.UART_Start_Receive_IT
                0x08003cdc       0x72 ./Drivers/STM32F1xx_HAL_Driver/stm32f1xx_hal_uart.o
                0x08003cdc                UART_Start_Receive_IT
 .text.UART_EndTxTransfer
                0x08003d4e       0x4e ./Drivers/STM32F1xx_HAL_Driver/stm32f1xx_hal_uart.o
 .text.UART_EndRxTransfer
                0x08003d9c       0xc4 ./Drivers/STM32F1xx_HAL_Driver/stm32f1xx_hal_uart.o
 .text.UART_DMAAbortOnError
                0x08003e60       0x28 ./Drivers/STM32F1xx_HAL_Driver/stm32f1xx_hal_uart.o
 .text.UART_Transmit_IT
                0x08003e88       0x9e ./Drivers/STM32F1xx_HAL_Driver/stm32f1xx_hal_uart.o
 .text.UART_EndTransmit_IT
                0x08003f26       0x30 ./Drivers/STM32F1xx_HAL_Driver/stm32f1xx_hal_uart.o
 .text.UART_Receive_IT
                0x08003f56      0x17c ./Drivers/STM32F1xx_HAL_Driver/stm32f1xx_hal_uart.o
 *fill*         0x080040d2        0x2 
 .text.UART_SetConfig
                0x080040d4      0x11c ./Drivers/STM32F1xx_HAL_Driver/stm32f1xx_hal_uart.o
 .text.__NVIC_SetPriority
                0x080041f0       0x54 ./Middlewares/FreeRTOS/cmsis_os2.o
 .text.SysTick_Handler
                0x08004244       0x20 ./Middlewares/FreeRTOS/cmsis_os2.o
                0x08004244                SysTick_Handler
 .text.SVC_Setup
                0x08004264       0x12 ./Middlewares/FreeRTOS/cmsis_os2.o
 *fill*         0x08004276        0x2 
 .text.osKernelInitialize
                0x08004278       0x44 ./Middlewares/FreeRTOS/cmsis_os2.o
                0x08004278                osKernelInitialize
 .text.osKernelStart
                0x080042bc       0x4c ./Middlewares/FreeRTOS/cmsis_os2.o
                0x080042bc                osKernelStart
 .text.osThreadNew
                0x08004308      0x124 ./Middlewares/FreeRTOS/cmsis_os2.o
                0x08004308                osThreadNew
 .text.osThreadFlagsSet
                0x0800442c       0x9c ./Middlewares/FreeRTOS/cmsis_os2.o
                0x0800442c                osThreadFlagsSet
 .text.osThreadFlagsWait
                0x080044c8      0x102 ./Middlewares/FreeRTOS/cmsis_os2.o
                0x080044c8                osThreadFlagsWait
 .text.osDelay  0x080045ca       0x36 ./Middlewares/FreeRTOS/cmsis_os2.o
                0x080045ca                osDelay
 .text.osMessageQueueNew
                0x08004600       0xe6 ./Middlewares/FreeRTOS/cmsis_os2.o
                0x08004600                osMessageQueueNew
 *fill*         0x080046e6        0x2 
 .text.vApplicationGetIdleTaskMemory
                0x080046e8       0x30 ./Middlewares/FreeRTOS/cmsis_os2.o
                0x080046e8                vApplicationGetIdleTaskMemory
 .text.vApplicationGetTimerTaskMemory
                0x08004718       0x34 ./Middlewares/FreeRTOS/cmsis_os2.o
                0x08004718                vApplicationGetTimerTaskMemory
 .text.pvPortMalloc
                0x0800474c      0x19c ./Middlewares/FreeRTOS/heap_4.o
                0x0800474c                pvPortMalloc
 .text.vPortFree
                0x080048e8       0xc8 ./Middlewares/FreeRTOS/heap_4.o
                0x080048e8                vPortFree
 .text.prvHeapInit
                0x080049b0       0xc4 ./Middlewares/FreeRTOS/heap_4.o
 .text.prvInsertBlockIntoFreeList
                0x08004a74       0xb0 ./Middlewares/FreeRTOS/heap_4.o
 .text.vListInitialise
                0x08004b24       0x3e ./Middlewares/FreeRTOS/list.o
                0x08004b24                vListInitialise
 .text.vListInitialiseItem
                0x08004b62       0x18 ./Middlewares/FreeRTOS/list.o
                0x08004b62                vListInitialiseItem
 .text.vListInsertEnd
                0x08004b7a       0x46 ./Middlewares/FreeRTOS/list.o
                0x08004b7a                vListInsertEnd
 .text.vListInsert
                0x08004bc0       0x70 ./Middlewares/FreeRTOS/list.o
                0x08004bc0                vListInsert
 .text.uxListRemove
                0x08004c30       0x52 ./Middlewares/FreeRTOS/list.o
                0x08004c30                uxListRemove
 *fill*         0x08004c82        0x2 
 .text.pxPortInitialiseStack
                0x08004c84       0x58 ./Middlewares/FreeRTOS/port.o
                0x08004c84                pxPortInitialiseStack
 .text.prvTaskExitError
                0x08004cdc       0x58 ./Middlewares/FreeRTOS/port.o
 *fill*         0x08004d34        0xc 
 .text.SVC_Handler
                0x08004d40       0x28 ./Middlewares/FreeRTOS/port.o
                0x08004d40                SVC_Handler
 .text.prvPortStartFirstTask
                0x08004d68       0x20 ./Middlewares/FreeRTOS/port.o
 .text.xPortStartScheduler
                0x08004d88       0xe4 ./Middlewares/FreeRTOS/port.o
                0x08004d88                xPortStartScheduler
 .text.vPortEnterCritical
                0x08004e6c       0x60 ./Middlewares/FreeRTOS/port.o
                0x08004e6c                vPortEnterCritical
 .text.vPortExitCritical
                0x08004ecc       0x54 ./Middlewares/FreeRTOS/port.o
                0x08004ecc                vPortExitCritical
 .text.PendSV_Handler
                0x08004f20       0x48 ./Middlewares/FreeRTOS/port.o
                0x08004f20                PendSV_Handler
 .text.xPortSysTickHandler
                0x08004f68       0x44 ./Middlewares/FreeRTOS/port.o
                0x08004f68                xPortSysTickHandler
 .text.vPortSetupTimerInterrupt
                0x08004fac       0x44 ./Middlewares/FreeRTOS/port.o
                0x08004fac                vPortSetupTimerInterrupt
 .text.vPortValidateInterruptPriority
                0x08004ff0       0x80 ./Middlewares/FreeRTOS/port.o
                0x08004ff0                vPortValidateInterruptPriority
 .text.xQueueGenericReset
                0x08005070       0xd4 ./Middlewares/FreeRTOS/queue.o
                0x08005070                xQueueGenericReset
 .text.xQueueGenericCreateStatic
                0x08005144       0xfa ./Middlewares/FreeRTOS/queue.o
                0x08005144                xQueueGenericCreateStatic
 .text.xQueueGenericCreate
                0x0800523e       0x76 ./Middlewares/FreeRTOS/queue.o
                0x0800523e                xQueueGenericCreate
 .text.prvInitialiseNewQueue
                0x080052b4       0x46 ./Middlewares/FreeRTOS/queue.o
 *fill*         0x080052fa        0x2 
 .text.xQueueGenericSend
                0x080052fc      0x204 ./Middlewares/FreeRTOS/queue.o
                0x080052fc                xQueueGenericSend
 .text.xQueueGenericSendFromISR
                0x08005500      0x13c ./Middlewares/FreeRTOS/queue.o
                0x08005500                xQueueGenericSendFromISR
 .text.xQueueReceive
                0x0800563c      0x1c4 ./Middlewares/FreeRTOS/queue.o
                0x0800563c                xQueueReceive
 .text.prvCopyDataToQueue
                0x08005800       0xd4 ./Middlewares/FreeRTOS/queue.o
 .text.prvCopyDataFromQueue
                0x080058d4       0x4c ./Middlewares/FreeRTOS/queue.o
 .text.prvUnlockQueue
                0x08005920       0xa4 ./Middlewares/FreeRTOS/queue.o
 .text.prvIsQueueEmpty
                0x080059c4       0x2c ./Middlewares/FreeRTOS/queue.o
 .text.prvIsQueueFull
                0x080059f0       0x30 ./Middlewares/FreeRTOS/queue.o
 .text.vQueueAddToRegistry
                0x08005a20       0x50 ./Middlewares/FreeRTOS/queue.o
                0x08005a20                vQueueAddToRegistry
 .text.vQueueWaitForMessageRestricted
                0x08005a70       0x68 ./Middlewares/FreeRTOS/queue.o
                0x08005a70                vQueueWaitForMessageRestricted
 .text.xTaskCreateStatic
                0x08005ad8       0xc0 ./Middlewares/FreeRTOS/tasks.o
                0x08005ad8                xTaskCreateStatic
 .text.xTaskCreate
                0x08005b98       0x8a ./Middlewares/FreeRTOS/tasks.o
                0x08005b98                xTaskCreate
 *fill*         0x08005c22        0x2 
 .text.prvInitialiseNewTask
                0x08005c24      0x150 ./Middlewares/FreeRTOS/tasks.o
 .text.prvAddNewTaskToReadyList
                0x08005d74       0xe0 ./Middlewares/FreeRTOS/tasks.o
 .text.vTaskDelay
                0x08005e54       0x6c ./Middlewares/FreeRTOS/tasks.o
                0x08005e54                vTaskDelay
 .text.vTaskStartScheduler
                0x08005ec0       0xe0 ./Middlewares/FreeRTOS/tasks.o
                0x08005ec0                vTaskStartScheduler
 .text.vTaskSuspendAll
                0x08005fa0       0x1c ./Middlewares/FreeRTOS/tasks.o
                0x08005fa0                vTaskSuspendAll
 .text.xTaskResumeAll
                0x08005fbc      0x13c ./Middlewares/FreeRTOS/tasks.o
                0x08005fbc                xTaskResumeAll
 .text.xTaskGetTickCount
                0x080060f8       0x1c ./Middlewares/FreeRTOS/tasks.o
                0x080060f8                xTaskGetTickCount
 .text.xTaskIncrementTick
                0x08006114      0x174 ./Middlewares/FreeRTOS/tasks.o
                0x08006114                xTaskIncrementTick
 .text.vTaskSwitchContext
                0x08006288       0xc8 ./Middlewares/FreeRTOS/tasks.o
                0x08006288                vTaskSwitchContext
 .text.vTaskPlaceOnEventList
                0x08006350       0x4c ./Middlewares/FreeRTOS/tasks.o
                0x08006350                vTaskPlaceOnEventList
 .text.vTaskPlaceOnEventListRestricted
                0x0800639c       0x58 ./Middlewares/FreeRTOS/tasks.o
                0x0800639c                vTaskPlaceOnEventListRestricted
 .text.xTaskRemoveFromEventList
                0x080063f4       0xc8 ./Middlewares/FreeRTOS/tasks.o
                0x080063f4                xTaskRemoveFromEventList
 .text.vTaskInternalSetTimeOutState
                0x080064bc       0x2c ./Middlewares/FreeRTOS/tasks.o
                0x080064bc                vTaskInternalSetTimeOutState
 .text.xTaskCheckForTimeOut
                0x080064e8       0xc8 ./Middlewares/FreeRTOS/tasks.o
                0x080064e8                xTaskCheckForTimeOut
 .text.vTaskMissedYield
                0x080065b0       0x18 ./Middlewares/FreeRTOS/tasks.o
                0x080065b0                vTaskMissedYield
 .text.prvIdleTask
                0x080065c8       0x30 ./Middlewares/FreeRTOS/tasks.o
 .text.prvInitialiseTaskLists
                0x080065f8       0x80 ./Middlewares/FreeRTOS/tasks.o
 .text.prvCheckTasksWaitingTermination
                0x08006678       0x5c ./Middlewares/FreeRTOS/tasks.o
 .text.prvDeleteTCB
                0x080066d4       0x6a ./Middlewares/FreeRTOS/tasks.o
 *fill*         0x0800673e        0x2 
 .text.prvResetNextTaskUnblockTime
                0x08006740       0x40 ./Middlewares/FreeRTOS/tasks.o
 .text.xTaskGetSchedulerState
                0x08006780       0x3c ./Middlewares/FreeRTOS/tasks.o
                0x08006780                xTaskGetSchedulerState
 .text.xTaskPriorityDisinherit
                0x080067bc       0xe0 ./Middlewares/FreeRTOS/tasks.o
                0x080067bc                xTaskPriorityDisinherit
 .text.xTaskNotifyWait
                0x0800689c       0xc0 ./Middlewares/FreeRTOS/tasks.o
                0x0800689c                xTaskNotifyWait
 .text.xTaskGenericNotify
                0x0800695c      0x184 ./Middlewares/FreeRTOS/tasks.o
                0x0800695c                xTaskGenericNotify
 .text.xTaskGenericNotifyFromISR
                0x08006ae0      0x1cc ./Middlewares/FreeRTOS/tasks.o
                0x08006ae0                xTaskGenericNotifyFromISR
 .text.prvAddCurrentTaskToDelayedList
                0x08006cac       0xa8 ./Middlewares/FreeRTOS/tasks.o
 .text.xTimerCreateTimerTask
                0x08006d54       0x94 ./Middlewares/FreeRTOS/timers.o
                0x08006d54                xTimerCreateTimerTask
 .text.xTimerGenericCommand
                0x08006de8       0x9c ./Middlewares/FreeRTOS/timers.o
                0x08006de8                xTimerGenericCommand
 .text.prvProcessExpiredTimer
                0x08006e84       0x9c ./Middlewares/FreeRTOS/timers.o
 .text.prvTimerTask
                0x08006f20       0x26 ./Middlewares/FreeRTOS/timers.o
 *fill*         0x08006f46        0x2 
 .text.prvProcessTimerOrBlockTask
                0x08006f48       0x9c ./Middlewares/FreeRTOS/timers.o
 .text.prvGetNextExpireTime
                0x08006fe4       0x44 ./Middlewares/FreeRTOS/timers.o
 .text.prvSampleTimeNow
                0x08007028       0x40 ./Middlewares/FreeRTOS/timers.o
 .text.prvInsertTimerInActiveList
                0x08007068       0x84 ./Middlewares/FreeRTOS/timers.o
 .text.prvProcessReceivedCommands
                0x080070ec      0x1cc ./Middlewares/FreeRTOS/timers.o
 .text.prvSwitchTimerLists
                0x080072b8       0xcc ./Middlewares/FreeRTOS/timers.o
 .text.prvCheckForValidListAndQueue
                0x08007384       0x80 ./Middlewares/FreeRTOS/timers.o
 .text.sprintf  0x08007404       0x44 C:/STM32cubeIDE/install/STM32CubeIDE_1.19.0/STM32CubeIDE/plugins/com.st.stm32cube.ide.mcu.externaltools.gnu-tools-for-stm32.13.3.rel1.win32_1.0.0.202411081344/tools/bin/../lib/gcc/arm-none-eabi/13.3.1/../../../../arm-none-eabi/lib/thumb/v7-m/nofp\libc_nano.a(libc_a-sprintf.o)
                0x08007404                siprintf
                0x08007404                sprintf
 .text.memset   0x08007448       0x10 C:/STM32cubeIDE/install/STM32CubeIDE_1.19.0/STM32CubeIDE/plugins/com.st.stm32cube.ide.mcu.externaltools.gnu-tools-for-stm32.13.3.rel1.win32_1.0.0.202411081344/tools/bin/../lib/gcc/arm-none-eabi/13.3.1/../../../../arm-none-eabi/lib/thumb/v7-m/nofp\libc_nano.a(libc_a-memset.o)
                0x08007448                memset
 .text._reclaim_reent
                0x08007458       0xbc C:/STM32cubeIDE/install/STM32CubeIDE_1.19.0/STM32CubeIDE/plugins/com.st.stm32cube.ide.mcu.externaltools.gnu-tools-for-stm32.13.3.rel1.win32_1.0.0.202411081344/tools/bin/../lib/gcc/arm-none-eabi/13.3.1/../../../../arm-none-eabi/lib/thumb/v7-m/nofp\libc_nano.a(libc_a-reent.o)
                0x08007458                _reclaim_reent
 .text.__errno  0x08007514        0xc C:/STM32cubeIDE/install/STM32CubeIDE_1.19.0/STM32CubeIDE/plugins/com.st.stm32cube.ide.mcu.externaltools.gnu-tools-for-stm32.13.3.rel1.win32_1.0.0.202411081344/tools/bin/../lib/gcc/arm-none-eabi/13.3.1/../../../../arm-none-eabi/lib/thumb/v7-m/nofp\libc_nano.a(libc_a-errno.o)
                0x08007514                __errno
 .text.__libc_init_array
                0x08007520       0x48 C:/STM32cubeIDE/install/STM32CubeIDE_1.19.0/STM32CubeIDE/plugins/com.st.stm32cube.ide.mcu.externaltools.gnu-tools-for-stm32.13.3.rel1.win32_1.0.0.202411081344/tools/bin/../lib/gcc/arm-none-eabi/13.3.1/../../../../arm-none-eabi/lib/thumb/v7-m/nofp\libc_nano.a(libc_a-init.o)
                0x08007520                __libc_init_array
 .text.__retarget_lock_acquire_recursive
                0x08007568        0x2 C:/STM32cubeIDE/install/STM32CubeIDE_1.19.0/STM32CubeIDE/plugins/com.st.stm32cube.ide.mcu.externaltools.gnu-tools-for-stm32.13.3.rel1.win32_1.0.0.202411081344/tools/bin/../lib/gcc/arm-none-eabi/13.3.1/../../../../arm-none-eabi/lib/thumb/v7-m/nofp\libc_nano.a(libc_a-lock.o)
                0x08007568                __retarget_lock_acquire_recursive
 .text.__retarget_lock_release_recursive
                0x0800756a        0x2 C:/STM32cubeIDE/install/STM32CubeIDE_1.19.0/STM32CubeIDE/plugins/com.st.stm32cube.ide.mcu.externaltools.gnu-tools-for-stm32.13.3.rel1.win32_1.0.0.202411081344/tools/bin/../lib/gcc/arm-none-eabi/13.3.1/../../../../arm-none-eabi/lib/thumb/v7-m/nofp\libc_nano.a(libc_a-lock.o)
                0x0800756a                __retarget_lock_release_recursive
 .text.memcpy   0x0800756c       0x1c C:/STM32cubeIDE/install/STM32CubeIDE_1.19.0/STM32CubeIDE/plugins/com.st.stm32cube.ide.mcu.externaltools.gnu-tools-for-stm32.13.3.rel1.win32_1.0.0.202411081344/tools/bin/../lib/gcc/arm-none-eabi/13.3.1/../../../../arm-none-eabi/lib/thumb/v7-m/nofp\libc_nano.a(libc_a-memcpy-stub.o)
                0x0800756c                memcpy
 .text._free_r  0x08007588       0x90 C:/STM32cubeIDE/install/STM32CubeIDE_1.19.0/STM32CubeIDE/plugins/com.st.stm32cube.ide.mcu.externaltools.gnu-tools-for-stm32.13.3.rel1.win32_1.0.0.202411081344/tools/bin/../lib/gcc/arm-none-eabi/13.3.1/../../../../arm-none-eabi/lib/thumb/v7-m/nofp\libc_nano.a(libc_a-freer.o)
                0x08007588                _free_r
 .text.sbrk_aligned
                0x08007618       0x44 C:/STM32cubeIDE/install/STM32CubeIDE_1.19.0/STM32CubeIDE/plugins/com.st.stm32cube.ide.mcu.externaltools.gnu-tools-for-stm32.13.3.rel1.win32_1.0.0.202411081344/tools/bin/../lib/gcc/arm-none-eabi/13.3.1/../../../../arm-none-eabi/lib/thumb/v7-m/nofp\libc_nano.a(libc_a-mallocr.o)
 .text._malloc_r
                0x0800765c      0x100 C:/STM32cubeIDE/install/STM32CubeIDE_1.19.0/STM32CubeIDE/plugins/com.st.stm32cube.ide.mcu.externaltools.gnu-tools-for-stm32.13.3.rel1.win32_1.0.0.202411081344/tools/bin/../lib/gcc/arm-none-eabi/13.3.1/../../../../arm-none-eabi/lib/thumb/v7-m/nofp\libc_nano.a(libc_a-mallocr.o)
                0x0800765c                _malloc_r
 .text.__malloc_lock
                0x0800775c        0xc C:/STM32cubeIDE/install/STM32CubeIDE_1.19.0/STM32CubeIDE/plugins/com.st.stm32cube.ide.mcu.externaltools.gnu-tools-for-stm32.13.3.rel1.win32_1.0.0.202411081344/tools/bin/../lib/gcc/arm-none-eabi/13.3.1/../../../../arm-none-eabi/lib/thumb/v7-m/nofp\libc_nano.a(libc_a-mlock.o)
                0x0800775c                __malloc_lock
 .text.__malloc_unlock
                0x08007768        0xc C:/STM32cubeIDE/install/STM32CubeIDE_1.19.0/STM32CubeIDE/plugins/com.st.stm32cube.ide.mcu.externaltools.gnu-tools-for-stm32.13.3.rel1.win32_1.0.0.202411081344/tools/bin/../lib/gcc/arm-none-eabi/13.3.1/../../../../arm-none-eabi/lib/thumb/v7-m/nofp\libc_nano.a(libc_a-mlock.o)
                0x08007768                __malloc_unlock
 .text.__ssputs_r
                0x08007774       0xb6 C:/STM32cubeIDE/install/STM32CubeIDE_1.19.0/STM32CubeIDE/plugins/com.st.stm32cube.ide.mcu.externaltools.gnu-tools-for-stm32.13.3.rel1.win32_1.0.0.202411081344/tools/bin/../lib/gcc/arm-none-eabi/13.3.1/../../../../arm-none-eabi/lib/thumb/v7-m/nofp\libc_nano.a(libc_a-nano-svfprintf.o)
                0x08007774                __ssputs_r
 *fill*         0x0800782a        0x2 
 .text._svfprintf_r
                0x0800782c      0x1f8 C:/STM32cubeIDE/install/STM32CubeIDE_1.19.0/STM32CubeIDE/plugins/com.st.stm32cube.ide.mcu.externaltools.gnu-tools-for-stm32.13.3.rel1.win32_1.0.0.202411081344/tools/bin/../lib/gcc/arm-none-eabi/13.3.1/../../../../arm-none-eabi/lib/thumb/v7-m/nofp\libc_nano.a(libc_a-nano-svfprintf.o)
                0x0800782c                _svfiprintf_r
                0x0800782c                _svfprintf_r
 .text._printf_common
                0x08007a24       0xe4 C:/STM32cubeIDE/install/STM32CubeIDE_1.19.0/STM32CubeIDE/plugins/com.st.stm32cube.ide.mcu.externaltools.gnu-tools-for-stm32.13.3.rel1.win32_1.0.0.202411081344/tools/bin/../lib/gcc/arm-none-eabi/13.3.1/../../../../arm-none-eabi/lib/thumb/v7-m/nofp\libc_nano.a(libc_a-nano-vfprintf_i.o)
                0x08007a24                _printf_common
 .text._printf_i
                0x08007b08      0x23c C:/STM32cubeIDE/install/STM32CubeIDE_1.19.0/STM32CubeIDE/plugins/com.st.stm32cube.ide.mcu.externaltools.gnu-tools-for-stm32.13.3.rel1.win32_1.0.0.202411081344/tools/bin/../lib/gcc/arm-none-eabi/13.3.1/../../../../arm-none-eabi/lib/thumb/v7-m/nofp\libc_nano.a(libc_a-nano-vfprintf_i.o)
                0x08007b08                _printf_i
 .text.memmove  0x08007d44       0x34 C:/STM32cubeIDE/install/STM32CubeIDE_1.19.0/STM32CubeIDE/plugins/com.st.stm32cube.ide.mcu.externaltools.gnu-tools-for-stm32.13.3.rel1.win32_1.0.0.202411081344/tools/bin/../lib/gcc/arm-none-eabi/13.3.1/../../../../arm-none-eabi/lib/thumb/v7-m/nofp\libc_nano.a(libc_a-memmove.o)
                0x08007d44                memmove
 .text._sbrk_r  0x08007d78       0x20 C:/STM32cubeIDE/install/STM32CubeIDE_1.19.0/STM32CubeIDE/plugins/com.st.stm32cube.ide.mcu.externaltools.gnu-tools-for-stm32.13.3.rel1.win32_1.0.0.202411081344/tools/bin/../lib/gcc/arm-none-eabi/13.3.1/../../../../arm-none-eabi/lib/thumb/v7-m/nofp\libc_nano.a(libc_a-sbrkr.o)
                0x08007d78                _sbrk_r
 .text.memchr   0x08007d98       0x1c C:/STM32cubeIDE/install/STM32CubeIDE_1.19.0/STM32CubeIDE/plugins/com.st.stm32cube.ide.mcu.externaltools.gnu-tools-for-stm32.13.3.rel1.win32_1.0.0.202411081344/tools/bin/../lib/gcc/arm-none-eabi/13.3.1/../../../../arm-none-eabi/lib/thumb/v7-m/nofp\libc_nano.a(libc_a-memchr-stub.o)
                0x08007d98                memchr
 .text._realloc_r
                0x08007db4       0x5c C:/STM32cubeIDE/install/STM32CubeIDE_1.19.0/STM32CubeIDE/plugins/com.st.stm32cube.ide.mcu.externaltools.gnu-tools-for-stm32.13.3.rel1.win32_1.0.0.202411081344/tools/bin/../lib/gcc/arm-none-eabi/13.3.1/../../../../arm-none-eabi/lib/thumb/v7-m/nofp\libc_nano.a(libc_a-reallocr.o)
                0x08007db4                _realloc_r
 .text._malloc_usable_size_r
                0x08007e10       0x10 C:/STM32cubeIDE/install/STM32CubeIDE_1.19.0/STM32CubeIDE/plugins/com.st.stm32cube.ide.mcu.externaltools.gnu-tools-for-stm32.13.3.rel1.win32_1.0.0.202411081344/tools/bin/../lib/gcc/arm-none-eabi/13.3.1/../../../../arm-none-eabi/lib/thumb/v7-m/nofp\libc_nano.a(libc_a-msizer.o)
                0x08007e10                _malloc_usable_size_r
 *(.glue_7)
 .glue_7        0x08007e20        0x0 linker stubs
 *(.glue_7t)
 .glue_7t       0x08007e20        0x0 linker stubs
 *(.eh_frame)
 .eh_frame      0x08007e20        0x0 C:/STM32cubeIDE/install/STM32CubeIDE_1.19.0/STM32CubeIDE/plugins/com.st.stm32cube.ide.mcu.externaltools.gnu-tools-for-stm32.13.3.rel1.win32_1.0.0.202411081344/tools/bin/../lib/gcc/arm-none-eabi/13.3.1/thumb/v7-m/nofp/crtbegin.o
 *(.init)
 .init          0x08007e20        0x4 C:/STM32cubeIDE/install/STM32CubeIDE_1.19.0/STM32CubeIDE/plugins/com.st.stm32cube.ide.mcu.externaltools.gnu-tools-for-stm32.13.3.rel1.win32_1.0.0.202411081344/tools/bin/../lib/gcc/arm-none-eabi/13.3.1/thumb/v7-m/nofp/crti.o
                0x08007e20                _init
 .init          0x08007e24        0x8 C:/STM32cubeIDE/install/STM32CubeIDE_1.19.0/STM32CubeIDE/plugins/com.st.stm32cube.ide.mcu.externaltools.gnu-tools-for-stm32.13.3.rel1.win32_1.0.0.202411081344/tools/bin/../lib/gcc/arm-none-eabi/13.3.1/thumb/v7-m/nofp/crtn.o
 *(.fini)
 .fini          0x08007e2c        0x4 C:/STM32cubeIDE/install/STM32CubeIDE_1.19.0/STM32CubeIDE/plugins/com.st.stm32cube.ide.mcu.externaltools.gnu-tools-for-stm32.13.3.rel1.win32_1.0.0.202411081344/tools/bin/../lib/gcc/arm-none-eabi/13.3.1/thumb/v7-m/nofp/crti.o
                0x08007e2c                _fini
 .fini          0x08007e30        0x8 C:/STM32cubeIDE/install/STM32CubeIDE_1.19.0/STM32CubeIDE/plugins/com.st.stm32cube.ide.mcu.externaltools.gnu-tools-for-stm32.13.3.rel1.win32_1.0.0.202411081344/tools/bin/../lib/gcc/arm-none-eabi/13.3.1/thumb/v7-m/nofp/crtn.o
                0x08007e38                        . = ALIGN (0x4)
                0x08007e38                        _etext = .

.vfp11_veneer   0x08007e38        0x0
 .vfp11_veneer  0x08007e38        0x0 linker stubs

.v4_bx          0x08007e38        0x0
 .v4_bx         0x08007e38        0x0 linker stubs

.iplt           0x08007e38        0x0
 .iplt          0x08007e38        0x0 C:/STM32cubeIDE/install/STM32CubeIDE_1.19.0/STM32CubeIDE/plugins/com.st.stm32cube.ide.mcu.externaltools.gnu-tools-for-stm32.13.3.rel1.win32_1.0.0.202411081344/tools/bin/../lib/gcc/arm-none-eabi/13.3.1/thumb/v7-m/nofp/crtbegin.o

.rodata         0x08007e38      0x1ac
                0x08007e38                        . = ALIGN (0x4)
 *(.rodata)
 .rodata        0x08007e38       0x59 ./Application/User/Core/freertos.o
 *fill*         0x08007e91        0x3 
 .rodata        0x08007e94       0x30 ./Application/User/Core/main.o
 .rodata        0x08007ec4        0x5 ./Middlewares/FreeRTOS/tasks.o
 *fill*         0x08007ec9        0x3 
 .rodata        0x08007ecc        0xd ./Middlewares/FreeRTOS/timers.o
 *(.rodata*)
 *fill*         0x08007ed9        0x3 
 .rodata.MotorControlTas_attributes
                0x08007edc       0x24 ./Application/User/Core/freertos.o
                0x08007edc                MotorControlTas_attributes
 .rodata.HeartbeatTask_attributes
                0x08007f00       0x24 ./Application/User/Core/freertos.o
                0x08007f00                HeartbeatTask_attributes
 .rodata.SpeedMeasureTas_attributes
                0x08007f24       0x24 ./Application/User/Core/freertos.o
                0x08007f24                SpeedMeasureTas_attributes
 .rodata.SerialLogTask_attributes
                0x08007f48       0x24 ./Application/User/Core/freertos.o
                0x08007f48                SerialLogTask_attributes
 .rodata.CommandQueue_attributes
                0x08007f6c       0x18 ./Application/User/Core/freertos.o
                0x08007f6c                CommandQueue_attributes
 .rodata.AHBPrescTable
                0x08007f84       0x10 ./Drivers/CMSIS/system_stm32f1xx.o
                0x08007f84                AHBPrescTable
 .rodata.APBPrescTable
                0x08007f94        0x8 ./Drivers/CMSIS/system_stm32f1xx.o
                0x08007f94                APBPrescTable
 .rodata.aPLLMULFactorTable.1
                0x08007f9c       0x10 ./Drivers/STM32F1xx_HAL_Driver/stm32f1xx_hal_rcc.o
 .rodata.aPredivFactorTable.0
                0x08007fac        0x2 ./Drivers/STM32F1xx_HAL_Driver/stm32f1xx_hal_rcc.o
 .rodata._svfprintf_r.str1.1
                0x08007fae       0x33 C:/STM32cubeIDE/install/STM32CubeIDE_1.19.0/STM32CubeIDE/plugins/com.st.stm32cube.ide.mcu.externaltools.gnu-tools-for-stm32.13.3.rel1.win32_1.0.0.202411081344/tools/bin/../lib/gcc/arm-none-eabi/13.3.1/../../../../arm-none-eabi/lib/thumb/v7-m/nofp\libc_nano.a(libc_a-nano-svfprintf.o)
                                 0x11 (size before relaxing)
 .rodata._printf_i.str1.1
                0x08007fe1       0x22 C:/STM32cubeIDE/install/STM32CubeIDE_1.19.0/STM32CubeIDE/plugins/com.st.stm32cube.ide.mcu.externaltools.gnu-tools-for-stm32.13.3.rel1.win32_1.0.0.202411081344/tools/bin/../lib/gcc/arm-none-eabi/13.3.1/../../../../arm-none-eabi/lib/thumb/v7-m/nofp\libc_nano.a(libc_a-nano-vfprintf_i.o)
                0x08008004                        . = ALIGN (0x4)
 *fill*         0x08007fe1        0x3 

.ARM.extab      0x08007fe4        0x0
                0x08007fe4                        . = ALIGN (0x4)
 *(.ARM.extab* .gnu.linkonce.armextab.*)
                0x08007fe4                        . = ALIGN (0x4)

.ARM            0x08007fe4        0x8
                0x08007fe4                        . = ALIGN (0x4)
                0x08007fe4                        __exidx_start = .
 *(.ARM.exidx*)
 .ARM.exidx     0x08007fe4        0x8 C:/STM32cubeIDE/install/STM32CubeIDE_1.19.0/STM32CubeIDE/plugins/com.st.stm32cube.ide.mcu.externaltools.gnu-tools-for-stm32.13.3.rel1.win32_1.0.0.202411081344/tools/bin/../lib/gcc/arm-none-eabi/13.3.1/../../../../arm-none-eabi/lib/thumb/v7-m/nofp\libc_nano.a(libc_a-strlen.o)
                0x08007fec                        __exidx_end = .
                0x08007fec                        . = ALIGN (0x4)

.preinit_array  0x08007fec        0x0
                0x08007fec                        . = ALIGN (0x4)
                0x08007fec                        PROVIDE (__preinit_array_start = .)
 *(.preinit_array*)
                0x08007fec                        PROVIDE (__preinit_array_end = .)
                0x08007fec                        . = ALIGN (0x4)

.init_array     0x08007fec        0x4
                0x08007fec                        . = ALIGN (0x4)
                0x08007fec                        PROVIDE (__init_array_start = .)
 *(SORT_BY_NAME(.init_array.*))
 *(.init_array*)
 .init_array    0x08007fec        0x4 C:/STM32cubeIDE/install/STM32CubeIDE_1.19.0/STM32CubeIDE/plugins/com.st.stm32cube.ide.mcu.externaltools.gnu-tools-for-stm32.13.3.rel1.win32_1.0.0.202411081344/tools/bin/../lib/gcc/arm-none-eabi/13.3.1/thumb/v7-m/nofp/crtbegin.o
                0x08007ff0                        PROVIDE (__init_array_end = .)
                0x08007ff0                        . = ALIGN (0x4)

.fini_array     0x08007ff0        0x4
                0x08007ff0                        . = ALIGN (0x4)
                [!provide]                        PROVIDE (__fini_array_start = .)
 *(SORT_BY_NAME(.fini_array.*))
 *(.fini_array*)
 .fini_array    0x08007ff0        0x4 C:/STM32cubeIDE/install/STM32CubeIDE_1.19.0/STM32CubeIDE/plugins/com.st.stm32cube.ide.mcu.externaltools.gnu-tools-for-stm32.13.3.rel1.win32_1.0.0.202411081344/tools/bin/../lib/gcc/arm-none-eabi/13.3.1/thumb/v7-m/nofp/crtbegin.o
                [!provide]                        PROVIDE (__fini_array_end = .)
                0x08007ff4                        . = ALIGN (0x4)
                0x08007ff4                        _sidata = LOADADDR (.data)

.rel.dyn        0x08007ff4        0x0
 .rel.iplt      0x08007ff4        0x0 C:/STM32cubeIDE/install/STM32CubeIDE_1.19.0/STM32CubeIDE/plugins/com.st.stm32cube.ide.mcu.externaltools.gnu-tools-for-stm32.13.3.rel1.win32_1.0.0.202411081344/tools/bin/../lib/gcc/arm-none-eabi/13.3.1/thumb/v7-m/nofp/crtbegin.o

.data           0x20000000       0x60 load address 0x08007ff4
                0x20000000                        . = ALIGN (0x4)
                0x20000000                        _sdata = .
 *(.data)
 *(.data*)
 .data.SystemCoreClock
                0x20000000        0x4 ./Drivers/CMSIS/system_stm32f1xx.o
                0x20000000                SystemCoreClock
 .data.uwTickPrio
                0x20000004        0x4 ./Drivers/STM32F1xx_HAL_Driver/stm32f1xx_hal.o
                0x20000004                uwTickPrio
 .data.uwTickFreq
                0x20000008        0x1 ./Drivers/STM32F1xx_HAL_Driver/stm32f1xx_hal.o
                0x20000008                uwTickFreq
 *fill*         0x20000009        0x3 
 .data.uxCriticalNesting
                0x2000000c        0x4 ./Middlewares/FreeRTOS/port.o
 .data._impure_ptr
                0x20000010        0x4 C:/STM32cubeIDE/install/STM32CubeIDE_1.19.0/STM32CubeIDE/plugins/com.st.stm32cube.ide.mcu.externaltools.gnu-tools-for-stm32.13.3.rel1.win32_1.0.0.202411081344/tools/bin/../lib/gcc/arm-none-eabi/13.3.1/../../../../arm-none-eabi/lib/thumb/v7-m/nofp\libc_nano.a(libc_a-impure.o)
                0x20000010                _impure_ptr
 .data._impure_data
                0x20000014       0x4c C:/STM32cubeIDE/install/STM32CubeIDE_1.19.0/STM32CubeIDE/plugins/com.st.stm32cube.ide.mcu.externaltools.gnu-tools-for-stm32.13.3.rel1.win32_1.0.0.202411081344/tools/bin/../lib/gcc/arm-none-eabi/13.3.1/../../../../arm-none-eabi/lib/thumb/v7-m/nofp\libc_nano.a(libc_a-impure.o)
                0x20000014                _impure_data
 *(.RamFunc)
 *(.RamFunc*)
                0x20000060                        . = ALIGN (0x4)
                0x20000060                        _edata = .

.igot.plt       0x20000060        0x0 load address 0x08008054
 .igot.plt      0x20000060        0x0 C:/STM32cubeIDE/install/STM32CubeIDE_1.19.0/STM32CubeIDE/plugins/com.st.stm32cube.ide.mcu.externaltools.gnu-tools-for-stm32.13.3.rel1.win32_1.0.0.202411081344/tools/bin/../lib/gcc/arm-none-eabi/13.3.1/thumb/v7-m/nofp/crtbegin.o
                0x20000060                        . = ALIGN (0x4)

.bss            0x20000060     0x2ee4 load address 0x08008054
                0x20000060                        _sbss = .
                0x20000060                        __bss_start__ = _sbss
 *(.bss)
 .bss           0x20000060       0x1c C:/STM32cubeIDE/install/STM32CubeIDE_1.19.0/STM32CubeIDE/plugins/com.st.stm32cube.ide.mcu.externaltools.gnu-tools-for-stm32.13.3.rel1.win32_1.0.0.202411081344/tools/bin/../lib/gcc/arm-none-eabi/13.3.1/thumb/v7-m/nofp/crtbegin.o
 *(.bss*)
 .bss.tx_buf    0x2000007c       0x32 ./Application/User/Core/freertos.o
                0x2000007c                tx_buf
 *fill*         0x200000ae        0x2 
 .bss.MotorControlTasHandle
                0x200000b0        0x4 ./Application/User/Core/freertos.o
                0x200000b0                MotorControlTasHandle
 .bss.MotorControlTasBuffer
                0x200000b4      0x400 ./Application/User/Core/freertos.o
                0x200000b4                MotorControlTasBuffer
 .bss.MotorControlTasControlBlock
                0x200004b4       0xa8 ./Application/User/Core/freertos.o
                0x200004b4                MotorControlTasControlBlock
 .bss.HeartbeatTaskHandle
                0x2000055c        0x4 ./Application/User/Core/freertos.o
                0x2000055c                HeartbeatTaskHandle
 .bss.HeartbeatTaskBuffer
                0x20000560      0x200 ./Application/User/Core/freertos.o
                0x20000560                HeartbeatTaskBuffer
 .bss.HeartbeatTaskControlBlock
                0x20000760       0xa8 ./Application/User/Core/freertos.o
                0x20000760                HeartbeatTaskControlBlock
 .bss.SpeedMeasureTasHandle
                0x20000808        0x4 ./Application/User/Core/freertos.o
                0x20000808                SpeedMeasureTasHandle
 .bss.SpeedMeasureTasBuffer
                0x2000080c      0x200 ./Application/User/Core/freertos.o
                0x2000080c                SpeedMeasureTasBuffer
 .bss.SpeedMeasureTasControlBlock
                0x20000a0c       0xa8 ./Application/User/Core/freertos.o
                0x20000a0c                SpeedMeasureTasControlBlock
 .bss.SerialLogTaskHandle
                0x20000ab4        0x4 ./Application/User/Core/freertos.o
                0x20000ab4                SerialLogTaskHandle
 .bss.SerialLogTaskBuffer
                0x20000ab8      0x600 ./Application/User/Core/freertos.o
                0x20000ab8                SerialLogTaskBuffer
 .bss.SerialLogTaskControlBlock
                0x200010b8       0xa8 ./Application/User/Core/freertos.o
                0x200010b8                SerialLogTaskControlBlock
 .bss.CommandQueueHandle
                0x20001160        0x4 ./Application/User/Core/freertos.o
                0x20001160                CommandQueueHandle
 .bss.last_cnt.0
                0x20001164        0x2 ./Application/User/Core/freertos.o
 *fill*         0x20001166        0x2 
 .bss.motor1    0x20001168       0x28 ./Application/User/Core/main.o
                0x20001168                motor1
 .bss.current_speed
                0x20001190        0x2 ./Application/User/Core/main.o
                0x20001190                current_speed
 .bss.uart2_rx_data
                0x20001192        0x1 ./Application/User/Core/main.o
                0x20001192                uart2_rx_data
 *fill*         0x20001193        0x1 
 .bss.uart2_tx_buf
                0x20001194       0x40 ./Application/User/Core/main.o
                0x20001194                uart2_tx_buf
 .bss.uart2_tx_busy
                0x200011d4        0x1 ./Application/User/Core/main.o
                0x200011d4                uart2_tx_busy
 .bss.motor_enable_flag
                0x200011d5        0x1 ./Application/User/Core/main.o
                0x200011d5                motor_enable_flag
 *fill*         0x200011d6        0x2 
 .bss.htim4     0x200011d8       0x48 ./Application/User/Core/stm32f1xx_hal_timebase_tim.o
                0x200011d8                htim4
 .bss.__sbrk_heap_end
                0x20001220        0x4 ./Application/User/Core/sysmem.o
 .bss.htim2     0x20001224       0x48 ./Application/User/Core/tim.o
                0x20001224                htim2
 .bss.htim3     0x2000126c       0x48 ./Application/User/Core/tim.o
                0x2000126c                htim3
 .bss.huart1    0x200012b4       0x48 ./Application/User/Core/usart.o
                0x200012b4                huart1
 .bss.huart2    0x200012fc       0x48 ./Application/User/Core/usart.o
                0x200012fc                huart2
 .bss.hdma_usart1_tx
                0x20001344       0x44 ./Application/User/Core/usart.o
                0x20001344                hdma_usart1_tx
 .bss.hdma_usart2_tx
                0x20001388       0x44 ./Application/User/Core/usart.o
                0x20001388                hdma_usart2_tx
 .bss.hdma_usart2_rx
                0x200013cc       0x44 ./Application/User/Core/usart.o
                0x200013cc                hdma_usart2_rx
 .bss.uwTick    0x20001410        0x4 ./Drivers/STM32F1xx_HAL_Driver/stm32f1xx_hal.o
                0x20001410                uwTick
 .bss.KernelState
                0x20001414        0x4 ./Middlewares/FreeRTOS/cmsis_os2.o
 .bss.Idle_TCB.3
                0x20001418       0xa8 ./Middlewares/FreeRTOS/cmsis_os2.o
 .bss.Idle_Stack.2
                0x200014c0      0x200 ./Middlewares/FreeRTOS/cmsis_os2.o
 .bss.Timer_TCB.1
                0x200016c0       0xa8 ./Middlewares/FreeRTOS/cmsis_os2.o
 .bss.Timer_Stack.0
                0x20001768      0x400 ./Middlewares/FreeRTOS/cmsis_os2.o
 .bss.ucHeap    0x20001b68      0xc00 ./Middlewares/FreeRTOS/heap_4.o
 .bss.xStart    0x20002768        0x8 ./Middlewares/FreeRTOS/heap_4.o
 .bss.pxEnd     0x20002770        0x4 ./Middlewares/FreeRTOS/heap_4.o
 .bss.xFreeBytesRemaining
                0x20002774        0x4 ./Middlewares/FreeRTOS/heap_4.o
 .bss.xMinimumEverFreeBytesRemaining
                0x20002778        0x4 ./Middlewares/FreeRTOS/heap_4.o
 .bss.xNumberOfSuccessfulAllocations
                0x2000277c        0x4 ./Middlewares/FreeRTOS/heap_4.o
 .bss.xNumberOfSuccessfulFrees
                0x20002780        0x4 ./Middlewares/FreeRTOS/heap_4.o
 .bss.xBlockAllocatedBit
                0x20002784        0x4 ./Middlewares/FreeRTOS/heap_4.o
 .bss.ucMaxSysCallPriority
                0x20002788        0x1 ./Middlewares/FreeRTOS/port.o
 *fill*         0x20002789        0x3 
 .bss.ulMaxPRIGROUPValue
                0x2000278c        0x4 ./Middlewares/FreeRTOS/port.o
 .bss.xQueueRegistry
                0x20002790       0x40 ./Middlewares/FreeRTOS/queue.o
                0x20002790                xQueueRegistry
 .bss.pxCurrentTCB
                0x200027d0        0x4 ./Middlewares/FreeRTOS/tasks.o
                0x200027d0                pxCurrentTCB
 .bss.pxReadyTasksLists
                0x200027d4      0x460 ./Middlewares/FreeRTOS/tasks.o
 .bss.xDelayedTaskList1
                0x20002c34       0x14 ./Middlewares/FreeRTOS/tasks.o
 .bss.xDelayedTaskList2
                0x20002c48       0x14 ./Middlewares/FreeRTOS/tasks.o
 .bss.pxDelayedTaskList
                0x20002c5c        0x4 ./Middlewares/FreeRTOS/tasks.o
 .bss.pxOverflowDelayedTaskList
                0x20002c60        0x4 ./Middlewares/FreeRTOS/tasks.o
 .bss.xPendingReadyList
                0x20002c64       0x14 ./Middlewares/FreeRTOS/tasks.o
 .bss.xTasksWaitingTermination
                0x20002c78       0x14 ./Middlewares/FreeRTOS/tasks.o
 .bss.uxDeletedTasksWaitingCleanUp
                0x20002c8c        0x4 ./Middlewares/FreeRTOS/tasks.o
 .bss.xSuspendedTaskList
                0x20002c90       0x14 ./Middlewares/FreeRTOS/tasks.o
 .bss.uxCurrentNumberOfTasks
                0x20002ca4        0x4 ./Middlewares/FreeRTOS/tasks.o
 .bss.xTickCount
                0x20002ca8        0x4 ./Middlewares/FreeRTOS/tasks.o
 .bss.uxTopReadyPriority
                0x20002cac        0x4 ./Middlewares/FreeRTOS/tasks.o
 .bss.xSchedulerRunning
                0x20002cb0        0x4 ./Middlewares/FreeRTOS/tasks.o
 .bss.xPendedTicks
                0x20002cb4        0x4 ./Middlewares/FreeRTOS/tasks.o
 .bss.xYieldPending
                0x20002cb8        0x4 ./Middlewares/FreeRTOS/tasks.o
 .bss.xNumOfOverflows
                0x20002cbc        0x4 ./Middlewares/FreeRTOS/tasks.o
 .bss.uxTaskNumber
                0x20002cc0        0x4 ./Middlewares/FreeRTOS/tasks.o
 .bss.xNextTaskUnblockTime
                0x20002cc4        0x4 ./Middlewares/FreeRTOS/tasks.o
 .bss.xIdleTaskHandle
                0x20002cc8        0x4 ./Middlewares/FreeRTOS/tasks.o
 .bss.uxSchedulerSuspended
                0x20002ccc        0x4 ./Middlewares/FreeRTOS/tasks.o
 .bss.xActiveTimerList1
                0x20002cd0       0x14 ./Middlewares/FreeRTOS/timers.o
 .bss.xActiveTimerList2
                0x20002ce4       0x14 ./Middlewares/FreeRTOS/timers.o
 .bss.pxCurrentTimerList
                0x20002cf8        0x4 ./Middlewares/FreeRTOS/timers.o
 .bss.pxOverflowTimerList
                0x20002cfc        0x4 ./Middlewares/FreeRTOS/timers.o
 .bss.xTimerQueue
                0x20002d00        0x4 ./Middlewares/FreeRTOS/timers.o
 .bss.xTimerTaskHandle
                0x20002d04        0x4 ./Middlewares/FreeRTOS/timers.o
 .bss.xLastTime.2
                0x20002d08        0x4 ./Middlewares/FreeRTOS/timers.o
 .bss.ucStaticTimerQueueStorage.1
                0x20002d0c       0xa0 ./Middlewares/FreeRTOS/timers.o
 .bss.xStaticTimerQueue.0
                0x20002dac       0x50 ./Middlewares/FreeRTOS/timers.o
 .bss.__sf      0x20002dfc      0x138 C:/STM32cubeIDE/install/STM32CubeIDE_1.19.0/STM32CubeIDE/plugins/com.st.stm32cube.ide.mcu.externaltools.gnu-tools-for-stm32.13.3.rel1.win32_1.0.0.202411081344/tools/bin/../lib/gcc/arm-none-eabi/13.3.1/../../../../arm-none-eabi/lib/thumb/v7-m/nofp\libc_nano.a(libc_a-findfp.o)
                0x20002dfc                __sf
 .bss.errno     0x20002f34        0x4 C:/STM32cubeIDE/install/STM32CubeIDE_1.19.0/STM32CubeIDE/plugins/com.st.stm32cube.ide.mcu.externaltools.gnu-tools-for-stm32.13.3.rel1.win32_1.0.0.202411081344/tools/bin/../lib/gcc/arm-none-eabi/13.3.1/../../../../arm-none-eabi/lib/thumb/v7-m/nofp\libc_nano.a(libc_a-reent.o)
                0x20002f34                errno
 .bss.__lock___malloc_recursive_mutex
                0x20002f38        0x1 C:/STM32cubeIDE/install/STM32CubeIDE_1.19.0/STM32CubeIDE/plugins/com.st.stm32cube.ide.mcu.externaltools.gnu-tools-for-stm32.13.3.rel1.win32_1.0.0.202411081344/tools/bin/../lib/gcc/arm-none-eabi/13.3.1/../../../../arm-none-eabi/lib/thumb/v7-m/nofp\libc_nano.a(libc_a-lock.o)
                0x20002f38                __lock___malloc_recursive_mutex
 *fill*         0x20002f39        0x3 
 .bss.__malloc_sbrk_start
                0x20002f3c        0x4 C:/STM32cubeIDE/install/STM32CubeIDE_1.19.0/STM32CubeIDE/plugins/com.st.stm32cube.ide.mcu.externaltools.gnu-tools-for-stm32.13.3.rel1.win32_1.0.0.202411081344/tools/bin/../lib/gcc/arm-none-eabi/13.3.1/../../../../arm-none-eabi/lib/thumb/v7-m/nofp\libc_nano.a(libc_a-mallocr.o)
                0x20002f3c                __malloc_sbrk_start
 .bss.__malloc_free_list
                0x20002f40        0x4 C:/STM32cubeIDE/install/STM32CubeIDE_1.19.0/STM32CubeIDE/plugins/com.st.stm32cube.ide.mcu.externaltools.gnu-tools-for-stm32.13.3.rel1.win32_1.0.0.202411081344/tools/bin/../lib/gcc/arm-none-eabi/13.3.1/../../../../arm-none-eabi/lib/thumb/v7-m/nofp\libc_nano.a(libc_a-mallocr.o)
                0x20002f40                __malloc_free_list
 *(COMMON)
                0x20002f44                        . = ALIGN (0x4)
                0x20002f44                        _ebss = .
                0x20002f44                        __bss_end__ = _ebss

._user_heap_stack
                0x20002f44      0x604 load address 0x08008054
                0x20002f48                        . = ALIGN (0x8)
 *fill*         0x20002f44        0x4 
                [!provide]                        PROVIDE (end = .)
                0x20002f48                        PROVIDE (_end = .)
                0x20003148                        . = (. + _Min_Heap_Size)
 *fill*         0x20002f48      0x200 
                0x20003548                        . = (. + _Min_Stack_Size)
 *fill*         0x20003148      0x400 
                0x20003548                        . = ALIGN (0x8)

/DISCARD/
 libc.a(*)
 libm.a(*)
 libgcc.a(*)

.ARM.attributes
                0x00000000       0x29
 *(.ARM.attributes)
 .ARM.attributes
                0x00000000       0x1d C:/STM32cubeIDE/install/STM32CubeIDE_1.19.0/STM32CubeIDE/plugins/com.st.stm32cube.ide.mcu.externaltools.gnu-tools-for-stm32.13.3.rel1.win32_1.0.0.202411081344/tools/bin/../lib/gcc/arm-none-eabi/13.3.1/thumb/v7-m/nofp/crti.o
 .ARM.attributes
                0x0000001d       0x2d C:/STM32cubeIDE/install/STM32CubeIDE_1.19.0/STM32CubeIDE/plugins/com.st.stm32cube.ide.mcu.externaltools.gnu-tools-for-stm32.13.3.rel1.win32_1.0.0.202411081344/tools/bin/../lib/gcc/arm-none-eabi/13.3.1/thumb/v7-m/nofp/crtbegin.o
 .ARM.attributes
                0x0000004a       0x2d ./Application/User/Core/dma.o
 .ARM.attributes
                0x00000077       0x2d ./Application/User/Core/freertos.o
 .ARM.attributes
                0x000000a4       0x2d ./Application/User/Core/gpio.o
 .ARM.attributes
                0x000000d1       0x2d ./Application/User/Core/main.o
 .ARM.attributes
                0x000000fe       0x2d ./Application/User/Core/motor.o
 .ARM.attributes
                0x0000012b       0x2d ./Application/User/Core/stm32f1xx_hal_msp.o
 .ARM.attributes
                0x00000158       0x2d ./Application/User/Core/stm32f1xx_hal_timebase_tim.o
 .ARM.attributes
                0x00000185       0x2d ./Application/User/Core/stm32f1xx_it.o
 .ARM.attributes
                0x000001b2       0x2d ./Application/User/Core/sysmem.o
 .ARM.attributes
                0x000001df       0x2d ./Application/User/Core/tim.o
 .ARM.attributes
                0x0000020c       0x2d ./Application/User/Core/usart.o
 .ARM.attributes
                0x00000239       0x21 ./Application/User/Startup/startup_stm32f103c8tx.o
 .ARM.attributes
                0x0000025a       0x2d ./Drivers/CMSIS/system_stm32f1xx.o
 .ARM.attributes
                0x00000287       0x2d ./Drivers/STM32F1xx_HAL_Driver/stm32f1xx_hal.o
 .ARM.attributes
                0x000002b4       0x2d ./Drivers/STM32F1xx_HAL_Driver/stm32f1xx_hal_cortex.o
 .ARM.attributes
                0x000002e1       0x2d ./Drivers/STM32F1xx_HAL_Driver/stm32f1xx_hal_dma.o
 .ARM.attributes
                0x0000030e       0x2d ./Drivers/STM32F1xx_HAL_Driver/stm32f1xx_hal_gpio.o
 .ARM.attributes
                0x0000033b       0x2d ./Drivers/STM32F1xx_HAL_Driver/stm32f1xx_hal_rcc.o
 .ARM.attributes
                0x00000368       0x2d ./Drivers/STM32F1xx_HAL_Driver/stm32f1xx_hal_tim.o
 .ARM.attributes
                0x00000395       0x2d ./Drivers/STM32F1xx_HAL_Driver/stm32f1xx_hal_tim_ex.o
 .ARM.attributes
                0x000003c2       0x2d ./Drivers/STM32F1xx_HAL_Driver/stm32f1xx_hal_uart.o
 .ARM.attributes
                0x000003ef       0x2d ./Middlewares/FreeRTOS/cmsis_os2.o
 .ARM.attributes
                0x0000041c       0x2d ./Middlewares/FreeRTOS/heap_4.o
 .ARM.attributes
                0x00000449       0x2d ./Middlewares/FreeRTOS/list.o
 .ARM.attributes
                0x00000476       0x2d ./Middlewares/FreeRTOS/port.o
 .ARM.attributes
                0x000004a3       0x2d ./Middlewares/FreeRTOS/queue.o
 .ARM.attributes
                0x000004d0       0x2d ./Middlewares/FreeRTOS/tasks.o
 .ARM.attributes
                0x000004fd       0x2d ./Middlewares/FreeRTOS/timers.o
 .ARM.attributes
                0x0000052a       0x2d C:/STM32cubeIDE/install/STM32CubeIDE_1.19.0/STM32CubeIDE/plugins/com.st.stm32cube.ide.mcu.externaltools.gnu-tools-for-stm32.13.3.rel1.win32_1.0.0.202411081344/tools/bin/../lib/gcc/arm-none-eabi/13.3.1/../../../../arm-none-eabi/lib/thumb/v7-m/nofp\libc_nano.a(libc_a-findfp.o)
 .ARM.attributes
                0x00000557       0x2d C:/STM32cubeIDE/install/STM32CubeIDE_1.19.0/STM32CubeIDE/plugins/com.st.stm32cube.ide.mcu.externaltools.gnu-tools-for-stm32.13.3.rel1.win32_1.0.0.202411081344/tools/bin/../lib/gcc/arm-none-eabi/13.3.1/../../../../arm-none-eabi/lib/thumb/v7-m/nofp\libc_nano.a(libc_a-sprintf.o)
 .ARM.attributes
                0x00000584       0x2d C:/STM32cubeIDE/install/STM32CubeIDE_1.19.0/STM32CubeIDE/plugins/com.st.stm32cube.ide.mcu.externaltools.gnu-tools-for-stm32.13.3.rel1.win32_1.0.0.202411081344/tools/bin/../lib/gcc/arm-none-eabi/13.3.1/../../../../arm-none-eabi/lib/thumb/v7-m/nofp\libc_nano.a(libc_a-memset.o)
 .ARM.attributes
                0x000005b1       0x2d C:/STM32cubeIDE/install/STM32CubeIDE_1.19.0/STM32CubeIDE/plugins/com.st.stm32cube.ide.mcu.externaltools.gnu-tools-for-stm32.13.3.rel1.win32_1.0.0.202411081344/tools/bin/../lib/gcc/arm-none-eabi/13.3.1/../../../../arm-none-eabi/lib/thumb/v7-m/nofp\libc_nano.a(libc_a-reent.o)
 .ARM.attributes
                0x000005de       0x2d C:/STM32cubeIDE/install/STM32CubeIDE_1.19.0/STM32CubeIDE/plugins/com.st.stm32cube.ide.mcu.externaltools.gnu-tools-for-stm32.13.3.rel1.win32_1.0.0.202411081344/tools/bin/../lib/gcc/arm-none-eabi/13.3.1/../../../../arm-none-eabi/lib/thumb/v7-m/nofp\libc_nano.a(libc_a-impure.o)
 .ARM.attributes
                0x0000060b       0x2d C:/STM32cubeIDE/install/STM32CubeIDE_1.19.0/STM32CubeIDE/plugins/com.st.stm32cube.ide.mcu.externaltools.gnu-tools-for-stm32.13.3.rel1.win32_1.0.0.202411081344/tools/bin/../lib/gcc/arm-none-eabi/13.3.1/../../../../arm-none-eabi/lib/thumb/v7-m/nofp\libc_nano.a(libc_a-errno.o)
 .ARM.attributes
                0x00000638       0x2d C:/STM32cubeIDE/install/STM32CubeIDE_1.19.0/STM32CubeIDE/plugins/com.st.stm32cube.ide.mcu.externaltools.gnu-tools-for-stm32.13.3.rel1.win32_1.0.0.202411081344/tools/bin/../lib/gcc/arm-none-eabi/13.3.1/../../../../arm-none-eabi/lib/thumb/v7-m/nofp\libc_nano.a(libc_a-init.o)
 .ARM.attributes
                0x00000665       0x2d C:/STM32cubeIDE/install/STM32CubeIDE_1.19.0/STM32CubeIDE/plugins/com.st.stm32cube.ide.mcu.externaltools.gnu-tools-for-stm32.13.3.rel1.win32_1.0.0.202411081344/tools/bin/../lib/gcc/arm-none-eabi/13.3.1/../../../../arm-none-eabi/lib/thumb/v7-m/nofp\libc_nano.a(libc_a-lock.o)
 .ARM.attributes
                0x00000692       0x2d C:/STM32cubeIDE/install/STM32CubeIDE_1.19.0/STM32CubeIDE/plugins/com.st.stm32cube.ide.mcu.externaltools.gnu-tools-for-stm32.13.3.rel1.win32_1.0.0.202411081344/tools/bin/../lib/gcc/arm-none-eabi/13.3.1/../../../../arm-none-eabi/lib/thumb/v7-m/nofp\libc_nano.a(libc_a-memcpy-stub.o)
 .ARM.attributes
                0x000006bf       0x17 C:/STM32cubeIDE/install/STM32CubeIDE_1.19.0/STM32CubeIDE/plugins/com.st.stm32cube.ide.mcu.externaltools.gnu-tools-for-stm32.13.3.rel1.win32_1.0.0.202411081344/tools/bin/../lib/gcc/arm-none-eabi/13.3.1/../../../../arm-none-eabi/lib/thumb/v7-m/nofp\libc_nano.a(libc_a-strlen.o)
 .ARM.attributes
                0x000006d6       0x2d C:/STM32cubeIDE/install/STM32CubeIDE_1.19.0/STM32CubeIDE/plugins/com.st.stm32cube.ide.mcu.externaltools.gnu-tools-for-stm32.13.3.rel1.win32_1.0.0.202411081344/tools/bin/../lib/gcc/arm-none-eabi/13.3.1/../../../../arm-none-eabi/lib/thumb/v7-m/nofp\libc_nano.a(libc_a-freer.o)
 .ARM.attributes
                0x00000703       0x2d C:/STM32cubeIDE/install/STM32CubeIDE_1.19.0/STM32CubeIDE/plugins/com.st.stm32cube.ide.mcu.externaltools.gnu-tools-for-stm32.13.3.rel1.win32_1.0.0.202411081344/tools/bin/../lib/gcc/arm-none-eabi/13.3.1/../../../../arm-none-eabi/lib/thumb/v7-m/nofp\libc_nano.a(libc_a-mallocr.o)
 .ARM.attributes
                0x00000730       0x2d C:/STM32cubeIDE/install/STM32CubeIDE_1.19.0/STM32CubeIDE/plugins/com.st.stm32cube.ide.mcu.externaltools.gnu-tools-for-stm32.13.3.rel1.win32_1.0.0.202411081344/tools/bin/../lib/gcc/arm-none-eabi/13.3.1/../../../../arm-none-eabi/lib/thumb/v7-m/nofp\libc_nano.a(libc_a-mlock.o)
 .ARM.attributes
                0x0000075d       0x2d C:/STM32cubeIDE/install/STM32CubeIDE_1.19.0/STM32CubeIDE/plugins/com.st.stm32cube.ide.mcu.externaltools.gnu-tools-for-stm32.13.3.rel1.win32_1.0.0.202411081344/tools/bin/../lib/gcc/arm-none-eabi/13.3.1/../../../../arm-none-eabi/lib/thumb/v7-m/nofp\libc_nano.a(libc_a-nano-svfprintf.o)
 .ARM.attributes
                0x0000078a       0x2d C:/STM32cubeIDE/install/STM32CubeIDE_1.19.0/STM32CubeIDE/plugins/com.st.stm32cube.ide.mcu.externaltools.gnu-tools-for-stm32.13.3.rel1.win32_1.0.0.202411081344/tools/bin/../lib/gcc/arm-none-eabi/13.3.1/../../../../arm-none-eabi/lib/thumb/v7-m/nofp\libc_nano.a(libc_a-nano-vfprintf_i.o)
 .ARM.attributes
                0x000007b7       0x2d C:/STM32cubeIDE/install/STM32CubeIDE_1.19.0/STM32CubeIDE/plugins/com.st.stm32cube.ide.mcu.externaltools.gnu-tools-for-stm32.13.3.rel1.win32_1.0.0.202411081344/tools/bin/../lib/gcc/arm-none-eabi/13.3.1/../../../../arm-none-eabi/lib/thumb/v7-m/nofp\libc_nano.a(libc_a-memmove.o)
 .ARM.attributes
                0x000007e4       0x2d C:/STM32cubeIDE/install/STM32CubeIDE_1.19.0/STM32CubeIDE/plugins/com.st.stm32cube.ide.mcu.externaltools.gnu-tools-for-stm32.13.3.rel1.win32_1.0.0.202411081344/tools/bin/../lib/gcc/arm-none-eabi/13.3.1/../../../../arm-none-eabi/lib/thumb/v7-m/nofp\libc_nano.a(libc_a-sbrkr.o)
 .ARM.attributes
                0x00000811       0x2d C:/STM32cubeIDE/install/STM32CubeIDE_1.19.0/STM32CubeIDE/plugins/com.st.stm32cube.ide.mcu.externaltools.gnu-tools-for-stm32.13.3.rel1.win32_1.0.0.202411081344/tools/bin/../lib/gcc/arm-none-eabi/13.3.1/../../../../arm-none-eabi/lib/thumb/v7-m/nofp\libc_nano.a(libc_a-memchr-stub.o)
 .ARM.attributes
                0x0000083e       0x2d C:/STM32cubeIDE/install/STM32CubeIDE_1.19.0/STM32CubeIDE/plugins/com.st.stm32cube.ide.mcu.externaltools.gnu-tools-for-stm32.13.3.rel1.win32_1.0.0.202411081344/tools/bin/../lib/gcc/arm-none-eabi/13.3.1/../../../../arm-none-eabi/lib/thumb/v7-m/nofp\libc_nano.a(libc_a-reallocr.o)
 .ARM.attributes
                0x0000086b       0x2d C:/STM32cubeIDE/install/STM32CubeIDE_1.19.0/STM32CubeIDE/plugins/com.st.stm32cube.ide.mcu.externaltools.gnu-tools-for-stm32.13.3.rel1.win32_1.0.0.202411081344/tools/bin/../lib/gcc/arm-none-eabi/13.3.1/../../../../arm-none-eabi/lib/thumb/v7-m/nofp\libc_nano.a(libc_a-msizer.o)
 .ARM.attributes
                0x00000898       0x1d C:/STM32cubeIDE/install/STM32CubeIDE_1.19.0/STM32CubeIDE/plugins/com.st.stm32cube.ide.mcu.externaltools.gnu-tools-for-stm32.13.3.rel1.win32_1.0.0.202411081344/tools/bin/../lib/gcc/arm-none-eabi/13.3.1/thumb/v7-m/nofp/crtn.o
OUTPUT(6_OMF_UartFeedback.elf elf32-littlearm)
LOAD linker stubs
LOAD C:/STM32cubeIDE/install/STM32CubeIDE_1.19.0/STM32CubeIDE/plugins/com.st.stm32cube.ide.mcu.externaltools.gnu-tools-for-stm32.13.3.rel1.win32_1.0.0.202411081344/tools/bin/../lib/gcc/arm-none-eabi/13.3.1/../../../../arm-none-eabi/lib/thumb/v7-m/nofp\libc.a
LOAD C:/STM32cubeIDE/install/STM32CubeIDE_1.19.0/STM32CubeIDE/plugins/com.st.stm32cube.ide.mcu.externaltools.gnu-tools-for-stm32.13.3.rel1.win32_1.0.0.202411081344/tools/bin/../lib/gcc/arm-none-eabi/13.3.1/../../../../arm-none-eabi/lib/thumb/v7-m/nofp\libm.a
LOAD C:/STM32cubeIDE/install/STM32CubeIDE_1.19.0/STM32CubeIDE/plugins/com.st.stm32cube.ide.mcu.externaltools.gnu-tools-for-stm32.13.3.rel1.win32_1.0.0.202411081344/tools/bin/../lib/gcc/arm-none-eabi/13.3.1/thumb/v7-m/nofp\libgcc.a

.debug_info     0x00000000    0x1a46e
 .debug_info    0x00000000      0x2cf ./Application/User/Core/dma.o
 .debug_info    0x000002cf     0x18d1 ./Application/User/Core/freertos.o
 .debug_info    0x00001ba0      0x2d3 ./Application/User/Core/gpio.o
 .debug_info    0x00001e73      0xecb ./Application/User/Core/main.o
 .debug_info    0x00002d3e      0x94e ./Application/User/Core/motor.o
 .debug_info    0x0000368c      0x361 ./Application/User/Core/stm32f1xx_hal_msp.o
 .debug_info    0x000039ed      0x9a8 ./Application/User/Core/stm32f1xx_hal_timebase_tim.o
 .debug_info    0x00004395      0x99a ./Application/User/Core/stm32f1xx_it.o
 .debug_info    0x00004d2f      0x168 ./Application/User/Core/sysmem.o
 .debug_info    0x00004e97      0xb1c ./Application/User/Core/tim.o
 .debug_info    0x000059b3      0x9dd ./Application/User/Core/usart.o
 .debug_info    0x00006390       0x30 ./Application/User/Startup/startup_stm32f103c8tx.o
 .debug_info    0x000063c0      0x222 ./Drivers/CMSIS/system_stm32f1xx.o
 .debug_info    0x000065e2      0x704 ./Drivers/STM32F1xx_HAL_Driver/stm32f1xx_hal.o
 .debug_info    0x00006ce6      0xa87 ./Drivers/STM32F1xx_HAL_Driver/stm32f1xx_hal_cortex.o
 .debug_info    0x0000776d      0x6d2 ./Drivers/STM32F1xx_HAL_Driver/stm32f1xx_hal_dma.o
 .debug_info    0x00007e3f      0x5ab ./Drivers/STM32F1xx_HAL_Driver/stm32f1xx_hal_gpio.o
 .debug_info    0x000083ea      0x7d5 ./Drivers/STM32F1xx_HAL_Driver/stm32f1xx_hal_rcc.o
 .debug_info    0x00008bbf     0x2959 ./Drivers/STM32F1xx_HAL_Driver/stm32f1xx_hal_tim.o
 .debug_info    0x0000b518     0x149b ./Drivers/STM32F1xx_HAL_Driver/stm32f1xx_hal_tim_ex.o
 .debug_info    0x0000c9b3     0x2eed ./Drivers/STM32F1xx_HAL_Driver/stm32f1xx_hal_uart.o
 .debug_info    0x0000f8a0     0x402c ./Middlewares/FreeRTOS/cmsis_os2.o
 .debug_info    0x000138cc      0x4d5 ./Middlewares/FreeRTOS/heap_4.o
 .debug_info    0x00013da1      0x2af ./Middlewares/FreeRTOS/list.o
 .debug_info    0x00014050      0x494 ./Middlewares/FreeRTOS/port.o
 .debug_info    0x000144e4     0x1b79 ./Middlewares/FreeRTOS/queue.o
 .debug_info    0x0001605d     0x28c1 ./Middlewares/FreeRTOS/tasks.o
 .debug_info    0x0001891e     0x1b50 ./Middlewares/FreeRTOS/timers.o

.debug_abbrev   0x00000000     0x3dc6
 .debug_abbrev  0x00000000       0xfc ./Application/User/Core/dma.o
 .debug_abbrev  0x000000fc      0x2ad ./Application/User/Core/freertos.o
 .debug_abbrev  0x000003a9      0x13f ./Application/User/Core/gpio.o
 .debug_abbrev  0x000004e8      0x2cd ./Application/User/Core/main.o
 .debug_abbrev  0x000007b5      0x1a4 ./Application/User/Core/motor.o
 .debug_abbrev  0x00000959      0x11c ./Application/User/Core/stm32f1xx_hal_msp.o
 .debug_abbrev  0x00000a75      0x1f3 ./Application/User/Core/stm32f1xx_hal_timebase_tim.o
 .debug_abbrev  0x00000c68      0x19b ./Application/User/Core/stm32f1xx_it.o
 .debug_abbrev  0x00000e03       0xbc ./Application/User/Core/sysmem.o
 .debug_abbrev  0x00000ebf      0x243 ./Application/User/Core/tim.o
 .debug_abbrev  0x00001102      0x221 ./Application/User/Core/usart.o
 .debug_abbrev  0x00001323       0x24 ./Application/User/Startup/startup_stm32f103c8tx.o
 .debug_abbrev  0x00001347      0x13f ./Drivers/CMSIS/system_stm32f1xx.o
 .debug_abbrev  0x00001486      0x201 ./Drivers/STM32F1xx_HAL_Driver/stm32f1xx_hal.o
 .debug_abbrev  0x00001687      0x2f8 ./Drivers/STM32F1xx_HAL_Driver/stm32f1xx_hal_cortex.o
 .debug_abbrev  0x0000197f      0x20b ./Drivers/STM32F1xx_HAL_Driver/stm32f1xx_hal_dma.o
 .debug_abbrev  0x00001b8a      0x1ca ./Drivers/STM32F1xx_HAL_Driver/stm32f1xx_hal_gpio.o
 .debug_abbrev  0x00001d54      0x2b3 ./Drivers/STM32F1xx_HAL_Driver/stm32f1xx_hal_rcc.o
 .debug_abbrev  0x00002007      0x277 ./Drivers/STM32F1xx_HAL_Driver/stm32f1xx_hal_tim.o
 .debug_abbrev  0x0000227e      0x282 ./Drivers/STM32F1xx_HAL_Driver/stm32f1xx_hal_tim_ex.o
 .debug_abbrev  0x00002500      0x2f8 ./Drivers/STM32F1xx_HAL_Driver/stm32f1xx_hal_uart.o
 .debug_abbrev  0x000027f8      0x548 ./Middlewares/FreeRTOS/cmsis_os2.o
 .debug_abbrev  0x00002d40      0x21d ./Middlewares/FreeRTOS/heap_4.o
 .debug_abbrev  0x00002f5d       0xf5 ./Middlewares/FreeRTOS/list.o
 .debug_abbrev  0x00003052      0x258 ./Middlewares/FreeRTOS/port.o
 .debug_abbrev  0x000032aa      0x3b6 ./Middlewares/FreeRTOS/queue.o
 .debug_abbrev  0x00003660      0x3fe ./Middlewares/FreeRTOS/tasks.o
 .debug_abbrev  0x00003a5e      0x368 ./Middlewares/FreeRTOS/timers.o

.debug_aranges  0x00000000     0x1558
 .debug_aranges
                0x00000000       0x20 ./Application/User/Core/dma.o
 .debug_aranges
                0x00000020       0x40 ./Application/User/Core/freertos.o
 .debug_aranges
                0x00000060       0x20 ./Application/User/Core/gpio.o
 .debug_aranges
                0x00000080       0x50 ./Application/User/Core/main.o
 .debug_aranges
                0x000000d0       0x30 ./Application/User/Core/motor.o
 .debug_aranges
                0x00000100       0x20 ./Application/User/Core/stm32f1xx_hal_msp.o
 .debug_aranges
                0x00000120       0x30 ./Application/User/Core/stm32f1xx_hal_timebase_tim.o
 .debug_aranges
                0x00000150       0x78 ./Application/User/Core/stm32f1xx_it.o
 .debug_aranges
                0x000001c8       0x20 ./Application/User/Core/sysmem.o
 .debug_aranges
                0x000001e8       0x50 ./Application/User/Core/tim.o
 .debug_aranges
                0x00000238       0x38 ./Application/User/Core/usart.o
 .debug_aranges
                0x00000270       0x28 ./Application/User/Startup/startup_stm32f103c8tx.o
 .debug_aranges
                0x00000298       0x28 ./Drivers/CMSIS/system_stm32f1xx.o
 .debug_aranges
                0x000002c0       0xe0 ./Drivers/STM32F1xx_HAL_Driver/stm32f1xx_hal.o
 .debug_aranges
                0x000003a0      0x100 ./Drivers/STM32F1xx_HAL_Driver/stm32f1xx_hal_cortex.o
 .debug_aranges
                0x000004a0       0x80 ./Drivers/STM32F1xx_HAL_Driver/stm32f1xx_hal_dma.o
 .debug_aranges
                0x00000520       0x58 ./Drivers/STM32F1xx_HAL_Driver/stm32f1xx_hal_gpio.o
 .debug_aranges
                0x00000578       0x90 ./Drivers/STM32F1xx_HAL_Driver/stm32f1xx_hal_rcc.o
 .debug_aranges
                0x00000608      0x3d0 ./Drivers/STM32F1xx_HAL_Driver/stm32f1xx_hal_tim.o
 .debug_aranges
                0x000009d8      0x168 ./Drivers/STM32F1xx_HAL_Driver/stm32f1xx_hal_tim_ex.o
 .debug_aranges
                0x00000b40      0x208 ./Drivers/STM32F1xx_HAL_Driver/stm32f1xx_hal_uart.o
 .debug_aranges
                0x00000d48      0x2b0 ./Middlewares/FreeRTOS/cmsis_os2.o
 .debug_aranges
                0x00000ff8       0x58 ./Middlewares/FreeRTOS/heap_4.o
 .debug_aranges
                0x00001050       0x40 ./Middlewares/FreeRTOS/list.o
 .debug_aranges
                0x00001090       0x78 ./Middlewares/FreeRTOS/port.o
 .debug_aranges
                0x00001108      0x158 ./Middlewares/FreeRTOS/queue.o
 .debug_aranges
                0x00001260      0x208 ./Middlewares/FreeRTOS/tasks.o
 .debug_aranges
                0x00001468       0xf0 ./Middlewares/FreeRTOS/timers.o

.debug_rnglists
                0x00000000     0x107c
 .debug_rnglists
                0x00000000       0x13 ./Application/User/Core/dma.o
 .debug_rnglists
                0x00000013       0x2d ./Application/User/Core/freertos.o
 .debug_rnglists
                0x00000040       0x14 ./Application/User/Core/gpio.o
 .debug_rnglists
                0x00000054       0x39 ./Application/User/Core/main.o
 .debug_rnglists
                0x0000008d       0x22 ./Application/User/Core/motor.o
 .debug_rnglists
                0x000000af       0x13 ./Application/User/Core/stm32f1xx_hal_msp.o
 .debug_rnglists
                0x000000c2       0x20 ./Application/User/Core/stm32f1xx_hal_timebase_tim.o
 .debug_rnglists
                0x000000e2       0x55 ./Application/User/Core/stm32f1xx_it.o
 .debug_rnglists
                0x00000137       0x13 ./Application/User/Core/sysmem.o
 .debug_rnglists
                0x0000014a       0x39 ./Application/User/Core/tim.o
 .debug_rnglists
                0x00000183       0x27 ./Application/User/Core/usart.o
 .debug_rnglists
                0x000001aa       0x19 ./Application/User/Startup/startup_stm32f103c8tx.o
 .debug_rnglists
                0x000001c3       0x1a ./Drivers/CMSIS/system_stm32f1xx.o
 .debug_rnglists
                0x000001dd       0xa3 ./Drivers/STM32F1xx_HAL_Driver/stm32f1xx_hal.o
 .debug_rnglists
                0x00000280       0xbb ./Drivers/STM32F1xx_HAL_Driver/stm32f1xx_hal_cortex.o
 .debug_rnglists
                0x0000033b       0x64 ./Drivers/STM32F1xx_HAL_Driver/stm32f1xx_hal_dma.o
 .debug_rnglists
                0x0000039f       0x3f ./Drivers/STM32F1xx_HAL_Driver/stm32f1xx_hal_gpio.o
 .debug_rnglists
                0x000003de       0x6c ./Drivers/STM32F1xx_HAL_Driver/stm32f1xx_hal_rcc.o
 .debug_rnglists
                0x0000044a      0x31a ./Drivers/STM32F1xx_HAL_Driver/stm32f1xx_hal_tim.o
 .debug_rnglists
                0x00000764      0x125 ./Drivers/STM32F1xx_HAL_Driver/stm32f1xx_hal_tim_ex.o
 .debug_rnglists
                0x00000889      0x1bc ./Drivers/STM32F1xx_HAL_Driver/stm32f1xx_hal_uart.o
 .debug_rnglists
                0x00000a45      0x212 ./Middlewares/FreeRTOS/cmsis_os2.o
 .debug_rnglists
                0x00000c57       0x42 ./Middlewares/FreeRTOS/heap_4.o
 .debug_rnglists
                0x00000c99       0x2b ./Middlewares/FreeRTOS/list.o
 .debug_rnglists
                0x00000cc4       0x57 ./Middlewares/FreeRTOS/port.o
 .debug_rnglists
                0x00000d1b      0x109 ./Middlewares/FreeRTOS/queue.o
 .debug_rnglists
                0x00000e24      0x1a0 ./Middlewares/FreeRTOS/tasks.o
 .debug_rnglists
                0x00000fc4       0xb8 ./Middlewares/FreeRTOS/timers.o

.debug_macro    0x00000000    0x1aafd
 .debug_macro   0x00000000      0x1b7 ./Application/User/Core/dma.o
 .debug_macro   0x000001b7      0xacc ./Application/User/Core/dma.o
 .debug_macro   0x00000c83      0x221 ./Application/User/Core/dma.o
 .debug_macro   0x00000ea4       0x2e ./Application/User/Core/dma.o
 .debug_macro   0x00000ed2       0x22 ./Application/User/Core/dma.o
 .debug_macro   0x00000ef4       0x22 ./Application/User/Core/dma.o
 .debug_macro   0x00000f16       0x8e ./Application/User/Core/dma.o
 .debug_macro   0x00000fa4       0x51 ./Application/User/Core/dma.o
 .debug_macro   0x00000ff5      0x103 ./Application/User/Core/dma.o
 .debug_macro   0x000010f8       0x6a ./Application/User/Core/dma.o
 .debug_macro   0x00001162      0x1df ./Application/User/Core/dma.o
 .debug_macro   0x00001341       0x1c ./Application/User/Core/dma.o
 .debug_macro   0x0000135d       0x22 ./Application/User/Core/dma.o
 .debug_macro   0x0000137f       0xbd ./Application/User/Core/dma.o
 .debug_macro   0x0000143c      0xd23 ./Application/User/Core/dma.o
 .debug_macro   0x0000215f     0xe09e ./Application/User/Core/dma.o
 .debug_macro   0x000101fd       0x6d ./Application/User/Core/dma.o
 .debug_macro   0x0001026a     0x34a2 ./Application/User/Core/dma.o
 .debug_macro   0x0001370c      0x190 ./Application/User/Core/dma.o
 .debug_macro   0x0001389c       0x5c ./Application/User/Core/dma.o
 .debug_macro   0x000138f8      0x5bc ./Application/User/Core/dma.o
 .debug_macro   0x00013eb4      0x289 ./Application/User/Core/dma.o
 .debug_macro   0x0001413d      0x1cb ./Application/User/Core/dma.o
 .debug_macro   0x00014308      0x114 ./Application/User/Core/dma.o
 .debug_macro   0x0001441c      0x1b2 ./Application/User/Core/dma.o
 .debug_macro   0x000145ce       0x27 ./Application/User/Core/dma.o
 .debug_macro   0x000145f5      0x136 ./Application/User/Core/dma.o
 .debug_macro   0x0001472b      0x1bc ./Application/User/Core/dma.o
 .debug_macro   0x000148e7       0x34 ./Application/User/Core/dma.o
 .debug_macro   0x0001491b       0x3c ./Application/User/Core/dma.o
 .debug_macro   0x00014957       0x57 ./Application/User/Core/dma.o
 .debug_macro   0x000149ae       0x87 ./Application/User/Core/dma.o
 .debug_macro   0x00014a35      0x240 ./Application/User/Core/dma.o
 .debug_macro   0x00014c75      0x140 ./Application/User/Core/dma.o
 .debug_macro   0x00014db5      0x8ed ./Application/User/Core/dma.o
 .debug_macro   0x000156a2      0x28e ./Application/User/Core/dma.o
 .debug_macro   0x00015930       0x83 ./Application/User/Core/dma.o
 .debug_macro   0x000159b3      0x325 ./Application/User/Core/freertos.o
 .debug_macro   0x00015cd8      0x137 ./Application/User/Core/freertos.o
 .debug_macro   0x00015e0f      0x15a ./Application/User/Core/freertos.o
 .debug_macro   0x00015f69       0xc9 ./Application/User/Core/freertos.o
 .debug_macro   0x00016032       0x1c ./Application/User/Core/freertos.o
 .debug_macro   0x0001604e       0x26 ./Application/User/Core/freertos.o
 .debug_macro   0x00016074       0x61 ./Application/User/Core/freertos.o