C:/Users/86173/Desktop/ProjectRequirement/MCU_Now/Lin_STM32/STM32_F103C8T6/6_DC_Motor/6_OMF_UartFeedback/Core/Src/freertos.c:140:6:MX_FREERTOS_Init	8	static
C:/Users/86173/Desktop/ProjectRequirement/MCU_Now/Lin_STM32/STM32_F103C8T6/6_DC_Motor/6_OMF_UartFeedback/Core/Src/freertos.c:195:6:Start_MotorControl	16	static
C:/Users/86173/Desktop/ProjectRequirement/MCU_Now/Lin_STM32/STM32_F103C8T6/6_DC_Motor/6_OMF_UartFeedback/Core/Src/freertos.c:250:6:Start_Heartbeat	16	static
C:/Users/86173/Desktop/ProjectRequirement/MCU_Now/Lin_STM32/STM32_F103C8T6/6_DC_Motor/6_OMF_UartFeedback/Core/Src/freertos.c:269:6:Start_SpeedMeasure	24	static
C:/Users/86173/Desktop/ProjectRequirement/MCU_Now/Lin_STM32/STM32_F103C8T6/6_DC_Motor/6_OMF_UartFeedback/Core/Src/freertos.c:301:6:Start_SerialLog	32	static
