C:/Users/86173/Desktop/ProjectRequirement/MCU_Now/Lin_STM32/STM32_F103C8T6/6_DC_Motor/6_OMF_UartFeedback/Core/Src/main.c:85:5:main	1
C:/Users/86173/Desktop/ProjectRequirement/MCU_Now/Lin_STM32/STM32_F103C8T6/6_DC_Motor/6_OMF_UartFeedback/Core/Src/main.c:155:6:SystemClock_Config	3
C:/Users/86173/Desktop/ProjectRequirement/MCU_Now/Lin_STM32/STM32_F103C8T6/6_DC_Motor/6_OMF_UartFeedback/Core/Src/main.c:196:6:UART2_Print	3
C:/Users/86173/Desktop/ProjectRequirement/MCU_Now/Lin_STM32/STM32_F103C8T6/6_DC_Motor/6_OMF_UartFeedback/Core/Src/main.c:207:6:HAL_UART_RxCpltCallback	4
C:/Users/86173/Desktop/ProjectRequirement/MCU_Now/Lin_STM32/STM32_F103C8T6/6_DC_Motor/6_OMF_UartFeedback/Core/Src/main.c:229:6:HAL_UART_TxCpltCallback	2
C:/Users/86173/Desktop/ProjectRequirement/MCU_Now/Lin_STM32/STM32_F103C8T6/6_DC_Motor/6_OMF_UartFeedback/Core/Src/main.c:249:6:HAL_TIM_PeriodElapsedCallback	2
C:/Users/86173/Desktop/ProjectRequirement/MCU_Now/Lin_STM32/STM32_F103C8T6/6_DC_Motor/6_OMF_UartFeedback/Core/Src/main.c:267:6:Error_Handler	1
