C:/Users/86173/Desktop/ProjectRequirement/MCU_Now/Lin_STM32/STM32_F103C8T6/6_DC_Motor/6_OMF_UartFeedback/Core/Src/usart.c:35:6:MX_USART1_UART_Init	8	static
C:/Users/86173/Desktop/ProjectRequirement/MCU_Now/Lin_STM32/STM32_F103C8T6/6_DC_Motor/6_OMF_UartFeedback/Core/Src/usart.c:64:6:MX_USART2_UART_Init	8	static
C:/Users/86173/Desktop/ProjectRequirement/MCU_Now/Lin_STM32/STM32_F103C8T6/6_DC_Motor/6_OMF_UartFeedback/Core/Src/usart.c:92:6:HAL_UART_MspInit	48	static
C:/Users/86173/Desktop/ProjectRequirement/MCU_Now/Lin_STM32/STM32_F103C8T6/6_DC_Motor/6_OMF_UartFeedback/Core/Src/usart.c:208:6:HAL_UART_MspDeInit	16	static
